Archive member included to satisfy reference by file (symbol)

c:/st/stm32cubeide_1.6.1/stm32cubeide/plugins/com.st.stm32cube.ide.mcu.externaltools.gnu-tools-for-stm32.9-2020-q2-update.win32_2.0.0.202105311346/tools/bin/../lib/gcc/arm-none-eabi/9.3.1/../../../../arm-none-eabi/lib/thumb/v7e-m+fp/hard\libc_nano.a(lib_a-errno.o)
                              ./Core/Src/syscalls.o (__errno)
c:/st/stm32cubeide_1.6.1/stm32cubeide/plugins/com.st.stm32cube.ide.mcu.externaltools.gnu-tools-for-stm32.9-2020-q2-update.win32_2.0.0.202105311346/tools/bin/../lib/gcc/arm-none-eabi/9.3.1/../../../../arm-none-eabi/lib/thumb/v7e-m+fp/hard\libc_nano.a(lib_a-exit.o)
                              c:/st/stm32cubeide_1.6.1/stm32cubeide/plugins/com.st.stm32cube.ide.mcu.externaltools.gnu-tools-for-stm32.9-2020-q2-update.win32_2.0.0.202105311346/tools/bin/../lib/gcc/arm-none-eabi/9.3.1/../../../../arm-none-eabi/lib/thumb/v7e-m+fp/hard/crt0.o (exit)
c:/st/stm32cubeide_1.6.1/stm32cubeide/plugins/com.st.stm32cube.ide.mcu.externaltools.gnu-tools-for-stm32.9-2020-q2-update.win32_2.0.0.202105311346/tools/bin/../lib/gcc/arm-none-eabi/9.3.1/../../../../arm-none-eabi/lib/thumb/v7e-m+fp/hard\libc_nano.a(lib_a-impure.o)
                              c:/st/stm32cubeide_1.6.1/stm32cubeide/plugins/com.st.stm32cube.ide.mcu.externaltools.gnu-tools-for-stm32.9-2020-q2-update.win32_2.0.0.202105311346/tools/bin/../lib/gcc/arm-none-eabi/9.3.1/../../../../arm-none-eabi/lib/thumb/v7e-m+fp/hard\libc_nano.a(lib_a-exit.o) (_global_impure_ptr)
c:/st/stm32cubeide_1.6.1/stm32cubeide/plugins/com.st.stm32cube.ide.mcu.externaltools.gnu-tools-for-stm32.9-2020-q2-update.win32_2.0.0.202105311346/tools/bin/../lib/gcc/arm-none-eabi/9.3.1/../../../../arm-none-eabi/lib/thumb/v7e-m+fp/hard\libc_nano.a(lib_a-init.o)
                              c:/st/stm32cubeide_1.6.1/stm32cubeide/plugins/com.st.stm32cube.ide.mcu.externaltools.gnu-tools-for-stm32.9-2020-q2-update.win32_2.0.0.202105311346/tools/bin/../lib/gcc/arm-none-eabi/9.3.1/../../../../arm-none-eabi/lib/thumb/v7e-m+fp/hard/crt0.o (__libc_init_array)
c:/st/stm32cubeide_1.6.1/stm32cubeide/plugins/com.st.stm32cube.ide.mcu.externaltools.gnu-tools-for-stm32.9-2020-q2-update.win32_2.0.0.202105311346/tools/bin/../lib/gcc/arm-none-eabi/9.3.1/../../../../arm-none-eabi/lib/thumb/v7e-m+fp/hard\libc_nano.a(lib_a-memcpy-stub.o)
                              ./Core/Src/SX1278.o (memcpy)
c:/st/stm32cubeide_1.6.1/stm32cubeide/plugins/com.st.stm32cube.ide.mcu.externaltools.gnu-tools-for-stm32.9-2020-q2-update.win32_2.0.0.202105311346/tools/bin/../lib/gcc/arm-none-eabi/9.3.1/../../../../arm-none-eabi/lib/thumb/v7e-m+fp/hard\libc_nano.a(lib_a-memset.o)
                              c:/st/stm32cubeide_1.6.1/stm32cubeide/plugins/com.st.stm32cube.ide.mcu.externaltools.gnu-tools-for-stm32.9-2020-q2-update.win32_2.0.0.202105311346/tools/bin/../lib/gcc/arm-none-eabi/9.3.1/../../../../arm-none-eabi/lib/thumb/v7e-m+fp/hard/crt0.o (memset)
c:/st/stm32cubeide_1.6.1/stm32cubeide/plugins/com.st.stm32cube.ide.mcu.externaltools.gnu-tools-for-stm32.9-2020-q2-update.win32_2.0.0.202105311346/tools/bin/../lib/gcc/arm-none-eabi/9.3.1/../../../../arm-none-eabi/lib/thumb/v7e-m+fp/hard\libc_nano.a(lib_a-nano-vfprintf_float.o)
                              (_printf_float)
c:/st/stm32cubeide_1.6.1/stm32cubeide/plugins/com.st.stm32cube.ide.mcu.externaltools.gnu-tools-for-stm32.9-2020-q2-update.win32_2.0.0.202105311346/tools/bin/../lib/gcc/arm-none-eabi/9.3.1/../../../../arm-none-eabi/lib/thumb/v7e-m+fp/hard\libc_nano.a(lib_a-nano-vfprintf_i.o)
                              c:/st/stm32cubeide_1.6.1/stm32cubeide/plugins/com.st.stm32cube.ide.mcu.externaltools.gnu-tools-for-stm32.9-2020-q2-update.win32_2.0.0.202105311346/tools/bin/../lib/gcc/arm-none-eabi/9.3.1/../../../../arm-none-eabi/lib/thumb/v7e-m+fp/hard\libc_nano.a(lib_a-nano-vfprintf_float.o) (_printf_common)
c:/st/stm32cubeide_1.6.1/stm32cubeide/plugins/com.st.stm32cube.ide.mcu.externaltools.gnu-tools-for-stm32.9-2020-q2-update.win32_2.0.0.202105311346/tools/bin/../lib/gcc/arm-none-eabi/9.3.1/../../../../arm-none-eabi/lib/thumb/v7e-m+fp/hard\libc_nano.a(lib_a-printf.o)
                              ./Core/Src/main.o (printf)
c:/st/stm32cubeide_1.6.1/stm32cubeide/plugins/com.st.stm32cube.ide.mcu.externaltools.gnu-tools-for-stm32.9-2020-q2-update.win32_2.0.0.202105311346/tools/bin/../lib/gcc/arm-none-eabi/9.3.1/../../../../arm-none-eabi/lib/thumb/v7e-m+fp/hard\libc_nano.a(lib_a-putchar.o)
                              ./Core/Src/main.o (putchar)
c:/st/stm32cubeide_1.6.1/stm32cubeide/plugins/com.st.stm32cube.ide.mcu.externaltools.gnu-tools-for-stm32.9-2020-q2-update.win32_2.0.0.202105311346/tools/bin/../lib/gcc/arm-none-eabi/9.3.1/../../../../arm-none-eabi/lib/thumb/v7e-m+fp/hard\libc_nano.a(lib_a-puts.o)
                              ./Core/Src/main.o (puts)
[...]
Memory Configuration

Name             Origin             Length             Attributes
RAM              0x0000000020000000 0x0000000000020000 xrw
RAM2             0x0000000010000000 0x0000000000008000 xrw
FLASH            0x0000000008000000 0x0000000000080000 xr
*default*        0x0000000000000000 0xffffffffffffffff

Linker script and memory map

LOAD c:/st/stm32cubeide_1.6.1/stm32cubeide/plugins/com.st.stm32cube.ide.mcu.externaltools.gnu-tools-for-stm32.9-2020-q2-update.win32_2.0.0.202105311346/tools/bin/../lib/gcc/arm-none-eabi/9.3.1/thumb/v7e-m+fp/hard/crti.o
LOAD c:/st/stm32cubeide_1.6.1/stm32cubeide/plugins/com.st.stm32cube.ide.mcu.externaltools.gnu-tools-for-stm32.9-2020-q2-update.win32_2.0.0.202105311346/tools/bin/../lib/gcc/arm-none-eabi/9.3.1/thumb/v7e-m+fp/hard/crtbegin.o
LOAD c:/st/stm32cubeide_1.6.1/stm32cubeide/plugins/com.st.stm32cube.ide.mcu.externaltools.gnu-tools-for-stm32.9-2020-q2-update.win32_2.0.0.202105311346/tools/bin/../lib/gcc/arm-none-eabi/9.3.1/../../../../arm-none-eabi/lib/thumb/v7e-m+fp/hard/crt0.o
LOAD ./Core/Src/SX1278.o
LOAD ./Core/Src/SX1278_hw.o
LOAD ./Core/Src/fatfs_sd.o
LOAD ./Core/Src/gpio.o
LOAD ./Core/Src/main.o
LOAD ./Core/Src/spi.o
LOAD ./Core/Src/stm32l4xx_hal_msp.o
LOAD ./Core/Src/stm32l4xx_it.o
LOAD ./Core/Src/syscalls.o
LOAD ./Core/Src/sysmem.o
LOAD ./Core/Src/system_stm32l4xx.o
LOAD ./Core/Src/usart.o
LOAD ./Core/Startup/startup_stm32l452retx.o
LOAD ./Drivers/STM32L4xx_HAL_Driver/Src/stm32l4xx_hal.o
LOAD ./Drivers/STM32L4xx_HAL_Driver/Src/stm32l4xx_hal_cortex.o
LOAD ./Drivers/STM32L4xx_HAL_Driver/Src/stm32l4xx_hal_dma.o
LOAD ./Drivers/STM32L4xx_HAL_Driver/Src/stm32l4xx_hal_dma_ex.o
LOAD ./Drivers/STM32L4xx_HAL_Driver/Src/stm32l4xx_hal_exti.o
LOAD ./Drivers/STM32L4xx_HAL_Driver/Src/stm32l4xx_hal_flash.o
LOAD ./Drivers/STM32L4xx_HAL_Driver/Src/stm32l4xx_hal_flash_ex.o
LOAD ./Drivers/STM32L4xx_HAL_Driver/Src/stm32l4xx_hal_flash_ramfunc.o
LOAD ./Drivers/STM32L4xx_HAL_Driver/Src/stm32l4xx_hal_gpio.o
LOAD ./Drivers/STM32L4xx_HAL_Driver/Src/stm32l4xx_hal_i2c.o
LOAD ./Drivers/STM32L4xx_HAL_Driver/Src/stm32l4xx_hal_i2c_ex.o
LOAD ./Drivers/STM32L4xx_HAL_Driver/Src/stm32l4xx_hal_pwr.o
LOAD ./Drivers/STM32L4xx_HAL_Driver/Src/stm32l4xx_hal_pwr_ex.o
LOAD ./Drivers/STM32L4xx_HAL_Driver/Src/stm32l4xx_hal_rcc.o
LOAD ./Drivers/STM32L4xx_HAL_Driver/Src/stm32l4xx_hal_rcc_ex.o
LOAD ./Drivers/STM32L4xx_HAL_Driver/Src/stm32l4xx_hal_spi.o
LOAD ./Drivers/STM32L4xx_HAL_Driver/Src/stm32l4xx_hal_spi_ex.o
LOAD ./Drivers/STM32L4xx_HAL_Driver/Src/stm32l4xx_hal_tim.o
LOAD ./Drivers/STM32L4xx_HAL_Driver/Src/stm32l4xx_hal_tim_ex.o
LOAD ./Drivers/STM32L4xx_HAL_Driver/Src/stm32l4xx_hal_uart.o
LOAD ./Drivers/STM32L4xx_HAL_Driver/Src/stm32l4xx_hal_uart_ex.o
LOAD ./FATFS/App/fatfs.o
LOAD ./FATFS/Target/user_diskio.o
LOAD ./Middlewares/Third_Party/FatFs/src/diskio.o
LOAD ./Middlewares/Third_Party/FatFs/src/ff.o
LOAD ./Middlewares/Third_Party/FatFs/src/ff_gen_drv.o
LOAD ./Middlewares/Third_Party/FatFs/src/option/ccsbcs.o
LOAD ./Middlewares/Third_Party/FatFs/src/option/syscall.o
START GROUP
LOAD c:/st/stm32cubeide_1.6.1/stm32cubeide/plugins/com.st.stm32cube.ide.mcu.externaltools.gnu-tools-for-stm32.9-2020-q2-update.win32_2.0.0.202105311346/tools/bin/../lib/gcc/arm-none-eabi/9.3.1/../../../../arm-none-eabi/lib/thumb/v7e-m+fp/hard\libc_nano.a
LOAD c:/st/stm32cubeide_1.6.1/stm32cubeide/plugins/com.st.stm32cube.ide.mcu.externaltools.gnu-tools-for-stm32.9-2020-q2-update.win32_2.0.0.202105311346/tools/bin/../lib/gcc/arm-none-eabi/9.3.1/../../../../arm-none-eabi/lib/thumb/v7e-m+fp/hard\libm.a
END GROUP
START GROUP
LOAD c:/st/stm32cubeide_1.6.1/stm32cubeide/plugins/com.st.stm32cube.ide.mcu.externaltools.gnu-tools-for-stm32.9-2020-q2-update.win32_2.0.0.202105311346/tools/bin/../lib/gcc/arm-none-eabi/9.3.1/thumb/v7e-m+fp/hard\libgcc.a
LOAD c:/st/stm32cubeide_1.6.1/stm32cubeide/plugins/com.st.stm32cube.ide.mcu.externaltools.gnu-tools-for-stm32.9-2020-q2-update.win32_2.0.0.202105311346/tools/bin/../lib/gcc/arm-none-eabi/9.3.1/../../../../arm-none-eabi/lib/thumb/v7e-m+fp/hard\libc_nano.a
END GROUP
START GROUP
LOAD c:/st/stm32cubeide_1.6.1/stm32cubeide/plugins/com.st.stm32cube.ide.mcu.externaltools.gnu-tools-for-stm32.9-2020-q2-update.win32_2.0.0.202105311346/tools/bin/../lib/gcc/arm-none-eabi/9.3.1/thumb/v7e-m+fp/hard\libgcc.a
LOAD c:/st/stm32cubeide_1.6.1/stm32cubeide/plugins/com.st.stm32cube.ide.mcu.externaltools.gnu-tools-for-stm32.9-2020-q2-update.win32_2.0.0.202105311346/tools/bin/../lib/gcc/arm-none-eabi/9.3.1/../../../../arm-none-eabi/lib/thumb/v7e-m+fp/hard\libc_nano.a
LOAD c:/st/stm32cubeide_1.6.1/stm32cubeide/plugins/com.st.stm32cube.ide.mcu.externaltools.gnu-tools-for-stm32.9-2020-q2-update.win32_2.0.0.202105311346/tools/bin/../lib/gcc/arm-none-eabi/9.3.1/../../../../arm-none-eabi/lib/thumb/v7e-m+fp/hard\libnosys.a
END GROUP
START GROUP
LOAD c:/st/stm32cubeide_1.6.1/stm32cubeide/plugins/com.st.stm32cube.ide.mcu.externaltools.gnu-tools-for-stm32.9-2020-q2-update.win32_2.0.0.202105311346/tools/bin/../lib/gcc/arm-none-eabi/9.3.1/thumb/v7e-m+fp/hard\libgcc.a
LOAD c:/st/stm32cubeide_1.6.1/stm32cubeide/plugins/com.st.stm32cube.ide.mcu.externaltools.gnu-tools-for-stm32.9-2020-q2-update.win32_2.0.0.202105311346/tools/bin/../lib/gcc/arm-none-eabi/9.3.1/../../../../arm-none-eabi/lib/thumb/v7e-m+fp/hard\libc_nano.a
LOAD c:/st/stm32cubeide_1.6.1/stm32cubeide/plugins/com.st.stm32cube.ide.mcu.externaltools.gnu-tools-for-stm32.9-2020-q2-update.win32_2.0.0.202105311346/tools/bin/../lib/gcc/arm-none-eabi/9.3.1/../../../../arm-none-eabi/lib/thumb/v7e-m+fp/hard\libnosys.a
END GROUP
LOAD c:/st/stm32cubeide_1.6.1/stm32cubeide/plugins/com.st.stm32cube.ide.mcu.externaltools.gnu-tools-for-stm32.9-2020-q2-update.win32_2.0.0.202105311346/tools/bin/../lib/gcc/arm-none-eabi/9.3.1/thumb/v7e-m+fp/hard/crtend.o
LOAD c:/st/stm32cubeide_1.6.1/stm32cubeide/plugins/com.st.stm32cube.ide.mcu.externaltools.gnu-tools-for-stm32.9-2020-q2-update.win32_2.0.0.202105311346/tools/bin/../lib/gcc/arm-none-eabi/9.3.1/thumb/v7e-m+fp/hard/crtn.o
                0x0000000020020000                _estack = (ORIGIN (RAM) + LENGTH (RAM))
                0x0000000000000200                _Min_Heap_Size = 0x200
                0x0000000000000400                _Min_Stack_Size = 0x400

.isr_vector     0x0000000008000000      0x194
                0x0000000008000000                . = ALIGN (0x4)
 *(.isr_vector)
 .isr_vector    0x0000000008000000      0x194 ./Core/Startup/startup_stm32l452retx.o
                0x0000000008000000                g_pfnVectors
                0x0000000008000194                . = ALIGN (0x4)

.text           0x00000000080001a0     0xbef8
                0x00000000080001a0                . = ALIGN (0x4)
 *(.text)
 .text          0x00000000080001a0       0x40 c:/st/stm32cubeide_1.6.1/stm32cubeide/plugins/com.st.stm32cube.ide.mcu.externaltools.gnu-tools-for-stm32.9-2020-q2-update.win32_2.0.0.202105311346/tools/bin/../lib/gcc/arm-none-eabi/9.3.1/thumb/v7e-m+fp/hard/crtbegin.o
 .text          0x00000000080001e0       0x10 c:/st/stm32cubeide_1.6.1/stm32cubeide/plugins/com.st.stm32cube.ide.mcu.externaltools.gnu-tools-for-stm32.9-2020-q2-update.win32_2.0.0.202105311346/tools/bin/../lib/gcc/arm-none-eabi/9.3.1/../../../../arm-none-eabi/lib/thumb/v7e-m+fp/hard\libc_nano.a(lib_a-strlen.o)
                0x00000000080001e0                strlen
 .text          0x00000000080001f0       0xa0 c:/st/stm32cubeide_1.6.1/stm32cubeide/plugins/com.st.stm32cube.ide.mcu.externaltools.gnu-tools-for-stm32.9-2020-q2-update.win32_2.0.0.202105311346/tools/bin/../lib/gcc/arm-none-eabi/9.3.1/../../../../arm-none-eabi/lib/thumb/v7e-m+fp/hard\libc_nano.a(lib_a-memchr.o)
                0x00000000080001f0                memchr
 .text          0x0000000008000290      0x378 c:/st/stm32cubeide_1.6.1/stm32cubeide/plugins/com.st.stm32cube.ide.mcu.externaltools.gnu-tools-for-stm32.9-2020-q2-update.win32_2.0.0.202105311346/tools/bin/../lib/gcc/arm-none-eabi/9.3.1/thumb/v7e-m+fp/hard\libgcc.a(_arm_addsubdf3.o)
                0x0000000008000290                __aeabi_drsub
                0x0000000008000298                __aeabi_dsub
                0x0000000008000298                __subdf3
                0x000000000800029c                __aeabi_dadd
                0x000000000800029c                __adddf3
                0x0000000008000514                __floatunsidf
                0x0000000008000514                __aeabi_ui2d
                0x0000000008000534                __floatsidf
                0x0000000008000534                __aeabi_i2d
                0x0000000008000558                __aeabi_f2d
                0x0000000008000558                __extendsfdf2
                0x000000000800059c                __floatundidf
                0x000000000800059c                __aeabi_ul2d
                0x00000000080005ac                __floatdidf
                0x00000000080005ac                __aeabi_l2d
 .text          0x0000000008000608      0x424 c:/st/stm32cubeide_1.6.1/stm32cubeide/plugins/com.st.stm32cube.ide.mcu.externaltools.gnu-tools-for-stm32.9-2020-q2-update.win32_2.0.0.202105311346/tools/bin/../lib/gcc/arm-none-eabi/9.3.1/thumb/v7e-m+fp/hard\libgcc.a(_arm_muldivdf3.o)
                0x0000000008000608                __aeabi_dmul
                0x0000000008000608                __muldf3
                0x000000000800085c                __divdf3
                0x000000000800085c                __aeabi_ddiv
 .text          0x0000000008000a2c      0x110 c:/st/stm32cubeide_1.6.1/stm32cubeide/plugins/com.st.stm32cube.ide.mcu.externaltools.gnu-tools-for-stm32.9-2020-q2-update.win32_2.0.0.202105311346/tools/bin/../lib/gcc/arm-none-eabi/9.3.1/thumb/v7e-m+fp/hard\libgcc.a(_arm_cmpdf2.o)
                0x0000000008000a2c                __gtdf2
                0x0000000008000a2c                __gedf2
                0x0000000008000a34                __ltdf2
                0x0000000008000a34                __ledf2
                0x0000000008000a3c                __nedf2
                0x0000000008000a3c                __eqdf2
                0x0000000008000a3c                __cmpdf2
                0x0000000008000ab8                __aeabi_cdrcmple
                0x0000000008000ac8                __aeabi_cdcmpeq
                0x0000000008000ac8                __aeabi_cdcmple
                0x0000000008000ad8                __aeabi_dcmpeq
                0x0000000008000aec                __aeabi_dcmplt
                0x0000000008000b00                __aeabi_dcmple
                0x0000000008000b14                __aeabi_dcmpge
                0x0000000008000b28                __aeabi_dcmpgt
 .text          0x0000000008000b3c       0x2c c:/st/stm32cubeide_1.6.1/stm32cubeide/plugins/com.st.stm32cube.ide.mcu.externaltools.gnu-tools-for-stm32.9-2020-q2-update.win32_2.0.0.202105311346/tools/bin/../lib/gcc/arm-none-eabi/9.3.1/thumb/v7e-m+fp/hard\libgcc.a(_arm_unorddf2.o)
                0x0000000008000b3c                __unorddf2
                0x0000000008000b3c                __aeabi_dcmpun
 .text          0x0000000008000b68       0x50 c:/st/stm32cubeide_1.6.1/stm32cubeide/plugins/com.st.stm32cube.ide.mcu.externaltools.gnu-tools-for-stm32.9-2020-q2-update.win32_2.0.0.202105311346/tools/bin/../lib/gcc/arm-none-eabi/9.3.1/thumb/v7e-m+fp/hard\libgcc.a(_arm_fixdfsi.o)
                0x0000000008000b68                __aeabi_d2iz
                0x0000000008000b68                __fixdfsi
 .text          0x0000000008000bb8       0x40 c:/st/stm32cubeide_1.6.1/stm32cubeide/plugins/com.st.stm32cube.ide.mcu.externaltools.gnu-tools-for-stm32.9-2020-q2-update.win32_2.0.0.202105311346/tools/bin/../lib/gcc/arm-none-eabi/9.3.1/thumb/v7e-m+fp/hard\libgcc.a(_arm_fixunsdfsi.o)
                0x0000000008000bb8                __aeabi_d2uiz
                0x0000000008000bb8                __fixunsdfsi
 .text          0x0000000008000bf8       0x30 c:/st/stm32cubeide_1.6.1/stm32cubeide/plugins/com.st.stm32cube.ide.mcu.externaltools.gnu-tools-for-stm32.9-2020-q2-update.win32_2.0.0.202105311346/tools/bin/../lib/gcc/arm-none-eabi/9.3.1/thumb/v7e-m+fp/hard\libgcc.a(_aeabi_uldivmod.o)
                0x0000000008000bf8                __aeabi_uldivmod
 .text          0x0000000008000c28      0x2c4 c:/st/stm32cubeide_1.6.1/stm32cubeide/plugins/com.st.stm32cube.ide.mcu.externaltools.gnu-tools-for-stm32.9-2020-q2-update.win32_2.0.0.202105311346/tools/bin/../lib/gcc/arm-none-eabi/9.3.1/thumb/v7e-m+fp/hard\libgcc.a(_udivmoddi4.o)
                0x0000000008000c28                __udivmoddi4
 .text          0x0000000008000eec        0x4 c:/st/stm32cubeide_1.6.1/stm32cubeide/plugins/com.st.stm32cube.ide.mcu.externaltools.gnu-tools-for-stm32.9-2020-q2-update.win32_2.0.0.202105311346/tools/bin/../lib/gcc/arm-none-eabi/9.3.1/thumb/v7e-m+fp/hard\libgcc.a(_dvmd_tls.o)
                0x0000000008000eec                __aeabi_idiv0
                0x0000000008000eec                __aeabi_ldiv0
 *(.text*)
 .text.SX1278_SPIRead
                0x0000000008000ef0       0x3e ./Core/Src/SX1278.o
                0x0000000008000ef0                SX1278_SPIRead
 .text.SX1278_SPIWrite
                0x0000000008000f2e       0x52 ./Core/Src/SX1278.o
                0x0000000008000f2e                SX1278_SPIWrite
 .text.SX1278_SPIBurstRead
                0x0000000008000f80       0x72 ./Core/Src/SX1278.o
                0x0000000008000f80                SX1278_SPIBurstRead
 .text.SX1278_SPIBurstWrite
                0x0000000008000ff2       0x76 ./Core/Src/SX1278.o
                0x0000000008000ff2                SX1278_SPIBurstWrite
 .text.SX1278_config
                0x0000000008001068      0x208 ./Core/Src/SX1278.o
                0x0000000008001068                SX1278_config
 .text.SX1278_standby
                0x0000000008001270       0x20 ./Core/Src/SX1278.o
                0x0000000008001270                SX1278_standby
 .text.SX1278_sleep
                0x0000000008001290       0x20 ./Core/Src/SX1278.o
                0x0000000008001290                SX1278_sleep
 .text.SX1278_entryLoRa
                0x00000000080012b0       0x1a ./Core/Src/SX1278.o
                0x00000000080012b0                SX1278_entryLoRa
 .text.SX1278_clearLoRaIrq
                0x00000000080012ca       0x1a ./Core/Src/SX1278.o
                0x00000000080012ca                SX1278_clearLoRaIrq
 .text.SX1278_LoRaRxPacket
                0x00000000080012e4       0x88 ./Core/Src/SX1278.o
                0x00000000080012e4                SX1278_LoRaRxPacket
 .text.SX1278_LoRaEntryTx
                0x000000000800136c       0xb0 ./Core/Src/SX1278.o
                0x000000000800136c                SX1278_LoRaEntryTx
 .text.SX1278_LoRaTxPacket
                0x000000000800141c       0x7e ./Core/Src/SX1278.o
                0x000000000800141c                SX1278_LoRaTxPacket
 .text.SX1278_init
                0x000000000800149a       0x5a ./Core/Src/SX1278.o
                0x000000000800149a                SX1278_init
 .text.SX1278_read
                0x00000000080014f4       0x4c ./Core/Src/SX1278.o
                0x00000000080014f4                SX1278_read
 .text.SX1278_hw_init
                0x0000000008001540       0x2a ./Core/Src/SX1278_hw.o
                0x0000000008001540                SX1278_hw_init
 .text.SX1278_hw_SetNSS
                0x000000000800156a       0x2e ./Core/Src/SX1278_hw.o
                0x000000000800156a                SX1278_hw_SetNSS
 .text.SX1278_hw_Reset
                0x0000000008001598       0x48 ./Core/Src/SX1278_hw.o
                0x0000000008001598                SX1278_hw_Reset
 .text.SX1278_hw_SPICommand
                0x00000000080015e0       0x40 ./Core/Src/SX1278_hw.o
                0x00000000080015e0                SX1278_hw_SPICommand
 .text.SX1278_hw_SPIReadByte
                0x0000000008001620       0x4c ./Core/Src/SX1278_hw.o
                0x0000000008001620                SX1278_hw_SPIReadByte
 .text.SX1278_hw_DelayMs
                0x000000000800166c       0x16 ./Core/Src/SX1278_hw.o
                0x000000000800166c                SX1278_hw_DelayMs
 .text.SX1278_hw_GetDIO0
                0x0000000008001682       0x2e ./Core/Src/SX1278_hw.o
                0x0000000008001682                SX1278_hw_GetDIO0
 .text.SELECT   0x00000000080016b0       0x1c ./Core/Src/fatfs_sd.o
 .text.DESELECT
                0x00000000080016cc       0x1c ./Core/Src/fatfs_sd.o
 .text.SPI_TxByte
                0x00000000080016e8       0x34 ./Core/Src/fatfs_sd.o
 .text.SPI_RxByte
                0x000000000800171c       0x3c ./Core/Src/fatfs_sd.o
 .text.SPI_RxBytePtr
                0x0000000008001758       0x1c ./Core/Src/fatfs_sd.o
 .text.SD_ReadyWait
                0x0000000008001774       0x38 ./Core/Src/fatfs_sd.o
 .text.SD_PowerOn
                0x00000000080017ac       0x98 ./Core/Src/fatfs_sd.o
 .text.SD_PowerOff
                0x0000000008001844       0x18 ./Core/Src/fatfs_sd.o
 .text.SD_CheckPower
                0x000000000800185c       0x18 ./Core/Src/fatfs_sd.o
 .text.SD_RxDataBlock
                0x0000000008001874       0x6c ./Core/Src/fatfs_sd.o
 .text.SD_TxDataBlock
                0x00000000080018e0       0xa8 ./Core/Src/fatfs_sd.o
 .text.SD_SendCmd
                0x0000000008001988       0xa4 ./Core/Src/fatfs_sd.o
 .text.SD_disk_initialize
                0x0000000008001a2c      0x1d4 ./Core/Src/fatfs_sd.o
                0x0000000008001a2c                SD_disk_initialize
 .text.SD_disk_status
                0x0000000008001c00       0x2c ./Core/Src/fatfs_sd.o
                0x0000000008001c00                SD_disk_status
 .text.SD_disk_read
                0x0000000008001c2c       0xd4 ./Core/Src/fatfs_sd.o
                0x0000000008001c2c                SD_disk_read
 .text.SD_disk_write
                0x0000000008001d00      0x108 ./Core/Src/fatfs_sd.o
                0x0000000008001d00                SD_disk_write
 .text.SD_disk_ioctl
                0x0000000008001e08      0x264 ./Core/Src/fatfs_sd.o
                0x0000000008001e08                SD_disk_ioctl
 .text.MX_GPIO_Init
                0x000000000800206c      0x168 ./Core/Src/gpio.o
                0x000000000800206c                MX_GPIO_Init
 .text.ITM_SendChar
                0x00000000080021d4       0x4e ./Core/Src/main.o
 *fill*         0x0000000008002222        0x2 
 .text._write   0x0000000008002224       0x4c ./Core/Src/main.o
                0x0000000008002224                _write
 .text.main     0x0000000008002270       0xb0 ./Core/Src/main.o
                0x0000000008002270                main
 .text.SystemClock_Config
                0x0000000008002320       0xc4 ./Core/Src/main.o
                0x0000000008002320                SystemClock_Config
 .text.LORA     0x00000000080023e4      0x3c8 ./Core/Src/main.o
                0x00000000080023e4                LORA
 .text.SDcard   0x00000000080027ac      0x130 ./Core/Src/main.o
                0x00000000080027ac                SDcard
 .text.HAL_GPIO_EXTI_Callback
                0x00000000080028dc       0x50 ./Core/Src/main.o
                0x00000000080028dc                HAL_GPIO_EXTI_Callback
 .text.Error_Handler
                0x000000000800292c        0xa ./Core/Src/main.o
                0x000000000800292c                Error_Handler
 *fill*         0x0000000008002936        0x2 
 .text.MX_SPI2_Init
                0x0000000008002938       0x7c ./Core/Src/spi.o
                0x0000000008002938                MX_SPI2_Init
 .text.MX_SPI3_Init
                0x00000000080029b4       0x7c ./Core/Src/spi.o
                0x00000000080029b4                MX_SPI3_Init
 .text.HAL_SPI_MspInit
                0x0000000008002a30      0x128 ./Core/Src/spi.o
                0x0000000008002a30                HAL_SPI_MspInit
 .text.HAL_MspInit
                0x0000000008002b58       0x48 ./Core/Src/stm32l4xx_hal_msp.o
                0x0000000008002b58                HAL_MspInit
 .text.SDTimer_Handler
                0x0000000008002ba0       0x48 ./Core/Src/stm32l4xx_it.o
                0x0000000008002ba0                SDTimer_Handler
 .text.NMI_Handler
                0x0000000008002be8        0x6 ./Core/Src/stm32l4xx_it.o
                0x0000000008002be8                NMI_Handler
 .text.HardFault_Handler
                0x0000000008002bee        0x6 ./Core/Src/stm32l4xx_it.o
                0x0000000008002bee                HardFault_Handler
 .text.MemManage_Handler
                0x0000000008002bf4        0x6 ./Core/Src/stm32l4xx_it.o
                0x0000000008002bf4                MemManage_Handler
 .text.BusFault_Handler
                0x0000000008002bfa        0x6 ./Core/Src/stm32l4xx_it.o
                0x0000000008002bfa                BusFault_Handler
 .text.UsageFault_Handler
                0x0000000008002c00        0x6 ./Core/Src/stm32l4xx_it.o
                0x0000000008002c00                UsageFault_Handler
 .text.SVC_Handler
                0x0000000008002c06        0xe ./Core/Src/stm32l4xx_it.o
                0x0000000008002c06                SVC_Handler
 .text.DebugMon_Handler
                0x0000000008002c14        0xe ./Core/Src/stm32l4xx_it.o
                0x0000000008002c14                DebugMon_Handler
 .text.PendSV_Handler
                0x0000000008002c22        0xe ./Core/Src/stm32l4xx_it.o
                0x0000000008002c22                PendSV_Handler
 .text.SysTick_Handler
                0x0000000008002c30       0x34 ./Core/Src/stm32l4xx_it.o
                0x0000000008002c30                SysTick_Handler
 .text.EXTI15_10_IRQHandler
                0x0000000008002c64       0x10 ./Core/Src/stm32l4xx_it.o
                0x0000000008002c64                EXTI15_10_IRQHandler
 .text._getpid  0x0000000008002c74       0x10 ./Core/Src/syscalls.o
                0x0000000008002c74                _getpid
 .text._kill    0x0000000008002c84       0x20 ./Core/Src/syscalls.o
                0x0000000008002c84                _kill
 .text._exit    0x0000000008002ca4       0x14 ./Core/Src/syscalls.o
                0x0000000008002ca4                _exit
 .text._read    0x0000000008002cb8       0x3a ./Core/Src/syscalls.o
                0x0000000008002cb8                _read
 .text._close   0x0000000008002cf2       0x18 ./Core/Src/syscalls.o
                0x0000000008002cf2                _close
 .text._fstat   0x0000000008002d0a       0x20 ./Core/Src/syscalls.o
                0x0000000008002d0a                _fstat
 .text._isatty  0x0000000008002d2a       0x16 ./Core/Src/syscalls.o
                0x0000000008002d2a                _isatty
 .text._lseek   0x0000000008002d40       0x1a ./Core/Src/syscalls.o
                0x0000000008002d40                _lseek
 *fill*         0x0000000008002d5a        0x2 
 .text._sbrk    0x0000000008002d5c       0x6c ./Core/Src/sysmem.o
                0x0000000008002d5c                _sbrk
 .text.SystemInit
                0x0000000008002dc8       0x64 ./Core/Src/system_stm32l4xx.o
                0x0000000008002dc8                SystemInit
 .text.MX_USART2_UART_Init
                0x0000000008002e2c       0x60 ./Core/Src/usart.o
                0x0000000008002e2c                MX_USART2_UART_Init
 .text.HAL_UART_MspInit
                0x0000000008002e8c       0xb8 ./Core/Src/usart.o
                0x0000000008002e8c                HAL_UART_MspInit
 .text.Reset_Handler
                0x0000000008002f44       0x50 ./Core/Startup/startup_stm32l452retx.o
                0x0000000008002f44                Reset_Handler
 .text.Default_Handler
                0x0000000008002f94        0x2 ./Core/Startup/startup_stm32l452retx.o
                0x0000000008002f94                RTC_Alarm_IRQHandler
                0x0000000008002f94                EXTI2_IRQHandler
                0x0000000008002f94                TIM1_CC_IRQHandler
                0x0000000008002f94                TSC_IRQHandler
                0x0000000008002f94                TAMP_STAMP_IRQHandler
                0x0000000008002f94                EXTI3_IRQHandler
                0x0000000008002f94                LPTIM2_IRQHandler
                0x0000000008002f94                DFSDM1_FLT1_IRQHandler
                0x0000000008002f94                I2C3_ER_IRQHandler
                0x0000000008002f94                EXTI0_IRQHandler
                0x0000000008002f94                I2C2_EV_IRQHandler
                0x0000000008002f94                CAN1_RX0_IRQHandler
                0x0000000008002f94                FPU_IRQHandler
                0x0000000008002f94                TIM1_UP_TIM16_IRQHandler
                0x0000000008002f94                SPI1_IRQHandler
                0x0000000008002f94                TIM6_DAC_IRQHandler
                0x0000000008002f94                DMA2_Channel2_IRQHandler
                0x0000000008002f94                DMA1_Channel4_IRQHandler
                0x0000000008002f94                ADC1_IRQHandler
                0x0000000008002f94                USART3_IRQHandler
                0x0000000008002f94                DMA1_Channel7_IRQHandler
                0x0000000008002f94                CAN1_RX1_IRQHandler
                0x0000000008002f94                DMA2_Channel1_IRQHandler
                0x0000000008002f94                QUADSPI_IRQHandler
                0x0000000008002f94                I2C1_EV_IRQHandler
                0x0000000008002f94                DMA1_Channel6_IRQHandler
                0x0000000008002f94                UART4_IRQHandler
                0x0000000008002f94                DMA2_Channel4_IRQHandler
                0x0000000008002f94                TIM3_IRQHandler
                0x0000000008002f94                RCC_IRQHandler
                0x0000000008002f94                TIM1_TRG_COM_IRQHandler
                0x0000000008002f94                DMA1_Channel1_IRQHandler
                0x0000000008002f94                Default_Handler
                0x0000000008002f94                DMA2_Channel7_IRQHandler
                0x0000000008002f94                SDMMC1_IRQHandler
                0x0000000008002f94                I2C3_EV_IRQHandler
                0x0000000008002f94                USB_IRQHandler
                0x0000000008002f94                EXTI9_5_IRQHandler
                0x0000000008002f94                RTC_WKUP_IRQHandler
                0x0000000008002f94                PVD_PVM_IRQHandler
                0x0000000008002f94                SPI2_IRQHandler
                0x0000000008002f94                CAN1_TX_IRQHandler
                0x0000000008002f94                DMA2_Channel5_IRQHandler
                0x0000000008002f94                CRS_IRQHandler
                0x0000000008002f94                DMA1_Channel5_IRQHandler
                0x0000000008002f94                EXTI4_IRQHandler
                0x0000000008002f94                RNG_IRQHandler
                0x0000000008002f94                DMA1_Channel3_IRQHandler
                0x0000000008002f94                COMP_IRQHandler
                0x0000000008002f94                WWDG_IRQHandler
                0x0000000008002f94                I2C4_EV_IRQHandler
                0x0000000008002f94                LPUART1_IRQHandler
                0x0000000008002f94                DMA2_Channel6_IRQHandler
                0x0000000008002f94                TIM2_IRQHandler
                0x0000000008002f94                EXTI1_IRQHandler
                0x0000000008002f94                USART2_IRQHandler
                0x0000000008002f94                DFSDM1_FLT0_IRQHandler
                0x0000000008002f94                I2C2_ER_IRQHandler
                0x0000000008002f94                DMA1_Channel2_IRQHandler
                0x0000000008002f94                CAN1_SCE_IRQHandler
                0x0000000008002f94                FLASH_IRQHandler
                0x0000000008002f94                USART1_IRQHandler
                0x0000000008002f94                SPI3_IRQHandler
                0x0000000008002f94                I2C1_ER_IRQHandler
                0x0000000008002f94                LPTIM1_IRQHandler
                0x0000000008002f94                I2C4_ER_IRQHandler
                0x0000000008002f94                SAI1_IRQHandler
                0x0000000008002f94                DMA2_Channel3_IRQHandler
                0x0000000008002f94                TIM1_BRK_TIM15_IRQHandler
 *fill*         0x0000000008002f96        0x2 
 .text.HAL_Init
                0x0000000008002f98       0x40 ./Drivers/STM32L4xx_HAL_Driver/Src/stm32l4xx_hal.o
                0x0000000008002f98                HAL_Init
 .text.HAL_InitTick
                0x0000000008002fd8       0x78 ./Drivers/STM32L4xx_HAL_Driver/Src/stm32l4xx_hal.o
                0x0000000008002fd8                HAL_InitTick
 .text.HAL_IncTick
                0x0000000008003050       0x28 ./Drivers/STM32L4xx_HAL_Driver/Src/stm32l4xx_hal.o
                0x0000000008003050                HAL_IncTick
 .text.HAL_GetTick
                0x0000000008003078       0x18 ./Drivers/STM32L4xx_HAL_Driver/Src/stm32l4xx_hal.o
                0x0000000008003078                HAL_GetTick
 .text.HAL_Delay
                0x0000000008003090       0x48 ./Drivers/STM32L4xx_HAL_Driver/Src/stm32l4xx_hal.o
                0x0000000008003090                HAL_Delay
 .text.__NVIC_SetPriorityGrouping
                0x00000000080030d8       0x48 ./Drivers/STM32L4xx_HAL_Driver/Src/stm32l4xx_hal_cortex.o
 .text.__NVIC_GetPriorityGrouping
                0x0000000008003120       0x1c ./Drivers/STM32L4xx_HAL_Driver/Src/stm32l4xx_hal_cortex.o
 .text.__NVIC_EnableIRQ
                0x000000000800313c       0x3c ./Drivers/STM32L4xx_HAL_Driver/Src/stm32l4xx_hal_cortex.o
 .text.__NVIC_SetPriority
                0x0000000008003178       0x54 ./Drivers/STM32L4xx_HAL_Driver/Src/stm32l4xx_hal_cortex.o
 .text.NVIC_EncodePriority
                0x00000000080031cc       0x66 ./Drivers/STM32L4xx_HAL_Driver/Src/stm32l4xx_hal_cortex.o
 *fill*         0x0000000008003232        0x2 
 .text.SysTick_Config
                0x0000000008003234       0x44 ./Drivers/STM32L4xx_HAL_Driver/Src/stm32l4xx_hal_cortex.o
 .text.HAL_NVIC_SetPriorityGrouping
                0x0000000008003278       0x16 ./Drivers/STM32L4xx_HAL_Driver/Src/stm32l4xx_hal_cortex.o
                0x0000000008003278                HAL_NVIC_SetPriorityGrouping
 .text.HAL_NVIC_SetPriority
                0x000000000800328e       0x38 ./Drivers/STM32L4xx_HAL_Driver/Src/stm32l4xx_hal_cortex.o
                0x000000000800328e                HAL_NVIC_SetPriority
 .text.HAL_NVIC_EnableIRQ
                0x00000000080032c6       0x1c ./Drivers/STM32L4xx_HAL_Driver/Src/stm32l4xx_hal_cortex.o
                0x00000000080032c6                HAL_NVIC_EnableIRQ
 .text.HAL_SYSTICK_Config
                0x00000000080032e2       0x18 ./Drivers/STM32L4xx_HAL_Driver/Src/stm32l4xx_hal_cortex.o
                0x00000000080032e2                HAL_SYSTICK_Config
 *fill*         0x00000000080032fa        0x2 
 .text.HAL_GPIO_Init
                0x00000000080032fc      0x2f4 ./Drivers/STM32L4xx_HAL_Driver/Src/stm32l4xx_hal_gpio.o
                0x00000000080032fc                HAL_GPIO_Init
 .text.HAL_GPIO_ReadPin
                0x00000000080035f0       0x30 ./Drivers/STM32L4xx_HAL_Driver/Src/stm32l4xx_hal_gpio.o
                0x00000000080035f0                HAL_GPIO_ReadPin
 .text.HAL_GPIO_WritePin
                0x0000000008003620       0x30 ./Drivers/STM32L4xx_HAL_Driver/Src/stm32l4xx_hal_gpio.o
                0x0000000008003620                HAL_GPIO_WritePin
 .text.HAL_GPIO_EXTI_IRQHandler
                0x0000000008003650       0x30 ./Drivers/STM32L4xx_HAL_Driver/Src/stm32l4xx_hal_gpio.o
                0x0000000008003650                HAL_GPIO_EXTI_IRQHandler
 .text.HAL_PWR_EnableBkUpAccess
                0x0000000008003680       0x20 ./Drivers/STM32L4xx_HAL_Driver/Src/stm32l4xx_hal_pwr.o
                0x0000000008003680                HAL_PWR_EnableBkUpAccess
 .text.HAL_PWREx_GetVoltageRange
                0x00000000080036a0       0x1c ./Drivers/STM32L4xx_HAL_Driver/Src/stm32l4xx_hal_pwr_ex.o
                0x00000000080036a0                HAL_PWREx_GetVoltageRange
 .text.HAL_PWREx_ControlVoltageScaling
                0x00000000080036bc       0xac ./Drivers/STM32L4xx_HAL_Driver/Src/stm32l4xx_hal_pwr_ex.o
                0x00000000080036bc                HAL_PWREx_ControlVoltageScaling
 .text.HAL_RCC_OscConfig
                0x0000000008003768      0x840 ./Drivers/STM32L4xx_HAL_Driver/Src/stm32l4xx_hal_rcc.o
                0x0000000008003768                HAL_RCC_OscConfig
 .text.HAL_RCC_ClockConfig
                0x0000000008003fa8      0x1c4 ./Drivers/STM32L4xx_HAL_Driver/Src/stm32l4xx_hal_rcc.o
                0x0000000008003fa8                HAL_RCC_ClockConfig
 .text.HAL_RCC_GetSysClockFreq
                0x000000000800416c      0x118 ./Drivers/STM32L4xx_HAL_Driver/Src/stm32l4xx_hal_rcc.o
                0x000000000800416c                HAL_RCC_GetSysClockFreq
 .text.HAL_RCC_GetHCLKFreq
                0x0000000008004284       0x18 ./Drivers/STM32L4xx_HAL_Driver/Src/stm32l4xx_hal_rcc.o
                0x0000000008004284                HAL_RCC_GetHCLKFreq
 .text.HAL_RCC_GetPCLK1Freq
                0x000000000800429c       0x2c ./Drivers/STM32L4xx_HAL_Driver/Src/stm32l4xx_hal_rcc.o
                0x000000000800429c                HAL_RCC_GetPCLK1Freq
 .text.HAL_RCC_GetPCLK2Freq
                0x00000000080042c8       0x2c ./Drivers/STM32L4xx_HAL_Driver/Src/stm32l4xx_hal_rcc.o
                0x00000000080042c8                HAL_RCC_GetPCLK2Freq
 .text.RCC_SetFlashLatencyFromMSIRange
                0x00000000080042f4       0xc0 ./Drivers/STM32L4xx_HAL_Driver/Src/stm32l4xx_hal_rcc.o
 .text.HAL_RCCEx_PeriphCLKConfig
                0x00000000080043b4      0x4d8 ./Drivers/STM32L4xx_HAL_Driver/Src/stm32l4xx_hal_rcc_ex.o
                0x00000000080043b4                HAL_RCCEx_PeriphCLKConfig
 .text.HAL_RCCEx_EnableMSIPLLMode
                0x000000000800488c       0x20 ./Drivers/STM32L4xx_HAL_Driver/Src/stm32l4xx_hal_rcc_ex.o
                0x000000000800488c                HAL_RCCEx_EnableMSIPLLMode
 .text.RCCEx_PLLSAI1_Config
                0x00000000080048ac      0x1e4 ./Drivers/STM32L4xx_HAL_Driver/Src/stm32l4xx_hal_rcc_ex.o
 .text.HAL_SPI_Init
                0x0000000008004a90      0x146 ./Drivers/STM32L4xx_HAL_Driver/Src/stm32l4xx_hal_spi.o
                0x0000000008004a90                HAL_SPI_Init
 .text.HAL_SPI_Transmit
                0x0000000008004bd6      0x2dc ./Drivers/STM32L4xx_HAL_Driver/Src/stm32l4xx_hal_spi.o
                0x0000000008004bd6                HAL_SPI_Transmit
 .text.HAL_SPI_TransmitReceive
                0x0000000008004eb2      0x426 ./Drivers/STM32L4xx_HAL_Driver/Src/stm32l4xx_hal_spi.o
                0x0000000008004eb2                HAL_SPI_TransmitReceive
 .text.HAL_SPI_GetState
                0x00000000080052d8       0x1c ./Drivers/STM32L4xx_HAL_Driver/Src/stm32l4xx_hal_spi.o
                0x00000000080052d8                HAL_SPI_GetState
 .text.SPI_WaitFlagStateUntilTimeout
                0x00000000080052f4      0x110 ./Drivers/STM32L4xx_HAL_Driver/Src/stm32l4xx_hal_spi.o
 .text.SPI_WaitFifoStateUntilTimeout
                0x0000000008005404      0x124 ./Drivers/STM32L4xx_HAL_Driver/Src/stm32l4xx_hal_spi.o
 .text.SPI_EndRxTxTransaction
                0x0000000008005528       0x8c ./Drivers/STM32L4xx_HAL_Driver/Src/stm32l4xx_hal_spi.o
 .text.HAL_UART_Init
                0x00000000080055b4       0x9c ./Drivers/STM32L4xx_HAL_Driver/Src/stm32l4xx_hal_uart.o
                0x00000000080055b4                HAL_UART_Init
 .text.HAL_UART_Transmit
                0x0000000008005650      0x128 ./Drivers/STM32L4xx_HAL_Driver/Src/stm32l4xx_hal_uart.o
                0x0000000008005650                HAL_UART_Transmit
 .text.UART_SetConfig
                0x0000000008005778      0x4b8 ./Drivers/STM32L4xx_HAL_Driver/Src/stm32l4xx_hal_uart.o
                0x0000000008005778                UART_SetConfig
 .text.UART_AdvFeatureConfig
                0x0000000008005c30      0x144 ./Drivers/STM32L4xx_HAL_Driver/Src/stm32l4xx_hal_uart.o
                0x0000000008005c30                UART_AdvFeatureConfig
 .text.UART_CheckIdleState
                0x0000000008005d74       0x92 ./Drivers/STM32L4xx_HAL_Driver/Src/stm32l4xx_hal_uart.o
                0x0000000008005d74                UART_CheckIdleState
 .text.UART_WaitOnFlagUntilTimeout
                0x0000000008005e06       0xf8 ./Drivers/STM32L4xx_HAL_Driver/Src/stm32l4xx_hal_uart.o
                0x0000000008005e06                UART_WaitOnFlagUntilTimeout
 *fill*         0x0000000008005efe        0x2 
 .text.MX_FATFS_Init
                0x0000000008005f00       0x24 ./FATFS/App/fatfs.o
                0x0000000008005f00                MX_FATFS_Init
 .text.get_fattime
                0x0000000008005f24       0x10 ./FATFS/App/fatfs.o
                0x0000000008005f24                get_fattime
 .text.USER_initialize
                0x0000000008005f34       0x1c ./FATFS/Target/user_diskio.o
                0x0000000008005f34                USER_initialize
 .text.USER_status
                0x0000000008005f50       0x1c ./FATFS/Target/user_diskio.o
                0x0000000008005f50                USER_status
 .text.USER_read
                0x0000000008005f6c       0x26 ./FATFS/Target/user_diskio.o
                0x0000000008005f6c                USER_read
 .text.USER_write
                0x0000000008005f92       0x26 ./FATFS/Target/user_diskio.o
                0x0000000008005f92                USER_write
 .text.USER_ioctl
                0x0000000008005fb8       0x26 ./FATFS/Target/user_diskio.o
                0x0000000008005fb8                USER_ioctl
 *fill*         0x0000000008005fde        0x2 
 .text.disk_status
                0x0000000008005fe0       0x34 ./Middlewares/Third_Party/FatFs/src/diskio.o
                0x0000000008005fe0                disk_status
 .text.disk_initialize
                0x0000000008006014       0x4c ./Middlewares/Third_Party/FatFs/src/diskio.o
                0x0000000008006014                disk_initialize
 .text.disk_read
                0x0000000008006060       0x40 ./Middlewares/Third_Party/FatFs/src/diskio.o
                0x0000000008006060                disk_read
 .text.disk_write
                0x00000000080060a0       0x40 ./Middlewares/Third_Party/FatFs/src/diskio.o
                0x00000000080060a0                disk_write
 .text.disk_ioctl
                0x00000000080060e0       0x3c ./Middlewares/Third_Party/FatFs/src/diskio.o
                0x00000000080060e0                disk_ioctl
 .text.ld_word  0x000000000800611c       0x30 ./Middlewares/Third_Party/FatFs/src/ff.o
 .text.ld_dword
                0x000000000800614c       0x46 ./Middlewares/Third_Party/FatFs/src/ff.o
 .text.st_word  0x0000000008006192       0x36 ./Middlewares/Third_Party/FatFs/src/ff.o
 .text.st_dword
                0x00000000080061c8       0x58 ./Middlewares/Third_Party/FatFs/src/ff.o
 .text.mem_cpy  0x0000000008006220       0x42 ./Middlewares/Third_Party/FatFs/src/ff.o
 .text.mem_set  0x0000000008006262       0x36 ./Middlewares/Third_Party/FatFs/src/ff.o
 .text.mem_cmp  0x0000000008006298       0x4e ./Middlewares/Third_Party/FatFs/src/ff.o
 .text.chk_chr  0x00000000080062e6       0x36 ./Middlewares/Third_Party/FatFs/src/ff.o
 .text.chk_lock
                0x000000000800631c       0xb8 ./Middlewares/Third_Party/FatFs/src/ff.o
 .text.enq_lock
                0x00000000080063d4       0x44 ./Middlewares/Third_Party/FatFs/src/ff.o
 .text.inc_lock
                0x0000000008006418      0x11c ./Middlewares/Third_Party/FatFs/src/ff.o
 .text.dec_lock
                0x0000000008006534       0x78 ./Middlewares/Third_Party/FatFs/src/ff.o
 .text.clear_lock
                0x00000000080065ac       0x48 ./Middlewares/Third_Party/FatFs/src/ff.o
 .text.sync_window
                0x00000000080065f4       0x88 ./Middlewares/Third_Party/FatFs/src/ff.o
 .text.move_window
                0x000000000800667c       0x5a ./Middlewares/Third_Party/FatFs/src/ff.o
 *fill*         0x00000000080066d6        0x2 
 .text.sync_fs  0x00000000080066d8       0xe0 ./Middlewares/Third_Party/FatFs/src/ff.o
 .text.clust2sect
                0x00000000080067b8       0x3e ./Middlewares/Third_Party/FatFs/src/ff.o
 .text.get_fat  0x00000000080067f6      0x1a8 ./Middlewares/Third_Party/FatFs/src/ff.o
 .text.put_fat  0x000000000800699e      0x238 ./Middlewares/Third_Party/FatFs/src/ff.o
 .text.remove_chain
                0x0000000008006bd6       0xca ./Middlewares/Third_Party/FatFs/src/ff.o
 .text.create_chain
                0x0000000008006ca0      0x130 ./Middlewares/Third_Party/FatFs/src/ff.o
 .text.clmt_clust
                0x0000000008006dd0       0x70 ./Middlewares/Third_Party/FatFs/src/ff.o
 .text.dir_sdi  0x0000000008006e40      0x112 ./Middlewares/Third_Party/FatFs/src/ff.o
 .text.dir_next
                0x0000000008006f52      0x1ac ./Middlewares/Third_Party/FatFs/src/ff.o
 .text.dir_alloc
                0x00000000080070fe       0x8e ./Middlewares/Third_Party/FatFs/src/ff.o
 .text.ld_clust
                0x000000000800718c       0x3e ./Middlewares/Third_Party/FatFs/src/ff.o
 .text.st_clust
                0x00000000080071ca       0x40 ./Middlewares/Third_Party/FatFs/src/ff.o
 *fill*         0x000000000800720a        0x2 
 .text.cmp_lfn  0x000000000800720c       0xe0 ./Middlewares/Third_Party/FatFs/src/ff.o
 .text.put_lfn  0x00000000080072ec       0xd0 ./Middlewares/Third_Party/FatFs/src/ff.o
 .text.gen_numname
                0x00000000080073bc      0x120 ./Middlewares/Third_Party/FatFs/src/ff.o
 .text.sum_sfn  0x00000000080074dc       0x42 ./Middlewares/Third_Party/FatFs/src/ff.o
 .text.dir_find
                0x000000000800751e      0x180 ./Middlewares/Third_Party/FatFs/src/ff.o
 *fill*         0x000000000800769e        0x2 
 .text.dir_register
                0x00000000080076a0      0x1f0 ./Middlewares/Third_Party/FatFs/src/ff.o
 .text.create_name
                0x0000000008007890      0x370 ./Middlewares/Third_Party/FatFs/src/ff.o
 .text.follow_path
                0x0000000008007c00       0xec ./Middlewares/Third_Party/FatFs/src/ff.o
 .text.get_ldnumber
                0x0000000008007cec       0x88 ./Middlewares/Third_Party/FatFs/src/ff.o
 .text.check_fs
                0x0000000008007d74       0xac ./Middlewares/Third_Party/FatFs/src/ff.o
 .text.find_volume
                0x0000000008007e20      0x510 ./Middlewares/Third_Party/FatFs/src/ff.o
 .text.validate
                0x0000000008008330       0x6a ./Middlewares/Third_Party/FatFs/src/ff.o
 *fill*         0x000000000800839a        0x2 
 .text.f_mount  0x000000000800839c       0x8c ./Middlewares/Third_Party/FatFs/src/ff.o
                0x000000000800839c                f_mount
 .text.f_open   0x0000000008008428      0x398 ./Middlewares/Third_Party/FatFs/src/ff.o
                0x0000000008008428                f_open
 .text.f_write  0x00000000080087c0      0x328 ./Middlewares/Third_Party/FatFs/src/ff.o
                0x00000000080087c0                f_write
 .text.f_sync   0x0000000008008ae8       0xfc ./Middlewares/Third_Party/FatFs/src/ff.o
                0x0000000008008ae8                f_sync
 .text.f_close  0x0000000008008be4       0x54 ./Middlewares/Third_Party/FatFs/src/ff.o
                0x0000000008008be4                f_close
 .text.f_getfree
                0x0000000008008c38      0x16a ./Middlewares/Third_Party/FatFs/src/ff.o
                0x0000000008008c38                f_getfree
 .text.putc_bfd
                0x0000000008008da2       0x7a ./Middlewares/Third_Party/FatFs/src/ff.o
 .text.putc_flush
                0x0000000008008e1c       0x4a ./Middlewares/Third_Party/FatFs/src/ff.o
 .text.putc_init
                0x0000000008008e66       0x2a ./Middlewares/Third_Party/FatFs/src/ff.o
 .text.f_puts   0x0000000008008e90       0x48 ./Middlewares/Third_Party/FatFs/src/ff.o
                0x0000000008008e90                f_puts
 .text.FATFS_LinkDriverEx
                0x0000000008008ed8       0x98 ./Middlewares/Third_Party/FatFs/src/ff_gen_drv.o
                0x0000000008008ed8                FATFS_LinkDriverEx
 .text.FATFS_LinkDriver
                0x0000000008008f70       0x1e ./Middlewares/Third_Party/FatFs/src/ff_gen_drv.o
                0x0000000008008f70                FATFS_LinkDriver
 *fill*         0x0000000008008f8e        0x2 
 .text.ff_convert
                0x0000000008008f90       0x78 ./Middlewares/Third_Party/FatFs/src/option/ccsbcs.o
                0x0000000008008f90                ff_convert
 .text.ff_wtoupper
                0x0000000008009008      0x114 ./Middlewares/Third_Party/FatFs/src/option/ccsbcs.o
                0x0000000008009008                ff_wtoupper
 .text.__errno  0x000000000800911c        0xc c:/st/stm32cubeide_1.6.1/stm32cubeide/plugins/com.st.stm32cube.ide.mcu.externaltools.gnu-tools-for-stm32.9-2020-q2-update.win32_2.0.0.202105311346/tools/bin/../lib/gcc/arm-none-eabi/9.3.1/../../../../arm-none-eabi/lib/thumb/v7e-m+fp/hard\libc_nano.a(lib_a-errno.o)
                0x000000000800911c                __errno
 .text.__libc_init_array
                0x0000000008009128       0x48 c:/st/stm32cubeide_1.6.1/stm32cubeide/plugins/com.st.stm32cube.ide.mcu.externaltools.gnu-tools-for-stm32.9-2020-q2-update.win32_2.0.0.202105311346/tools/bin/../lib/gcc/arm-none-eabi/9.3.1/../../../../arm-none-eabi/lib/thumb/v7e-m+fp/hard\libc_nano.a(lib_a-init.o)
                0x0000000008009128                __libc_init_array
 .text.memcpy   0x0000000008009170       0x1c c:/st/stm32cubeide_1.6.1/stm32cubeide/plugins/com.st.stm32cube.ide.mcu.externaltools.gnu-tools-for-stm32.9-2020-q2-update.win32_2.0.0.202105311346/tools/bin/../lib/gcc/arm-none-eabi/9.3.1/../../../../arm-none-eabi/lib/thumb/v7e-m+fp/hard\libc_nano.a(lib_a-memcpy-stub.o)
                0x0000000008009170                memcpy
 .text.memset   0x000000000800918c       0x10 c:/st/stm32cubeide_1.6.1/stm32cubeide/plugins/com.st.stm32cube.ide.mcu.externaltools.gnu-tools-for-stm32.9-2020-q2-update.win32_2.0.0.202105311346/tools/bin/../lib/gcc/arm-none-eabi/9.3.1/../../../../arm-none-eabi/lib/thumb/v7e-m+fp/hard\libc_nano.a(lib_a-memset.o)
                0x000000000800918c                memset
 .text.__cvt    0x000000000800919c       0xc4 c:/st/stm32cubeide_1.6.1/stm32cubeide/plugins/com.st.stm32cube.ide.mcu.externaltools.gnu-tools-for-stm32.9-2020-q2-update.win32_2.0.0.202105311346/tools/bin/../lib/gcc/arm-none-eabi/9.3.1/../../../../arm-none-eabi/lib/thumb/v7e-m+fp/hard\libc_nano.a(lib_a-nano-vfprintf_float.o)
                0x000000000800919c                __cvt
 .text.__exponent
                0x0000000008009260       0x7c c:/st/stm32cubeide_1.6.1/stm32cubeide/plugins/com.st.stm32cube.ide.mcu.externaltools.gnu-tools-for-stm32.9-2020-q2-update.win32_2.0.0.202105311346/tools/bin/../lib/gcc/arm-none-eabi/9.3.1/../../../../arm-none-eabi/lib/thumb/v7e-m+fp/hard\libc_nano.a(lib_a-nano-vfprintf_float.o)
                0x0000000008009260                __exponent
 .text._printf_float
                0x00000000080092dc      0x46c c:/st/stm32cubeide_1.6.1/stm32cubeide/plugins/com.st.stm32cube.ide.mcu.externaltools.gnu-tools-for-stm32.9-2020-q2-update.win32_2.0.0.202105311346/tools/bin/../lib/gcc/arm-none-eabi/9.3.1/../../../../arm-none-eabi/lib/thumb/v7e-m+fp/hard\libc_nano.a(lib_a-nano-vfprintf_float.o)
                0x00000000080092dc                _printf_float
 .text._printf_common
                0x0000000008009748       0xda c:/st/stm32cubeide_1.6.1/stm32cubeide/plugins/com.st.stm32cube.ide.mcu.externaltools.gnu-tools-for-stm32.9-2020-q2-update.win32_2.0.0.202105311346/tools/bin/../lib/gcc/arm-none-eabi/9.3.1/../../../../arm-none-eabi/lib/thumb/v7e-m+fp/hard\libc_nano.a(lib_a-nano-vfprintf_i.o)
                0x0000000008009748                _printf_common
 *fill*         0x0000000008009822        0x2 
 .text._printf_i
                0x0000000008009824      0x24c c:/st/stm32cubeide_1.6.1/stm32cubeide/plugins/com.st.stm32cube.ide.mcu.externaltools.gnu-tools-for-stm32.9-2020-q2-update.win32_2.0.0.202105311346/tools/bin/../lib/gcc/arm-none-eabi/9.3.1/../../../../arm-none-eabi/lib/thumb/v7e-m+fp/hard\libc_nano.a(lib_a-nano-vfprintf_i.o)
                0x0000000008009824                _printf_i
 .text.printf   0x0000000008009a70       0x30 c:/st/stm32cubeide_1.6.1/stm32cubeide/plugins/com.st.stm32cube.ide.mcu.externaltools.gnu-tools-for-stm32.9-2020-q2-update.win32_2.0.0.202105311346/tools/bin/../lib/gcc/arm-none-eabi/9.3.1/../../../../arm-none-eabi/lib/thumb/v7e-m+fp/hard\libc_nano.a(lib_a-printf.o)
                0x0000000008009a70                iprintf
                0x0000000008009a70                printf
 .text.putchar  0x0000000008009aa0       0x2c c:/st/stm32cubeide_1.6.1/stm32cubeide/plugins/com.st.stm32cube.ide.mcu.externaltools.gnu-tools-for-stm32.9-2020-q2-update.win32_2.0.0.202105311346/tools/bin/../lib/gcc/arm-none-eabi/9.3.1/../../../../arm-none-eabi/lib/thumb/v7e-m+fp/hard\libc_nano.a(lib_a-putchar.o)
                0x0000000008009aa0                putchar
 .text._puts_r  0x0000000008009acc       0xdc c:/st/stm32cubeide_1.6.1/stm32cubeide/plugins/com.st.stm32cube.ide.mcu.externaltools.gnu-tools-for-stm32.9-2020-q2-update.win32_2.0.0.202105311346/tools/bin/../lib/gcc/arm-none-eabi/9.3.1/../../../../arm-none-eabi/lib/thumb/v7e-m+fp/hard\libc_nano.a(lib_a-puts.o)
                0x0000000008009acc                _puts_r
 .text.puts     0x0000000008009ba8       0x10 c:/st/stm32cubeide_1.6.1/stm32cubeide/plugins/com.st.stm32cube.ide.mcu.externaltools.gnu-tools-for-stm32.9-2020-q2-update.win32_2.0.0.202105311346/tools/bin/../lib/gcc/arm-none-eabi/9.3.1/../../../../arm-none-eabi/lib/thumb/v7e-m+fp/hard\libc_nano.a(lib_a-puts.o)
                0x0000000008009ba8                puts
 .text.sprintf  0x0000000008009bb8       0x40 c:/st/stm32cubeide_1.6.1/stm32cubeide/plugins/com.st.stm32cube.ide.mcu.externaltools.gnu-tools-for-stm32.9-2020-q2-update.win32_2.0.0.202105311346/tools/bin/../lib/gcc/arm-none-eabi/9.3.1/../../../../arm-none-eabi/lib/thumb/v7e-m+fp/hard\libc_nano.a(lib_a-sprintf.o)
                0x0000000008009bb8                siprintf
                0x0000000008009bb8                sprintf
 .text.__swbuf_r
                0x0000000008009bf8       0xa4 c:/st/stm32cubeide_1.6.1/stm32cubeide/plugins/com.st.stm32cube.ide.mcu.externaltools.gnu-tools-for-stm32.9-2020-q2-update.win32_2.0.0.202105311346/tools/bin/../lib/gcc/arm-none-eabi/9.3.1/../../../../arm-none-eabi/lib/thumb/v7e-m+fp/hard\libc_nano.a(lib_a-wbuf.o)
                0x0000000008009bf8                __swbuf_r
 .text.__swsetup_r
                0x0000000008009c9c       0xdc c:/st/stm32cubeide_1.6.1/stm32cubeide/plugins/com.st.stm32cube.ide.mcu.externaltools.gnu-tools-for-stm32.9-2020-q2-update.win32_2.0.0.202105311346/tools/bin/../lib/gcc/arm-none-eabi/9.3.1/../../../../arm-none-eabi/lib/thumb/v7e-m+fp/hard\libc_nano.a(lib_a-wsetup.o)
                0x0000000008009c9c                __swsetup_r
 .text.quorem   0x0000000008009d78      0x116 c:/st/stm32cubeide_1.6.1/stm32cubeide/plugins/com.st.stm32cube.ide.mcu.externaltools.gnu-tools-for-stm32.9-2020-q2-update.win32_2.0.0.202105311346/tools/bin/../lib/gcc/arm-none-eabi/9.3.1/../../../../arm-none-eabi/lib/thumb/v7e-m+fp/hard\libc_nano.a(lib_a-dtoa.o)
 *fill*         0x0000000008009e8e        0x2 
 .text._dtoa_r  0x0000000008009e90      0xbd8 c:/st/stm32cubeide_1.6.1/stm32cubeide/plugins/com.st.stm32cube.ide.mcu.externaltools.gnu-tools-for-stm32.9-2020-q2-update.win32_2.0.0.202105311346/tools/bin/../lib/gcc/arm-none-eabi/9.3.1/../../../../arm-none-eabi/lib/thumb/v7e-m+fp/hard\libc_nano.a(lib_a-dtoa.o)
                0x0000000008009e90                _dtoa_r
 .text.__sflush_r
                0x000000000800aa68      0x10c c:/st/stm32cubeide_1.6.1/stm32cubeide/plugins/com.st.stm32cube.ide.mcu.externaltools.gnu-tools-for-stm32.9-2020-q2-update.win32_2.0.0.202105311346/tools/bin/../lib/gcc/arm-none-eabi/9.3.1/../../../../arm-none-eabi/lib/thumb/v7e-m+fp/hard\libc_nano.a(lib_a-fflush.o)
                0x000000000800aa68                __sflush_r
 .text._fflush_r
                0x000000000800ab74       0x78 c:/st/stm32cubeide_1.6.1/stm32cubeide/plugins/com.st.stm32cube.ide.mcu.externaltools.gnu-tools-for-stm32.9-2020-q2-update.win32_2.0.0.202105311346/tools/bin/../lib/gcc/arm-none-eabi/9.3.1/../../../../arm-none-eabi/lib/thumb/v7e-m+fp/hard\libc_nano.a(lib_a-fflush.o)
                0x000000000800ab74                _fflush_r
 .text.std      0x000000000800abec       0x48 c:/st/stm32cubeide_1.6.1/stm32cubeide/plugins/com.st.stm32cube.ide.mcu.externaltools.gnu-tools-for-stm32.9-2020-q2-update.win32_2.0.0.202105311346/tools/bin/../lib/gcc/arm-none-eabi/9.3.1/../../../../arm-none-eabi/lib/thumb/v7e-m+fp/hard\libc_nano.a(lib_a-findfp.o)
 .text._cleanup_r
                0x000000000800ac34        0xc c:/st/stm32cubeide_1.6.1/stm32cubeide/plugins/com.st.stm32cube.ide.mcu.externaltools.gnu-tools-for-stm32.9-2020-q2-update.win32_2.0.0.202105311346/tools/bin/../lib/gcc/arm-none-eabi/9.3.1/../../../../arm-none-eabi/lib/thumb/v7e-m+fp/hard\libc_nano.a(lib_a-findfp.o)
                0x000000000800ac34                _cleanup_r
 .text.__sfmoreglue
                0x000000000800ac40       0x2c c:/st/stm32cubeide_1.6.1/stm32cubeide/plugins/com.st.stm32cube.ide.mcu.externaltools.gnu-tools-for-stm32.9-2020-q2-update.win32_2.0.0.202105311346/tools/bin/../lib/gcc/arm-none-eabi/9.3.1/../../../../arm-none-eabi/lib/thumb/v7e-m+fp/hard\libc_nano.a(lib_a-findfp.o)
                0x000000000800ac40                __sfmoreglue
 .text.__sfp_lock_acquire
                0x000000000800ac6c        0xc c:/st/stm32cubeide_1.6.1/stm32cubeide/plugins/com.st.stm32cube.ide.mcu.externaltools.gnu-tools-for-stm32.9-2020-q2-update.win32_2.0.0.202105311346/tools/bin/../lib/gcc/arm-none-eabi/9.3.1/../../../../arm-none-eabi/lib/thumb/v7e-m+fp/hard\libc_nano.a(lib_a-findfp.o)
                0x000000000800ac6c                __sfp_lock_acquire
 .text.__sfp_lock_release
                0x000000000800ac78        0xc c:/st/stm32cubeide_1.6.1/stm32cubeide/plugins/com.st.stm32cube.ide.mcu.externaltools.gnu-tools-for-stm32.9-2020-q2-update.win32_2.0.0.202105311346/tools/bin/../lib/gcc/arm-none-eabi/9.3.1/../../../../arm-none-eabi/lib/thumb/v7e-m+fp/hard\libc_nano.a(lib_a-findfp.o)
                0x000000000800ac78                __sfp_lock_release
 .text.__sinit_lock_acquire
                0x000000000800ac84        0xc c:/st/stm32cubeide_1.6.1/stm32cubeide/plugins/com.st.stm32cube.ide.mcu.externaltools.gnu-tools-for-stm32.9-2020-q2-update.win32_2.0.0.202105311346/tools/bin/../lib/gcc/arm-none-eabi/9.3.1/../../../../arm-none-eabi/lib/thumb/v7e-m+fp/hard\libc_nano.a(lib_a-findfp.o)
                0x000000000800ac84                __sinit_lock_acquire
 .text.__sinit_lock_release
                0x000000000800ac90        0xc c:/st/stm32cubeide_1.6.1/stm32cubeide/plugins/com.st.stm32cube.ide.mcu.externaltools.gnu-tools-for-stm32.9-2020-q2-update.win32_2.0.0.202105311346/tools/bin/../lib/gcc/arm-none-eabi/9.3.1/../../../../arm-none-eabi/lib/thumb/v7e-m+fp/hard\libc_nano.a(lib_a-findfp.o)
                0x000000000800ac90                __sinit_lock_release
 .text.__sinit  0x000000000800ac9c       0x70 c:/st/stm32cubeide_1.6.1/stm32cubeide/plugins/com.st.stm32cube.ide.mcu.externaltools.gnu-tools-for-stm32.9-2020-q2-update.win32_2.0.0.202105311346/tools/bin/../lib/gcc/arm-none-eabi/9.3.1/../../../../arm-none-eabi/lib/thumb/v7e-m+fp/hard\libc_nano.a(lib_a-findfp.o)
                0x000000000800ac9c                __sinit
 .text.__sfp    0x000000000800ad0c       0x8c c:/st/stm32cubeide_1.6.1/stm32cubeide/plugins/com.st.stm32cube.ide.mcu.externaltools.gnu-tools-for-stm32.9-2020-q2-update.win32_2.0.0.202105311346/tools/bin/../lib/gcc/arm-none-eabi/9.3.1/../../../../arm-none-eabi/lib/thumb/v7e-m+fp/hard\libc_nano.a(lib_a-findfp.o)
                0x000000000800ad0c                __sfp
 .text._fwalk_reent
                0x000000000800ad98       0x3e c:/st/stm32cubeide_1.6.1/stm32cubeide/plugins/com.st.stm32cube.ide.mcu.externaltools.gnu-tools-for-stm32.9-2020-q2-update.win32_2.0.0.202105311346/tools/bin/../lib/gcc/arm-none-eabi/9.3.1/../../../../arm-none-eabi/lib/thumb/v7e-m+fp/hard\libc_nano.a(lib_a-fwalk.o)
                0x000000000800ad98                _fwalk_reent
 *fill*         0x000000000800add6        0x2 
 .text._localeconv_r
                0x000000000800add8        0x8 c:/st/stm32cubeide_1.6.1/stm32cubeide/plugins/com.st.stm32cube.ide.mcu.externaltools.gnu-tools-for-stm32.9-2020-q2-update.win32_2.0.0.202105311346/tools/bin/../lib/gcc/arm-none-eabi/9.3.1/../../../../arm-none-eabi/lib/thumb/v7e-m+fp/hard\libc_nano.a(lib_a-localeconv.o)
                0x000000000800add8                _localeconv_r
 .text.__retarget_lock_init_recursive
                0x000000000800ade0        0x2 c:/st/stm32cubeide_1.6.1/stm32cubeide/plugins/com.st.stm32cube.ide.mcu.externaltools.gnu-tools-for-stm32.9-2020-q2-update.win32_2.0.0.202105311346/tools/bin/../lib/gcc/arm-none-eabi/9.3.1/../../../../arm-none-eabi/lib/thumb/v7e-m+fp/hard\libc_nano.a(lib_a-lock.o)
                0x000000000800ade0                __retarget_lock_init_recursive
 .text.__retarget_lock_acquire_recursive
                0x000000000800ade2        0x2 c:/st/stm32cubeide_1.6.1/stm32cubeide/plugins/com.st.stm32cube.ide.mcu.externaltools.gnu-tools-for-stm32.9-2020-q2-update.win32_2.0.0.202105311346/tools/bin/../lib/gcc/arm-none-eabi/9.3.1/../../../../arm-none-eabi/lib/thumb/v7e-m+fp/hard\libc_nano.a(lib_a-lock.o)
                0x000000000800ade2                __retarget_lock_acquire_recursive
 .text.__retarget_lock_release_recursive
                0x000000000800ade4        0x2 c:/st/stm32cubeide_1.6.1/stm32cubeide/plugins/com.st.stm32cube.ide.mcu.externaltools.gnu-tools-for-stm32.9-2020-q2-update.win32_2.0.0.202105311346/tools/bin/../lib/gcc/arm-none-eabi/9.3.1/../../../../arm-none-eabi/lib/thumb/v7e-m+fp/hard\libc_nano.a(lib_a-lock.o)
                0x000000000800ade4                __retarget_lock_release_recursive
 .text.__swhatbuf_r
                0x000000000800ade6       0x48 c:/st/stm32cubeide_1.6.1/stm32cubeide/plugins/com.st.stm32cube.ide.mcu.externaltools.gnu-tools-for-stm32.9-2020-q2-update.win32_2.0.0.202105311346/tools/bin/../lib/gcc/arm-none-eabi/9.3.1/../../../../arm-none-eabi/lib/thumb/v7e-m+fp/hard\libc_nano.a(lib_a-makebuf.o)
                0x000000000800ade6                __swhatbuf_r
 *fill*         0x000000000800ae2e        0x2 
 .text.__smakebuf_r
                0x000000000800ae30       0x80 c:/st/stm32cubeide_1.6.1/stm32cubeide/plugins/com.st.stm32cube.ide.mcu.externaltools.gnu-tools-for-stm32.9-2020-q2-update.win32_2.0.0.202105311346/tools/bin/../lib/gcc/arm-none-eabi/9.3.1/../../../../arm-none-eabi/lib/thumb/v7e-m+fp/hard\libc_nano.a(lib_a-makebuf.o)
                0x000000000800ae30                __smakebuf_r
 .text.malloc   0x000000000800aeb0       0x10 c:/st/stm32cubeide_1.6.1/stm32cubeide/plugins/com.st.stm32cube.ide.mcu.externaltools.gnu-tools-for-stm32.9-2020-q2-update.win32_2.0.0.202105311346/tools/bin/../lib/gcc/arm-none-eabi/9.3.1/../../../../arm-none-eabi/lib/thumb/v7e-m+fp/hard\libc_nano.a(lib_a-malloc.o)
                0x000000000800aeb0                malloc
 .text._Balloc  0x000000000800aec0       0x80 c:/st/stm32cubeide_1.6.1/stm32cubeide/plugins/com.st.stm32cube.ide.mcu.externaltools.gnu-tools-for-stm32.9-2020-q2-update.win32_2.0.0.202105311346/tools/bin/../lib/gcc/arm-none-eabi/9.3.1/../../../../arm-none-eabi/lib/thumb/v7e-m+fp/hard\libc_nano.a(lib_a-mprec.o)
                0x000000000800aec0                _Balloc
 .text._Bfree   0x000000000800af40       0x44 c:/st/stm32cubeide_1.6.1/stm32cubeide/plugins/com.st.stm32cube.ide.mcu.externaltools.gnu-tools-for-stm32.9-2020-q2-update.win32_2.0.0.202105311346/tools/bin/../lib/gcc/arm-none-eabi/9.3.1/../../../../arm-none-eabi/lib/thumb/v7e-m+fp/hard\libc_nano.a(lib_a-mprec.o)
                0x000000000800af40                _Bfree
 .text.__multadd
                0x000000000800af84       0x94 c:/st/stm32cubeide_1.6.1/stm32cubeide/plugins/com.st.stm32cube.ide.mcu.externaltools.gnu-tools-for-stm32.9-2020-q2-update.win32_2.0.0.202105311346/tools/bin/../lib/gcc/arm-none-eabi/9.3.1/../../../../arm-none-eabi/lib/thumb/v7e-m+fp/hard\libc_nano.a(lib_a-mprec.o)
                0x000000000800af84                __multadd
 .text.__hi0bits
                0x000000000800b018       0x40 c:/st/stm32cubeide_1.6.1/stm32cubeide/plugins/com.st.stm32cube.ide.mcu.externaltools.gnu-tools-for-stm32.9-2020-q2-update.win32_2.0.0.202105311346/tools/bin/../lib/gcc/arm-none-eabi/9.3.1/../../../../arm-none-eabi/lib/thumb/v7e-m+fp/hard\libc_nano.a(lib_a-mprec.o)
                0x000000000800b018                __hi0bits
 .text.__lo0bits
                0x000000000800b058       0x60 c:/st/stm32cubeide_1.6.1/stm32cubeide/plugins/com.st.stm32cube.ide.mcu.externaltools.gnu-tools-for-stm32.9-2020-q2-update.win32_2.0.0.202105311346/tools/bin/../lib/gcc/arm-none-eabi/9.3.1/../../../../arm-none-eabi/lib/thumb/v7e-m+fp/hard\libc_nano.a(lib_a-mprec.o)
                0x000000000800b058                __lo0bits
 .text.__i2b    0x000000000800b0b8       0x2c c:/st/stm32cubeide_1.6.1/stm32cubeide/plugins/com.st.stm32cube.ide.mcu.externaltools.gnu-tools-for-stm32.9-2020-q2-update.win32_2.0.0.202105311346/tools/bin/../lib/gcc/arm-none-eabi/9.3.1/../../../../arm-none-eabi/lib/thumb/v7e-m+fp/hard\libc_nano.a(lib_a-mprec.o)
                0x000000000800b0b8                __i2b
 .text.__multiply
                0x000000000800b0e4      0x14c c:/st/stm32cubeide_1.6.1/stm32cubeide/plugins/com.st.stm32cube.ide.mcu.externaltools.gnu-tools-for-stm32.9-2020-q2-update.win32_2.0.0.202105311346/tools/bin/../lib/gcc/arm-none-eabi/9.3.1/../../../../arm-none-eabi/lib/thumb/v7e-m+fp/hard\libc_nano.a(lib_a-mprec.o)
                0x000000000800b0e4                __multiply
 .text.__pow5mult
                0x000000000800b230       0xb4 c:/st/stm32cubeide_1.6.1/stm32cubeide/plugins/com.st.stm32cube.ide.mcu.externaltools.gnu-tools-for-stm32.9-2020-q2-update.win32_2.0.0.202105311346/tools/bin/../lib/gcc/arm-none-eabi/9.3.1/../../../../arm-none-eabi/lib/thumb/v7e-m+fp/hard\libc_nano.a(lib_a-mprec.o)
                0x000000000800b230                __pow5mult
 .text.__lshift
                0x000000000800b2e4       0xd8 c:/st/stm32cubeide_1.6.1/stm32cubeide/plugins/com.st.stm32cube.ide.mcu.externaltools.gnu-tools-for-stm32.9-2020-q2-update.win32_2.0.0.202105311346/tools/bin/../lib/gcc/arm-none-eabi/9.3.1/../../../../arm-none-eabi/lib/thumb/v7e-m+fp/hard\libc_nano.a(lib_a-mprec.o)
                0x000000000800b2e4                __lshift
 .text.__mcmp   0x000000000800b3bc       0x38 c:/st/stm32cubeide_1.6.1/stm32cubeide/plugins/com.st.stm32cube.ide.mcu.externaltools.gnu-tools-for-stm32.9-2020-q2-update.win32_2.0.0.202105311346/tools/bin/../lib/gcc/arm-none-eabi/9.3.1/../../../../arm-none-eabi/lib/thumb/v7e-m+fp/hard\libc_nano.a(lib_a-mprec.o)
                0x000000000800b3bc                __mcmp
 .text.__mdiff  0x000000000800b3f4      0x110 c:/st/stm32cubeide_1.6.1/stm32cubeide/plugins/com.st.stm32cube.ide.mcu.externaltools.gnu-tools-for-stm32.9-2020-q2-update.win32_2.0.0.202105311346/tools/bin/../lib/gcc/arm-none-eabi/9.3.1/../../../../arm-none-eabi/lib/thumb/v7e-m+fp/hard\libc_nano.a(lib_a-mprec.o)
                0x000000000800b3f4                __mdiff
 .text.__d2b    0x000000000800b504       0xb8 c:/st/stm32cubeide_1.6.1/stm32cubeide/plugins/com.st.stm32cube.ide.mcu.externaltools.gnu-tools-for-stm32.9-2020-q2-update.win32_2.0.0.202105311346/tools/bin/../lib/gcc/arm-none-eabi/9.3.1/../../../../arm-none-eabi/lib/thumb/v7e-m+fp/hard\libc_nano.a(lib_a-mprec.o)
                0x000000000800b504                __d2b
 .text._calloc_r
                0x000000000800b5bc       0x1e c:/st/stm32cubeide_1.6.1/stm32cubeide/plugins/com.st.stm32cube.ide.mcu.externaltools.gnu-tools-for-stm32.9-2020-q2-update.win32_2.0.0.202105311346/tools/bin/../lib/gcc/arm-none-eabi/9.3.1/../../../../arm-none-eabi/lib/thumb/v7e-m+fp/hard\libc_nano.a(lib_a-nano-callocr.o)
                0x000000000800b5bc                _calloc_r
 *fill*         0x000000000800b5da        0x2 
 .text._free_r  0x000000000800b5dc       0xa0 c:/st/stm32cubeide_1.6.1/stm32cubeide/plugins/com.st.stm32cube.ide.mcu.externaltools.gnu-tools-for-stm32.9-2020-q2-update.win32_2.0.0.202105311346/tools/bin/../lib/gcc/arm-none-eabi/9.3.1/../../../../arm-none-eabi/lib/thumb/v7e-m+fp/hard\libc_nano.a(lib_a-nano-freer.o)
                0x000000000800b5dc                _free_r
 .text._malloc_r
                0x000000000800b67c       0xb4 c:/st/stm32cubeide_1.6.1/stm32cubeide/plugins/com.st.stm32cube.ide.mcu.externaltools.gnu-tools-for-stm32.9-2020-q2-update.win32_2.0.0.202105311346/tools/bin/../lib/gcc/arm-none-eabi/9.3.1/../../../../arm-none-eabi/lib/thumb/v7e-m+fp/hard\libc_nano.a(lib_a-nano-mallocr.o)
                0x000000000800b67c                _malloc_r
 .text.__ssputs_r
                0x000000000800b730       0xb6 c:/st/stm32cubeide_1.6.1/stm32cubeide/plugins/com.st.stm32cube.ide.mcu.externaltools.gnu-tools-for-stm32.9-2020-q2-update.win32_2.0.0.202105311346/tools/bin/../lib/gcc/arm-none-eabi/9.3.1/../../../../arm-none-eabi/lib/thumb/v7e-m+fp/hard\libc_nano.a(lib_a-nano-svfprintf.o)
                0x000000000800b730                __ssputs_r
 *fill*         0x000000000800b7e6        0x2 
 .text._svfprintf_r
                0x000000000800b7e8      0x200 c:/st/stm32cubeide_1.6.1/stm32cubeide/plugins/com.st.stm32cube.ide.mcu.externaltools.gnu-tools-for-stm32.9-2020-q2-update.win32_2.0.0.202105311346/tools/bin/../lib/gcc/arm-none-eabi/9.3.1/../../../../arm-none-eabi/lib/thumb/v7e-m+fp/hard\libc_nano.a(lib_a-nano-svfprintf.o)
                0x000000000800b7e8                _svfiprintf_r
                0x000000000800b7e8                _svfprintf_r
 .text.__sfputc_r
                0x000000000800b9e8       0x2e c:/st/stm32cubeide_1.6.1/stm32cubeide/plugins/com.st.stm32cube.ide.mcu.externaltools.gnu-tools-for-stm32.9-2020-q2-update.win32_2.0.0.202105311346/tools/bin/../lib/gcc/arm-none-eabi/9.3.1/../../../../arm-none-eabi/lib/thumb/v7e-m+fp/hard\libc_nano.a(lib_a-nano-vfprintf.o)
 .text.__sfputs_r
                0x000000000800ba16       0x24 c:/st/stm32cubeide_1.6.1/stm32cubeide/plugins/com.st.stm32cube.ide.mcu.externaltools.gnu-tools-for-stm32.9-2020-q2-update.win32_2.0.0.202105311346/tools/bin/../lib/gcc/arm-none-eabi/9.3.1/../../../../arm-none-eabi/lib/thumb/v7e-m+fp/hard\libc_nano.a(lib_a-nano-vfprintf.o)
                0x000000000800ba16                __sfputs_r
 *fill*         0x000000000800ba3a        0x2 
 .text._vfprintf_r
                0x000000000800ba3c      0x260 c:/st/stm32cubeide_1.6.1/stm32cubeide/plugins/com.st.stm32cube.ide.mcu.externaltools.gnu-tools-for-stm32.9-2020-q2-update.win32_2.0.0.202105311346/tools/bin/../lib/gcc/arm-none-eabi/9.3.1/../../../../arm-none-eabi/lib/thumb/v7e-m+fp/hard\libc_nano.a(lib_a-nano-vfprintf.o)
                0x000000000800ba3c                _vfprintf_r
                0x000000000800ba3c                _vfiprintf_r
 .text._putc_r  0x000000000800bc9c       0x90 c:/st/stm32cubeide_1.6.1/stm32cubeide/plugins/com.st.stm32cube.ide.mcu.externaltools.gnu-tools-for-stm32.9-2020-q2-update.win32_2.0.0.202105311346/tools/bin/../lib/gcc/arm-none-eabi/9.3.1/../../../../arm-none-eabi/lib/thumb/v7e-m+fp/hard\libc_nano.a(lib_a-putc.o)
                0x000000000800bc9c                _putc_r
 .text._sbrk_r  0x000000000800bd2c       0x20 c:/st/stm32cubeide_1.6.1/stm32cubeide/plugins/com.st.stm32cube.ide.mcu.externaltools.gnu-tools-for-stm32.9-2020-q2-update.win32_2.0.0.202105311346/tools/bin/../lib/gcc/arm-none-eabi/9.3.1/../../../../arm-none-eabi/lib/thumb/v7e-m+fp/hard\libc_nano.a(lib_a-sbrkr.o)
                0x000000000800bd2c                _sbrk_r
 .text.__sread  0x000000000800bd4c       0x22 c:/st/stm32cubeide_1.6.1/stm32cubeide/plugins/com.st.stm32cube.ide.mcu.externaltools.gnu-tools-for-stm32.9-2020-q2-update.win32_2.0.0.202105311346/tools/bin/../lib/gcc/arm-none-eabi/9.3.1/../../../../arm-none-eabi/lib/thumb/v7e-m+fp/hard\libc_nano.a(lib_a-stdio.o)
                0x000000000800bd4c                __sread
 .text.__swrite
                0x000000000800bd6e       0x38 c:/st/stm32cubeide_1.6.1/stm32cubeide/plugins/com.st.stm32cube.ide.mcu.externaltools.gnu-tools-for-stm32.9-2020-q2-update.win32_2.0.0.202105311346/tools/bin/../lib/gcc/arm-none-eabi/9.3.1/../../../../arm-none-eabi/lib/thumb/v7e-m+fp/hard\libc_nano.a(lib_a-stdio.o)
                0x000000000800bd6e                __swrite
 .text.__sseek  0x000000000800bda6       0x24 c:/st/stm32cubeide_1.6.1/stm32cubeide/plugins/com.st.stm32cube.ide.mcu.externaltools.gnu-tools-for-stm32.9-2020-q2-update.win32_2.0.0.202105311346/tools/bin/../lib/gcc/arm-none-eabi/9.3.1/../../../../arm-none-eabi/lib/thumb/v7e-m+fp/hard\libc_nano.a(lib_a-stdio.o)
                0x000000000800bda6                __sseek
 .text.__sclose
                0x000000000800bdca        0x8 c:/st/stm32cubeide_1.6.1/stm32cubeide/plugins/com.st.stm32cube.ide.mcu.externaltools.gnu-tools-for-stm32.9-2020-q2-update.win32_2.0.0.202105311346/tools/bin/../lib/gcc/arm-none-eabi/9.3.1/../../../../arm-none-eabi/lib/thumb/v7e-m+fp/hard\libc_nano.a(lib_a-stdio.o)
                0x000000000800bdca                __sclose
 *fill*         0x000000000800bdd2        0x2 
 .text._write_r
                0x000000000800bdd4       0x24 c:/st/stm32cubeide_1.6.1/stm32cubeide/plugins/com.st.stm32cube.ide.mcu.externaltools.gnu-tools-for-stm32.9-2020-q2-update.win32_2.0.0.202105311346/tools/bin/../lib/gcc/arm-none-eabi/9.3.1/../../../../arm-none-eabi/lib/thumb/v7e-m+fp/hard\libc_nano.a(lib_a-writer.o)
                0x000000000800bdd4                _write_r
 .text.__assert_func
                0x000000000800bdf8       0x3c c:/st/stm32cubeide_1.6.1/stm32cubeide/plugins/com.st.stm32cube.ide.mcu.externaltools.gnu-tools-for-stm32.9-2020-q2-update.win32_2.0.0.202105311346/tools/bin/../lib/gcc/arm-none-eabi/9.3.1/../../../../arm-none-eabi/lib/thumb/v7e-m+fp/hard\libc_nano.a(lib_a-assert.o)
                0x000000000800bdf8                __assert_func
 .text._close_r
                0x000000000800be34       0x20 c:/st/stm32cubeide_1.6.1/stm32cubeide/plugins/com.st.stm32cube.ide.mcu.externaltools.gnu-tools-for-stm32.9-2020-q2-update.win32_2.0.0.202105311346/tools/bin/../lib/gcc/arm-none-eabi/9.3.1/../../../../arm-none-eabi/lib/thumb/v7e-m+fp/hard\libc_nano.a(lib_a-closer.o)
                0x000000000800be34                _close_r
 .text.fprintf  0x000000000800be54       0x24 c:/st/stm32cubeide_1.6.1/stm32cubeide/plugins/com.st.stm32cube.ide.mcu.externaltools.gnu-tools-for-stm32.9-2020-q2-update.win32_2.0.0.202105311346/tools/bin/../lib/gcc/arm-none-eabi/9.3.1/../../../../arm-none-eabi/lib/thumb/v7e-m+fp/hard\libc_nano.a(lib_a-fprintf.o)
                0x000000000800be54                fiprintf
                0x000000000800be54                fprintf
 .text._fstat_r
                0x000000000800be78       0x24 c:/st/stm32cubeide_1.6.1/stm32cubeide/plugins/com.st.stm32cube.ide.mcu.externaltools.gnu-tools-for-stm32.9-2020-q2-update.win32_2.0.0.202105311346/tools/bin/../lib/gcc/arm-none-eabi/9.3.1/../../../../arm-none-eabi/lib/thumb/v7e-m+fp/hard\libc_nano.a(lib_a-fstatr.o)
                0x000000000800be78                _fstat_r
 .text._isatty_r
                0x000000000800be9c       0x20 c:/st/stm32cubeide_1.6.1/stm32cubeide/plugins/com.st.stm32cube.ide.mcu.externaltools.gnu-tools-for-stm32.9-2020-q2-update.win32_2.0.0.202105311346/tools/bin/../lib/gcc/arm-none-eabi/9.3.1/../../../../arm-none-eabi/lib/thumb/v7e-m+fp/hard\libc_nano.a(lib_a-isattyr.o)
                0x000000000800be9c                _isatty_r
 .text._lseek_r
                0x000000000800bebc       0x24 c:/st/stm32cubeide_1.6.1/stm32cubeide/plugins/com.st.stm32cube.ide.mcu.externaltools.gnu-tools-for-stm32.9-2020-q2-update.win32_2.0.0.202105311346/tools/bin/../lib/gcc/arm-none-eabi/9.3.1/../../../../arm-none-eabi/lib/thumb/v7e-m+fp/hard\libc_nano.a(lib_a-lseekr.o)
                0x000000000800bebc                _lseek_r
 .text.__ascii_mbtowc
                0x000000000800bee0       0x24 c:/st/stm32cubeide_1.6.1/stm32cubeide/plugins/com.st.stm32cube.ide.mcu.externaltools.gnu-tools-for-stm32.9-2020-q2-update.win32_2.0.0.202105311346/tools/bin/../lib/gcc/arm-none-eabi/9.3.1/../../../../arm-none-eabi/lib/thumb/v7e-m+fp/hard\libc_nano.a(lib_a-mbtowc_r.o)
                0x000000000800bee0                __ascii_mbtowc
 .text.memmove  0x000000000800bf04       0x34 c:/st/stm32cubeide_1.6.1/stm32cubeide/plugins/com.st.stm32cube.ide.mcu.externaltools.gnu-tools-for-stm32.9-2020-q2-update.win32_2.0.0.202105311346/tools/bin/../lib/gcc/arm-none-eabi/9.3.1/../../../../arm-none-eabi/lib/thumb/v7e-m+fp/hard\libc_nano.a(lib_a-memmove.o)
                0x000000000800bf04                memmove
 .text.__malloc_lock
                0x000000000800bf38        0xc c:/st/stm32cubeide_1.6.1/stm32cubeide/plugins/com.st.stm32cube.ide.mcu.externaltools.gnu-tools-for-stm32.9-2020-q2-update.win32_2.0.0.202105311346/tools/bin/../lib/gcc/arm-none-eabi/9.3.1/../../../../arm-none-eabi/lib/thumb/v7e-m+fp/hard\libc_nano.a(lib_a-mlock.o)
                0x000000000800bf38                __malloc_lock
 .text.__malloc_unlock
                0x000000000800bf44        0xc c:/st/stm32cubeide_1.6.1/stm32cubeide/plugins/com.st.stm32cube.ide.mcu.externaltools.gnu-tools-for-stm32.9-2020-q2-update.win32_2.0.0.202105311346/tools/bin/../lib/gcc/arm-none-eabi/9.3.1/../../../../arm-none-eabi/lib/thumb/v7e-m+fp/hard\libc_nano.a(lib_a-mlock.o)
                0x000000000800bf44                __malloc_unlock
 .text._realloc_r
                0x000000000800bf50       0x4c c:/st/stm32cubeide_1.6.1/stm32cubeide/plugins/com.st.stm32cube.ide.mcu.externaltools.gnu-tools-for-stm32.9-2020-q2-update.win32_2.0.0.202105311346/tools/bin/../lib/gcc/arm-none-eabi/9.3.1/../../../../arm-none-eabi/lib/thumb/v7e-m+fp/hard\libc_nano.a(lib_a-nano-reallocr.o)
                0x000000000800bf50                _realloc_r
 .text._read_r  0x000000000800bf9c       0x24 c:/st/stm32cubeide_1.6.1/stm32cubeide/plugins/com.st.stm32cube.ide.mcu.externaltools.gnu-tools-for-stm32.9-2020-q2-update.win32_2.0.0.202105311346/tools/bin/../lib/gcc/arm-none-eabi/9.3.1/../../../../arm-none-eabi/lib/thumb/v7e-m+fp/hard\libc_nano.a(lib_a-readr.o)
                0x000000000800bf9c                _read_r
 .text.__ascii_wctomb
                0x000000000800bfc0       0x1a c:/st/stm32cubeide_1.6.1/stm32cubeide/plugins/com.st.stm32cube.ide.mcu.externaltools.gnu-tools-for-stm32.9-2020-q2-update.win32_2.0.0.202105311346/tools/bin/../lib/gcc/arm-none-eabi/9.3.1/../../../../arm-none-eabi/lib/thumb/v7e-m+fp/hard\libc_nano.a(lib_a-wctomb_r.o)
                0x000000000800bfc0                __ascii_wctomb
 .text.abort    0x000000000800bfda        0xe c:/st/stm32cubeide_1.6.1/stm32cubeide/plugins/com.st.stm32cube.ide.mcu.externaltools.gnu-tools-for-stm32.9-2020-q2-update.win32_2.0.0.202105311346/tools/bin/../lib/gcc/arm-none-eabi/9.3.1/../../../../arm-none-eabi/lib/thumb/v7e-m+fp/hard\libc_nano.a(lib_a-abort.o)
                0x000000000800bfda                abort
 .text._malloc_usable_size_r
                0x000000000800bfe8       0x10 c:/st/stm32cubeide_1.6.1/stm32cubeide/plugins/com.st.stm32cube.ide.mcu.externaltools.gnu-tools-for-stm32.9-2020-q2-update.win32_2.0.0.202105311346/tools/bin/../lib/gcc/arm-none-eabi/9.3.1/../../../../arm-none-eabi/lib/thumb/v7e-m+fp/hard\libc_nano.a(lib_a-nano-msizer.o)
                0x000000000800bfe8                _malloc_usable_size_r
 .text._raise_r
                0x000000000800bff8       0x50 c:/st/stm32cubeide_1.6.1/stm32cubeide/plugins/com.st.stm32cube.ide.mcu.externaltools.gnu-tools-for-stm32.9-2020-q2-update.win32_2.0.0.202105311346/tools/bin/../lib/gcc/arm-none-eabi/9.3.1/../../../../arm-none-eabi/lib/thumb/v7e-m+fp/hard\libc_nano.a(lib_a-signal.o)
                0x000000000800bff8                _raise_r
 .text.raise    0x000000000800c048       0x10 c:/st/stm32cubeide_1.6.1/stm32cubeide/plugins/com.st.stm32cube.ide.mcu.externaltools.gnu-tools-for-stm32.9-2020-q2-update.win32_2.0.0.202105311346/tools/bin/../lib/gcc/arm-none-eabi/9.3.1/../../../../arm-none-eabi/lib/thumb/v7e-m+fp/hard\libc_nano.a(lib_a-signal.o)
                0x000000000800c048                raise
 .text._kill_r  0x000000000800c058       0x24 c:/st/stm32cubeide_1.6.1/stm32cubeide/plugins/com.st.stm32cube.ide.mcu.externaltools.gnu-tools-for-stm32.9-2020-q2-update.win32_2.0.0.202105311346/tools/bin/../lib/gcc/arm-none-eabi/9.3.1/../../../../arm-none-eabi/lib/thumb/v7e-m+fp/hard\libc_nano.a(lib_a-signalr.o)
                0x000000000800c058                _kill_r
 .text._getpid_r
                0x000000000800c07c        0x4 c:/st/stm32cubeide_1.6.1/stm32cubeide/plugins/com.st.stm32cube.ide.mcu.externaltools.gnu-tools-for-stm32.9-2020-q2-update.win32_2.0.0.202105311346/tools/bin/../lib/gcc/arm-none-eabi/9.3.1/../../../../arm-none-eabi/lib/thumb/v7e-m+fp/hard\libc_nano.a(lib_a-signalr.o)
                0x000000000800c07c                _getpid_r
 *(.glue_7)
 .glue_7        0x000000000800c080        0x0 linker stubs
 *(.glue_7t)
 .glue_7t       0x000000000800c080        0x0 linker stubs
 *(.eh_frame)
 .eh_frame      0x000000000800c080        0x0 c:/st/stm32cubeide_1.6.1/stm32cubeide/plugins/com.st.stm32cube.ide.mcu.externaltools.gnu-tools-for-stm32.9-2020-q2-update.win32_2.0.0.202105311346/tools/bin/../lib/gcc/arm-none-eabi/9.3.1/thumb/v7e-m+fp/hard/crtbegin.o
 *(.init)
 .init          0x000000000800c080        0x4 c:/st/stm32cubeide_1.6.1/stm32cubeide/plugins/com.st.stm32cube.ide.mcu.externaltools.gnu-tools-for-stm32.9-2020-q2-update.win32_2.0.0.202105311346/tools/bin/../lib/gcc/arm-none-eabi/9.3.1/thumb/v7e-m+fp/hard/crti.o
                0x000000000800c080                _init
 .init          0x000000000800c084        0x8 c:/st/stm32cubeide_1.6.1/stm32cubeide/plugins/com.st.stm32cube.ide.mcu.externaltools.gnu-tools-for-stm32.9-2020-q2-update.win32_2.0.0.202105311346/tools/bin/../lib/gcc/arm-none-eabi/9.3.1/thumb/v7e-m+fp/hard/crtn.o
 *(.fini)
 .fini          0x000000000800c08c        0x4 c:/st/stm32cubeide_1.6.1/stm32cubeide/plugins/com.st.stm32cube.ide.mcu.externaltools.gnu-tools-for-stm32.9-2020-q2-update.win32_2.0.0.202105311346/tools/bin/../lib/gcc/arm-none-eabi/9.3.1/thumb/v7e-m+fp/hard/crti.o
                0x000000000800c08c                _fini
 .fini          0x000000000800c090        0x8 c:/st/stm32cubeide_1.6.1/stm32cubeide/plugins/com.st.stm32cube.ide.mcu.externaltools.gnu-tools-for-stm32.9-2020-q2-update.win32_2.0.0.202105311346/tools/bin/../lib/gcc/arm-none-eabi/9.3.1/thumb/v7e-m+fp/hard/crtn.o
                0x000000000800c098                . = ALIGN (0x4)
                0x000000000800c098                _etext = .

.vfp11_veneer   0x000000000800c098        0x0
 .vfp11_veneer  0x000000000800c098        0x0 linker stubs

.v4_bx          0x000000000800c098        0x0
 .v4_bx         0x000000000800c098        0x0 linker stubs

.iplt           0x000000000800c098        0x0
 .iplt          0x000000000800c098        0x0 c:/st/stm32cubeide_1.6.1/stm32cubeide/plugins/com.st.stm32cube.ide.mcu.externaltools.gnu-tools-for-stm32.9-2020-q2-update.win32_2.0.0.202105311346/tools/bin/../lib/gcc/arm-none-eabi/9.3.1/thumb/v7e-m+fp/hard/crtbegin.o

.rodata         0x000000000800c098      0xaf4
                0x000000000800c098                . = ALIGN (0x4)
 *(.rodata)
 .rodata        0x000000000800c098      0x222 ./Core/Src/main.o
 *fill*         0x000000000800c2ba        0x2 
 .rodata        0x000000000800c2bc       0x48 ./Middlewares/Third_Party/FatFs/src/ff.o
 *(.rodata*)
 .rodata.SX1278_Power
                0x000000000800c304        0x4 ./Core/Src/SX1278.o
 .rodata.SX1278_SpreadFactor
                0x000000000800c308        0x7 ./Core/Src/SX1278.o
 *fill*         0x000000000800c30f        0x1 
 .rodata.SX1278_LoRaBandwidth
                0x000000000800c310        0xa ./Core/Src/SX1278.o
 *fill*         0x000000000800c31a        0x2 
 .rodata.SX1278_CodingRate
                0x000000000800c31c        0x4 ./Core/Src/SX1278.o
 .rodata.SX1278_CRC_Sum
                0x000000000800c320        0x2 ./Core/Src/SX1278.o
 *fill*         0x000000000800c322        0x2 
 .rodata.AHBPrescTable
                0x000000000800c324       0x10 ./Core/Src/system_stm32l4xx.o
                0x000000000800c324                AHBPrescTable
 .rodata.APBPrescTable
                0x000000000800c334        0x8 ./Core/Src/system_stm32l4xx.o
                0x000000000800c334                APBPrescTable
 .rodata.MSIRangeTable
                0x000000000800c33c       0x30 ./Core/Src/system_stm32l4xx.o
                0x000000000800c33c                MSIRangeTable
 .rodata.ExCvt  0x000000000800c36c       0x80 ./Middlewares/Third_Party/FatFs/src/ff.o
 .rodata.LfnOfs
                0x000000000800c3ec        0xd ./Middlewares/Third_Party/FatFs/src/ff.o
 *fill*         0x000000000800c3f9        0x3 
 .rodata.Tbl    0x000000000800c3fc      0x100 ./Middlewares/Third_Party/FatFs/src/option/ccsbcs.o
 .rodata.cvt1.9199
                0x000000000800c4fc      0x1f2 ./Middlewares/Third_Party/FatFs/src/option/ccsbcs.o
 *fill*         0x000000000800c6ee        0x2 
 .rodata.cvt2.9200
                0x000000000800c6f0       0xbc ./Middlewares/Third_Party/FatFs/src/option/ccsbcs.o
 .rodata._global_impure_ptr
                0x000000000800c7ac        0x4 c:/st/stm32cubeide_1.6.1/stm32cubeide/plugins/com.st.stm32cube.ide.mcu.externaltools.gnu-tools-for-stm32.9-2020-q2-update.win32_2.0.0.202105311346/tools/bin/../lib/gcc/arm-none-eabi/9.3.1/../../../../arm-none-eabi/lib/thumb/v7e-m+fp/hard\libc_nano.a(lib_a-impure.o)
                0x000000000800c7ac                _global_impure_ptr
 .rodata._printf_float.str1.1
                0x000000000800c7b0       0x12 c:/st/stm32cubeide_1.6.1/stm32cubeide/plugins/com.st.stm32cube.ide.mcu.externaltools.gnu-tools-for-stm32.9-2020-q2-update.win32_2.0.0.202105311346/tools/bin/../lib/gcc/arm-none-eabi/9.3.1/../../../../arm-none-eabi/lib/thumb/v7e-m+fp/hard\libc_nano.a(lib_a-nano-vfprintf_float.o)
 .rodata._printf_i.str1.1
                0x000000000800c7c2       0x22 c:/st/stm32cubeide_1.6.1/stm32cubeide/plugins/com.st.stm32cube.ide.mcu.externaltools.gnu-tools-for-stm32.9-2020-q2-update.win32_2.0.0.202105311346/tools/bin/../lib/gcc/arm-none-eabi/9.3.1/../../../../arm-none-eabi/lib/thumb/v7e-m+fp/hard\libc_nano.a(lib_a-nano-vfprintf_i.o)
 .rodata._dtoa_r.str1.1
                0x000000000800c7e4       0x94 c:/st/stm32cubeide_1.6.1/stm32cubeide/plugins/com.st.stm32cube.ide.mcu.externaltools.gnu-tools-for-stm32.9-2020-q2-update.win32_2.0.0.202105311346/tools/bin/../lib/gcc/arm-none-eabi/9.3.1/../../../../arm-none-eabi/lib/thumb/v7e-m+fp/hard\libc_nano.a(lib_a-dtoa.o)
                                         0x96 (size before relaxing)
 .rodata.__sf_fake_stderr
                0x000000000800c878       0x20 c:/st/stm32cubeide_1.6.1/stm32cubeide/plugins/com.st.stm32cube.ide.mcu.externaltools.gnu-tools-for-stm32.9-2020-q2-update.win32_2.0.0.202105311346/tools/bin/../lib/gcc/arm-none-eabi/9.3.1/../../../../arm-none-eabi/lib/thumb/v7e-m+fp/hard\libc_nano.a(lib_a-findfp.o)
                0x000000000800c878                __sf_fake_stderr
 .rodata.__sf_fake_stdin
                0x000000000800c898       0x20 c:/st/stm32cubeide_1.6.1/stm32cubeide/plugins/com.st.stm32cube.ide.mcu.externaltools.gnu-tools-for-stm32.9-2020-q2-update.win32_2.0.0.202105311346/tools/bin/../lib/gcc/arm-none-eabi/9.3.1/../../../../arm-none-eabi/lib/thumb/v7e-m+fp/hard\libc_nano.a(lib_a-findfp.o)
                0x000000000800c898                __sf_fake_stdin
 .rodata.__sf_fake_stdout
                0x000000000800c8b8       0x20 c:/st/stm32cubeide_1.6.1/stm32cubeide/plugins/com.st.stm32cube.ide.mcu.externaltools.gnu-tools-for-stm32.9-2020-q2-update.win32_2.0.0.202105311346/tools/bin/../lib/gcc/arm-none-eabi/9.3.1/../../../../arm-none-eabi/lib/thumb/v7e-m+fp/hard\libc_nano.a(lib_a-findfp.o)
                0x000000000800c8b8                __sf_fake_stdout
 .rodata._Balloc.str1.1
                0x000000000800c8d8       0x60 c:/st/stm32cubeide_1.6.1/stm32cubeide/plugins/com.st.stm32cube.ide.mcu.externaltools.gnu-tools-for-stm32.9-2020-q2-update.win32_2.0.0.202105311346/tools/bin/../lib/gcc/arm-none-eabi/9.3.1/../../../../arm-none-eabi/lib/thumb/v7e-m+fp/hard\libc_nano.a(lib_a-mprec.o)
                                         0x77 (size before relaxing)
 .rodata.__multadd.str1.1
                0x000000000800c938       0x11 c:/st/stm32cubeide_1.6.1/stm32cubeide/plugins/com.st.stm32cube.ide.mcu.externaltools.gnu-tools-for-stm32.9-2020-q2-update.win32_2.0.0.202105311346/tools/bin/../lib/gcc/arm-none-eabi/9.3.1/../../../../arm-none-eabi/lib/thumb/v7e-m+fp/hard\libc_nano.a(lib_a-mprec.o)
 .rodata.__mprec_bigtens
                0x000000000800c938       0x28 c:/st/stm32cubeide_1.6.1/stm32cubeide/plugins/com.st.stm32cube.ide.mcu.externaltools.gnu-tools-for-stm32.9-2020-q2-update.win32_2.0.0.202105311346/tools/bin/../lib/gcc/arm-none-eabi/9.3.1/../../../../arm-none-eabi/lib/thumb/v7e-m+fp/hard\libc_nano.a(lib_a-mprec.o)
                0x000000000800c938                __mprec_bigtens
 .rodata.__mprec_tens
                0x000000000800c960       0xc8 c:/st/stm32cubeide_1.6.1/stm32cubeide/plugins/com.st.stm32cube.ide.mcu.externaltools.gnu-tools-for-stm32.9-2020-q2-update.win32_2.0.0.202105311346/tools/bin/../lib/gcc/arm-none-eabi/9.3.1/../../../../arm-none-eabi/lib/thumb/v7e-m+fp/hard\libc_nano.a(lib_a-mprec.o)
                0x000000000800c960                __mprec_tens
 .rodata.p05.7513
                0x000000000800ca28        0xc c:/st/stm32cubeide_1.6.1/stm32cubeide/plugins/com.st.stm32cube.ide.mcu.externaltools.gnu-tools-for-stm32.9-2020-q2-update.win32_2.0.0.202105311346/tools/bin/../lib/gcc/arm-none-eabi/9.3.1/../../../../arm-none-eabi/lib/thumb/v7e-m+fp/hard\libc_nano.a(lib_a-mprec.o)
 .rodata._svfprintf_r.str1.1
                0x000000000800ca34       0x11 c:/st/stm32cubeide_1.6.1/stm32cubeide/plugins/com.st.stm32cube.ide.mcu.externaltools.gnu-tools-for-stm32.9-2020-q2-update.win32_2.0.0.202105311346/tools/bin/../lib/gcc/arm-none-eabi/9.3.1/../../../../arm-none-eabi/lib/thumb/v7e-m+fp/hard\libc_nano.a(lib_a-nano-svfprintf.o)
 .rodata._vfprintf_r.str1.1
                0x000000000800ca45       0x11 c:/st/stm32cubeide_1.6.1/stm32cubeide/plugins/com.st.stm32cube.ide.mcu.externaltools.gnu-tools-for-stm32.9-2020-q2-update.win32_2.0.0.202105311346/tools/bin/../lib/gcc/arm-none-eabi/9.3.1/../../../../arm-none-eabi/lib/thumb/v7e-m+fp/hard\libc_nano.a(lib_a-nano-vfprintf.o)
 .rodata.__assert_func.str1.1
                0x000000000800ca45       0x3c c:/st/stm32cubeide_1.6.1/stm32cubeide/plugins/com.st.stm32cube.ide.mcu.externaltools.gnu-tools-for-stm32.9-2020-q2-update.win32_2.0.0.202105311346/tools/bin/../lib/gcc/arm-none-eabi/9.3.1/../../../../arm-none-eabi/lib/thumb/v7e-m+fp/hard\libc_nano.a(lib_a-assert.o)
                                         0x3d (size before relaxing)
 .rodata._setlocale_r.str1.1
                0x000000000800ca81        0x8 c:/st/stm32cubeide_1.6.1/stm32cubeide/plugins/com.st.stm32cube.ide.mcu.externaltools.gnu-tools-for-stm32.9-2020-q2-update.win32_2.0.0.202105311346/tools/bin/../lib/gcc/arm-none-eabi/9.3.1/../../../../arm-none-eabi/lib/thumb/v7e-m+fp/hard\libc_nano.a(lib_a-locale.o)
                                          0x9 (size before relaxing)
 .rodata.str1.1
                0x000000000800ca89        0x2 c:/st/stm32cubeide_1.6.1/stm32cubeide/plugins/com.st.stm32cube.ide.mcu.externaltools.gnu-tools-for-stm32.9-2020-q2-update.win32_2.0.0.202105311346/tools/bin/../lib/gcc/arm-none-eabi/9.3.1/../../../../arm-none-eabi/lib/thumb/v7e-m+fp/hard\libc_nano.a(lib_a-locale.o)
 .rodata._ctype_
                0x000000000800ca8b      0x101 c:/st/stm32cubeide_1.6.1/stm32cubeide/plugins/com.st.stm32cube.ide.mcu.externaltools.gnu-tools-for-stm32.9-2020-q2-update.win32_2.0.0.202105311346/tools/bin/../lib/gcc/arm-none-eabi/9.3.1/../../../../arm-none-eabi/lib/thumb/v7e-m+fp/hard\libc_nano.a(lib_a-ctype_.o)
                0x000000000800ca8b                _ctype_
                0x000000000800cb8c                . = ALIGN (0x4)

.ARM.extab      0x000000000800cb8c        0x0
                0x000000000800cb8c                . = ALIGN (0x4)
 *(.ARM.extab* .gnu.linkonce.armextab.*)
                0x000000000800cb8c                . = ALIGN (0x4)

.ARM            0x000000000800cb8c        0x8
                0x000000000800cb8c                . = ALIGN (0x4)
                0x000000000800cb8c                __exidx_start = .
 *(.ARM.exidx*)
 .ARM.exidx     0x000000000800cb8c        0x8 c:/st/stm32cubeide_1.6.1/stm32cubeide/plugins/com.st.stm32cube.ide.mcu.externaltools.gnu-tools-for-stm32.9-2020-q2-update.win32_2.0.0.202105311346/tools/bin/../lib/gcc/arm-none-eabi/9.3.1/thumb/v7e-m+fp/hard\libgcc.a(_udivmoddi4.o)
                0x000000000800cb94                __exidx_end = .
                0x000000000800cb94                . = ALIGN (0x4)

.rel.dyn        0x000000000800cb94        0x0
 .rel.iplt      0x000000000800cb94        0x0 c:/st/stm32cubeide_1.6.1/stm32cubeide/plugins/com.st.stm32cube.ide.mcu.externaltools.gnu-tools-for-stm32.9-2020-q2-update.win32_2.0.0.202105311346/tools/bin/../lib/gcc/arm-none-eabi/9.3.1/thumb/v7e-m+fp/hard/crtbegin.o

.preinit_array  0x000000000800cb94        0x0
                0x000000000800cb94                . = ALIGN (0x4)
                0x000000000800cb94                PROVIDE (__preinit_array_start = .)
 *(.preinit_array*)
                0x000000000800cb94                PROVIDE (__preinit_array_end = .)
                0x000000000800cb94                . = ALIGN (0x4)

.init_array     0x000000000800cb94        0x4
                0x000000000800cb94                . = ALIGN (0x4)
                0x000000000800cb94                PROVIDE (__init_array_start = .)
 *(SORT_BY_NAME(.init_array.*))
 *(.init_array*)
 .init_array    0x000000000800cb94        0x4 c:/st/stm32cubeide_1.6.1/stm32cubeide/plugins/com.st.stm32cube.ide.mcu.externaltools.gnu-tools-for-stm32.9-2020-q2-update.win32_2.0.0.202105311346/tools/bin/../lib/gcc/arm-none-eabi/9.3.1/thumb/v7e-m+fp/hard/crtbegin.o
                0x000000000800cb98                PROVIDE (__init_array_end = .)
                0x000000000800cb98                . = ALIGN (0x4)

.fini_array     0x000000000800cb98        0x4
                0x000000000800cb98                . = ALIGN (0x4)
                [!provide]                        PROVIDE (__fini_array_start = .)
 *(SORT_BY_NAME(.fini_array.*))
 *(.fini_array*)
 .fini_array    0x000000000800cb98        0x4 c:/st/stm32cubeide_1.6.1/stm32cubeide/plugins/com.st.stm32cube.ide.mcu.externaltools.gnu-tools-for-stm32.9-2020-q2-update.win32_2.0.0.202105311346/tools/bin/../lib/gcc/arm-none-eabi/9.3.1/thumb/v7e-m+fp/hard/crtbegin.o
                [!provide]                        PROVIDE (__fini_array_end = .)
                0x000000000800cb9c                . = ALIGN (0x4)
                0x000000000800cb9c                _sidata = LOADADDR (.data)

.data           0x0000000020000000      0x1fc load address 0x000000000800cb9c
                0x0000000020000000                . = ALIGN (0x4)
                0x0000000020000000                _sdata = .
 *(.data)
 *(.data*)
 .data.Stat     0x0000000020000000        0x1 ./Core/Src/fatfs_sd.o
 *fill*         0x0000000020000001        0x3 
 .data.Current  0x0000000020000004        0x4 ./Core/Src/main.o
                0x0000000020000004                Current
 .data.sum_Voltage
                0x0000000020000008        0x4 ./Core/Src/main.o
                0x0000000020000008                sum_Voltage
 .data.SystemCoreClock
                0x000000002000000c        0x4 ./Core/Src/system_stm32l4xx.o
                0x000000002000000c                SystemCoreClock
 .data.uwTickPrio
                0x0000000020000010        0x4 ./Drivers/STM32L4xx_HAL_Driver/Src/stm32l4xx_hal.o
                0x0000000020000010                uwTickPrio
 .data.uwTickFreq
                0x0000000020000014        0x1 ./Drivers/STM32L4xx_HAL_Driver/Src/stm32l4xx_hal.o
                0x0000000020000014                uwTickFreq
 *fill*         0x0000000020000015        0x3 
 .data.USER_Driver
                0x0000000020000018       0x14 ./FATFS/Target/user_diskio.o
                0x0000000020000018                USER_Driver
 .data._impure_ptr
                0x000000002000002c        0x4 c:/st/stm32cubeide_1.6.1/stm32cubeide/plugins/com.st.stm32cube.ide.mcu.externaltools.gnu-tools-for-stm32.9-2020-q2-update.win32_2.0.0.202105311346/tools/bin/../lib/gcc/arm-none-eabi/9.3.1/../../../../arm-none-eabi/lib/thumb/v7e-m+fp/hard\libc_nano.a(lib_a-impure.o)
                0x000000002000002c                _impure_ptr
 .data.impure_data
                0x0000000020000030       0x60 c:/st/stm32cubeide_1.6.1/stm32cubeide/plugins/com.st.stm32cube.ide.mcu.externaltools.gnu-tools-for-stm32.9-2020-q2-update.win32_2.0.0.202105311346/tools/bin/../lib/gcc/arm-none-eabi/9.3.1/../../../../arm-none-eabi/lib/thumb/v7e-m+fp/hard\libc_nano.a(lib_a-impure.o)
 .data.__global_locale
                0x0000000020000090      0x16c c:/st/stm32cubeide_1.6.1/stm32cubeide/plugins/com.st.stm32cube.ide.mcu.externaltools.gnu-tools-for-stm32.9-2020-q2-update.win32_2.0.0.202105311346/tools/bin/../lib/gcc/arm-none-eabi/9.3.1/../../../../arm-none-eabi/lib/thumb/v7e-m+fp/hard\libc_nano.a(lib_a-locale.o)
                0x0000000020000090                __global_locale
 *(.RamFunc)
 *(.RamFunc*)
                0x00000000200001fc                . = ALIGN (0x4)
                0x00000000200001fc                _edata = .

.igot.plt       0x00000000200001fc        0x0 load address 0x000000000800cd98
 .igot.plt      0x00000000200001fc        0x0 c:/st/stm32cubeide_1.6.1/stm32cubeide/plugins/com.st.stm32cube.ide.mcu.externaltools.gnu-tools-for-stm32.9-2020-q2-update.win32_2.0.0.202105311346/tools/bin/../lib/gcc/arm-none-eabi/9.3.1/thumb/v7e-m+fp/hard/crtbegin.o
                0x00000000200001fc                . = ALIGN (0x4)

.bss            0x0000000020000200     0x4870 load address 0x000000000800cd98
                0x0000000020000200                _sbss = .
                0x0000000020000200                __bss_start__ = _sbss
 *(.bss)