../Core/Src/main.c:231:5:main	8	static
../Core/Src/main.c:344:6:SystemClock_Config	96	static
../Core/Src/main.c:390:6:Delay_	16	static
../Core/Src/main.c:396:6:SLAVEBMS_InitCRCTable	16	static
../Core/Src/main.c:421:16:SLAVEBMS_CRC_calc	24	static
../Core/Src/main.c:437:15:SLAVEBMS_Access	24	static
../Core/Src/main.c:443:6:SLAVEBMS_Wakeup	16	static
../Core/Src/main.c:461:15:SLAVEBMS_ReadDataGroup	40	static
../Core/Src/main.c:524:6:SLAVEBMS_WriteSingleCmd	24	static
../Core/Src/main.c:556:6:SLAVEBMS_PollADCDone	24	static
../Core/Src/main.c:622:6:Reading_Voltage_Config	56	static
../Core/Src/main.c:762:6:Reading_Voltage	56	static
../Core/Src/main.c:1070:6:Voltage_Drop_Sense	24	static
../Core/Src/main.c:1124:6:Voltage_Rise_Sense	24	static
../Core/Src/main.c:1177:6:Control_Cell_UVE	16	static
../Core/Src/main.c:1202:6:Control_Cell_OVE	16	static
../Core/Src/main.c:1228:6:Sum_Voltage_Error	4	static
../Core/Src/main.c:1306:6:Transmit_Data	24	static
../Core/Src/main.c:1371:6:Select_Address	16	static
../Core/Src/main.c:1452:6:Reading_Temp	264	static
../Core/Src/main.c:1722:6:Temp_Error	16	static
../Core/Src/main.c:1754:6:CAN_TX_Config	16	static
../Core/Src/main.c:1775:6:Voltage_MinMax	16	static
../Core/Src/main.c:1822:6:Seg_MaxMin_Voltage	16	static
../Core/Src/main.c:1903:6:S_balance	96	static
../Core/Src/main.c:2258:6:Balancing	8	static
../Core/Src/main.c:2282:6:Set_PWM_duty	16	static
../Core/Src/main.c:2337:6:HAL_TIM_PeriodElapsedCallback	16	static
../Core/Src/main.c:2350:6:calc_RPM	8	static
../Core/Src/main.c:2424:6:HAL_TIM_IC_CaptureCallback	16	static
../Core/Src/main.c:2454:6:delay_us	16	static
../Core/Src/main.c:2468:6:Error_Handler	4	static,ignoring_inline_asm
