../Core/Src/tim.c:35:6:MX_TIM1_Init	112	static
../Core/Src/tim.c:118:6:MX_TIM2_Init	48	static
../Core/Src/tim.c:166:6:MX_TIM3_Init	56	static
../Core/Src/tim.c:227:6:MX_TIM6_Init	24	static
../Core/Src/tim.c:260:6:MX_TIM15_Init	40	static
../Core/Src/tim.c:308:6:MX_TIM16_Init	8	static
../Core/Src/tim.c:335:6:HAL_TIM_Base_MspInit	64	static
../Core/Src/tim.c:418:6:HAL_TIM_PWM_MspInit	24	static
../Core/Src/tim.c:434:6:HAL_TIM_IC_MspInit	48	static
../Core/Src/tim.c:466:6:HAL_TIM_MspPostInit	48	static
../Core/Src/tim.c:517:6:HAL_TIM_Base_MspDeInit	16	static
../Core/Src/tim.c:591:6:HAL_TIM_PWM_MspDeInit	16	static
../Core/Src/tim.c:607:6:HAL_TIM_IC_MspDeInit	16	static
