Archive member included to satisfy reference by file (symbol)

c:/st/stm32cubeide_1.7.0/stm32cubeide/plugins/com.st.stm32cube.ide.mcu.externaltools.gnu-tools-for-stm32.10.3-2021.10.win32_1.0.0.202111181127/tools/bin/../lib/gcc/arm-none-eabi/10.3.1/../../../../arm-none-eabi/lib/thumb/v7e-m+fp/hard\libc_nano.a(lib_a-errno.o)
                              ./Core/Src/syscalls.o (__errno)
c:/st/stm32cubeide_1.7.0/stm32cubeide/plugins/com.st.stm32cube.ide.mcu.externaltools.gnu-tools-for-stm32.10.3-2021.10.win32_1.0.0.202111181127/tools/bin/../lib/gcc/arm-none-eabi/10.3.1/../../../../arm-none-eabi/lib/thumb/v7e-m+fp/hard\libc_nano.a(lib_a-exit.o)
                              c:/st/stm32cubeide_1.7.0/stm32cubeide/plugins/com.st.stm32cube.ide.mcu.externaltools.gnu-tools-for-stm32.10.3-2021.10.win32_1.0.0.202111181127/tools/bin/../lib/gcc/arm-none-eabi/10.3.1/../../../../arm-none-eabi/lib/thumb/v7e-m+fp/hard/crt0.o (exit)
c:/st/stm32cubeide_1.7.0/stm32cubeide/plugins/com.st.stm32cube.ide.mcu.externaltools.gnu-tools-for-stm32.10.3-2021.10.win32_1.0.0.202111181127/tools/bin/../lib/gcc/arm-none-eabi/10.3.1/../../../../arm-none-eabi/lib/thumb/v7e-m+fp/hard\libc_nano.a(lib_a-impure.o)
                              c:/st/stm32cubeide_1.7.0/stm32cubeide/plugins/com.st.stm32cube.ide.mcu.externaltools.gnu-tools-for-stm32.10.3-2021.10.win32_1.0.0.202111181127/tools/bin/../lib/gcc/arm-none-eabi/10.3.1/../../../../arm-none-eabi/lib/thumb/v7e-m+fp/hard\libc_nano.a(lib_a-exit.o) (_global_impure_ptr)
c:/st/stm32cubeide_1.7.0/stm32cubeide/plugins/com.st.stm32cube.ide.mcu.externaltools.gnu-tools-for-stm32.10.3-2021.10.win32_1.0.0.202111181127/tools/bin/../lib/gcc/arm-none-eabi/10.3.1/../../../../arm-none-eabi/lib/thumb/v7e-m+fp/hard\libc_nano.a(lib_a-init.o)
                              c:/st/stm32cubeide_1.7.0/stm32cubeide/plugins/com.st.stm32cube.ide.mcu.externaltools.gnu-tools-for-stm32.10.3-2021.10.win32_1.0.0.202111181127/tools/bin/../lib/gcc/arm-none-eabi/10.3.1/../../../../arm-none-eabi/lib/thumb/v7e-m+fp/hard/crt0.o (__libc_init_array)
c:/st/stm32cubeide_1.7.0/stm32cubeide/plugins/com.st.stm32cube.ide.mcu.externaltools.gnu-tools-for-stm32.10.3-2021.10.win32_1.0.0.202111181127/tools/bin/../lib/gcc/arm-none-eabi/10.3.1/../../../../arm-none-eabi/lib/thumb/v7e-m+fp/hard\libc_nano.a(lib_a-memset.o)
                              c:/st/stm32cubeide_1.7.0/stm32cubeide/plugins/com.st.stm32cube.ide.mcu.externaltools.gnu-tools-for-stm32.10.3-2021.10.win32_1.0.0.202111181127/tools/bin/../lib/gcc/arm-none-eabi/10.3.1/../../../../arm-none-eabi/lib/thumb/v7e-m+fp/hard/crt0.o (memset)
c:/st/stm32cubeide_1.7.0/stm32cubeide/plugins/com.st.stm32cube.ide.mcu.externaltools.gnu-tools-for-stm32.10.3-2021.10.win32_1.0.0.202111181127/tools/bin/../lib/gcc/arm-none-eabi/10.3.1/thumb/v7e-m+fp/hard\libgcc.a(_arm_muldf3.o)
                              ./Core/Src/main.o (__aeabi_dmul)
c:/st/stm32cubeide_1.7.0/stm32cubeide/plugins/com.st.stm32cube.ide.mcu.externaltools.gnu-tools-for-stm32.10.3-2021.10.win32_1.0.0.202111181127/tools/bin/../lib/gcc/arm-none-eabi/10.3.1/thumb/v7e-m+fp/hard\libgcc.a(_arm_addsubdf3.o)
                              ./Core/Src/main.o (__aeabi_dadd)
c:/st/stm32cubeide_1.7.0/stm32cubeide/plugins/com.st.stm32cube.ide.mcu.externaltools.gnu-tools-for-stm32.10.3-2021.10.win32_1.0.0.202111181127/tools/bin/../lib/gcc/arm-none-eabi/10.3.1/thumb/v7e-m+fp/hard\libgcc.a(_arm_muldivdf3.o)
                              ./Core/Src/main.o (__aeabi_ddiv)
c:/st/stm32cubeide_1.7.0/stm32cubeide/plugins/com.st.stm32cube.ide.mcu.externaltools.gnu-tools-for-stm32.10.3-2021.10.win32_1.0.0.202111181127/tools/bin/../lib/gcc/arm-none-eabi/10.3.1/thumb/v7e-m+fp/hard\libgcc.a(_arm_cmpdf2.o)
                              ./Core/Src/main.o (__aeabi_dcmple)
c:/st/stm32cubeide_1.7.0/stm32cubeide/plugins/com.st.stm32cube.ide.mcu.externaltools.gnu-tools-for-stm32.10.3-2021.10.win32_1.0.0.202111181127/tools/bin/../lib/gcc/arm-none-eabi/10.3.1/thumb/v7e-m+fp/hard\libgcc.a(_arm_fixunsdfsi.o)
                              ./Core/Src/main.o (__aeabi_d2uiz)

Discarded input sections

 .text          0x0000000000000000        0x0 c:/st/stm32cubeide_1.7.0/stm32cubeide/plugins/com.st.stm32cube.ide.mcu.externaltools.gnu-tools-for-stm32.10.3-2021.10.win32_1.0.0.202111181127/tools/bin/../lib/gcc/arm-none-eabi/10.3.1/thumb/v7e-m+fp/hard/crti.o
 .data          0x0000000000000000        0x0 c:/st/stm32cubeide_1.7.0/stm32cubeide/plugins/com.st.stm32cube.ide.mcu.externaltools.gnu-tools-for-stm32.10.3-2021.10.win32_1.0.0.202111181127/tools/bin/../lib/gcc/arm-none-eabi/10.3.1/thumb/v7e-m+fp/hard/crti.o
 .bss           0x0000000000000000        0x0 c:/st/stm32cubeide_1.7.0/stm32cubeide/plugins/com.st.stm32cube.ide.mcu.externaltools.gnu-tools-for-stm32.10.3-2021.10.win32_1.0.0.202111181127/tools/bin/../lib/gcc/arm-none-eabi/10.3.1/thumb/v7e-m+fp/hard/crti.o
[...]
Memory Configuration

Name             Origin             Length             Attributes
RAM              0x0000000020000000 0x0000000000028000 xrw
RAM2             0x0000000010000000 0x0000000000008000 xrw
FLASH            0x0000000008000000 0x0000000000080000 xr
*default*        0x0000000000000000 0xffffffffffffffff

Linker script and memory map

LOAD c:/st/stm32cubeide_1.7.0/stm32cubeide/plugins/com.st.stm32cube.ide.mcu.externaltools.gnu-tools-for-stm32.10.3-2021.10.win32_1.0.0.202111181127/tools/bin/../lib/gcc/arm-none-eabi/10.3.1/thumb/v7e-m+fp/hard/crti.o
LOAD c:/st/stm32cubeide_1.7.0/stm32cubeide/plugins/com.st.stm32cube.ide.mcu.externaltools.gnu-tools-for-stm32.10.3-2021.10.win32_1.0.0.202111181127/tools/bin/../lib/gcc/arm-none-eabi/10.3.1/thumb/v7e-m+fp/hard/crtbegin.o
LOAD c:/st/stm32cubeide_1.7.0/stm32cubeide/plugins/com.st.stm32cube.ide.mcu.externaltools.gnu-tools-for-stm32.10.3-2021.10.win32_1.0.0.202111181127/tools/bin/../lib/gcc/arm-none-eabi/10.3.1/../../../../arm-none-eabi/lib/thumb/v7e-m+fp/hard/crt0.o
LOAD ./Core/Src/adc.o
LOAD ./Core/Src/can.o
LOAD ./Core/Src/dma.o
LOAD ./Core/Src/gpio.o
LOAD ./Core/Src/main.o
LOAD ./Core/Src/spi.o
LOAD ./Core/Src/stm32l4xx_hal_msp.o
LOAD ./Core/Src/stm32l4xx_it.o
LOAD ./Core/Src/syscalls.o
LOAD ./Core/Src/sysmem.o
LOAD ./Core/Src/system_stm32l4xx.o
LOAD ./Core/Src/tim.o
LOAD ./Core/Startup/startup_stm32l452retx.o
LOAD ./Drivers/STM32L4xx_HAL_Driver/Src/stm32l4xx_hal.o
LOAD ./Drivers/STM32L4xx_HAL_Driver/Src/stm32l4xx_hal_adc.o
LOAD ./Drivers/STM32L4xx_HAL_Driver/Src/stm32l4xx_hal_adc_ex.o
LOAD ./Drivers/STM32L4xx_HAL_Driver/Src/stm32l4xx_hal_can.o
LOAD ./Drivers/STM32L4xx_HAL_Driver/Src/stm32l4xx_hal_cortex.o
LOAD ./Drivers/STM32L4xx_HAL_Driver/Src/stm32l4xx_hal_dma.o
LOAD ./Drivers/STM32L4xx_HAL_Driver/Src/stm32l4xx_hal_dma_ex.o
LOAD ./Drivers/STM32L4xx_HAL_Driver/Src/stm32l4xx_hal_exti.o
LOAD ./Drivers/STM32L4xx_HAL_Driver/Src/stm32l4xx_hal_flash.o
LOAD ./Drivers/STM32L4xx_HAL_Driver/Src/stm32l4xx_hal_flash_ex.o
LOAD ./Drivers/STM32L4xx_HAL_Driver/Src/stm32l4xx_hal_flash_ramfunc.o
LOAD ./Drivers/STM32L4xx_HAL_Driver/Src/stm32l4xx_hal_gpio.o
LOAD ./Drivers/STM32L4xx_HAL_Driver/Src/stm32l4xx_hal_i2c.o
LOAD ./Drivers/STM32L4xx_HAL_Driver/Src/stm32l4xx_hal_i2c_ex.o
LOAD ./Drivers/STM32L4xx_HAL_Driver/Src/stm32l4xx_hal_pwr.o
LOAD ./Drivers/STM32L4xx_HAL_Driver/Src/stm32l4xx_hal_pwr_ex.o
LOAD ./Drivers/STM32L4xx_HAL_Driver/Src/stm32l4xx_hal_rcc.o
LOAD ./Drivers/STM32L4xx_HAL_Driver/Src/stm32l4xx_hal_rcc_ex.o
LOAD ./Drivers/STM32L4xx_HAL_Driver/Src/stm32l4xx_hal_spi.o
LOAD ./Drivers/STM32L4xx_HAL_Driver/Src/stm32l4xx_hal_spi_ex.o
LOAD ./Drivers/STM32L4xx_HAL_Driver/Src/stm32l4xx_hal_tim.o
LOAD ./Drivers/STM32L4xx_HAL_Driver/Src/stm32l4xx_hal_tim_ex.o
START GROUP
LOAD c:/st/stm32cubeide_1.7.0/stm32cubeide/plugins/com.st.stm32cube.ide.mcu.externaltools.gnu-tools-for-stm32.10.3-2021.10.win32_1.0.0.202111181127/tools/bin/../lib/gcc/arm-none-eabi/10.3.1/../../../../arm-none-eabi/lib/thumb/v7e-m+fp/hard\libc_nano.a
LOAD c:/st/stm32cubeide_1.7.0/stm32cubeide/plugins/com.st.stm32cube.ide.mcu.externaltools.gnu-tools-for-stm32.10.3-2021.10.win32_1.0.0.202111181127/tools/bin/../lib/gcc/arm-none-eabi/10.3.1/../../../../arm-none-eabi/lib/thumb/v7e-m+fp/hard\libm.a
END GROUP
START GROUP
LOAD c:/st/stm32cubeide_1.7.0/stm32cubeide/plugins/com.st.stm32cube.ide.mcu.externaltools.gnu-tools-for-stm32.10.3-2021.10.win32_1.0.0.202111181127/tools/bin/../lib/gcc/arm-none-eabi/10.3.1/thumb/v7e-m+fp/hard\libgcc.a
LOAD c:/st/stm32cubeide_1.7.0/stm32cubeide/plugins/com.st.stm32cube.ide.mcu.externaltools.gnu-tools-for-stm32.10.3-2021.10.win32_1.0.0.202111181127/tools/bin/../lib/gcc/arm-none-eabi/10.3.1/../../../../arm-none-eabi/lib/thumb/v7e-m+fp/hard\libc_nano.a
END GROUP
START GROUP
LOAD c:/st/stm32cubeide_1.7.0/stm32cubeide/plugins/com.st.stm32cube.ide.mcu.externaltools.gnu-tools-for-stm32.10.3-2021.10.win32_1.0.0.202111181127/tools/bin/../lib/gcc/arm-none-eabi/10.3.1/thumb/v7e-m+fp/hard\libgcc.a
LOAD c:/st/stm32cubeide_1.7.0/stm32cubeide/plugins/com.st.stm32cube.ide.mcu.externaltools.gnu-tools-for-stm32.10.3-2021.10.win32_1.0.0.202111181127/tools/bin/../lib/gcc/arm-none-eabi/10.3.1/../../../../arm-none-eabi/lib/thumb/v7e-m+fp/hard\libc_nano.a
LOAD c:/st/stm32cubeide_1.7.0/stm32cubeide/plugins/com.st.stm32cube.ide.mcu.externaltools.gnu-tools-for-stm32.10.3-2021.10.win32_1.0.0.202111181127/tools/bin/../lib/gcc/arm-none-eabi/10.3.1/../../../../arm-none-eabi/lib/thumb/v7e-m+fp/hard\libnosys.a
END GROUP
START GROUP
LOAD c:/st/stm32cubeide_1.7.0/stm32cubeide/plugins/com.st.stm32cube.ide.mcu.externaltools.gnu-tools-for-stm32.10.3-2021.10.win32_1.0.0.202111181127/tools/bin/../lib/gcc/arm-none-eabi/10.3.1/thumb/v7e-m+fp/hard\libgcc.a
LOAD c:/st/stm32cubeide_1.7.0/stm32cubeide/plugins/com.st.stm32cube.ide.mcu.externaltools.gnu-tools-for-stm32.10.3-2021.10.win32_1.0.0.202111181127/tools/bin/../lib/gcc/arm-none-eabi/10.3.1/../../../../arm-none-eabi/lib/thumb/v7e-m+fp/hard\libc_nano.a
LOAD c:/st/stm32cubeide_1.7.0/stm32cubeide/plugins/com.st.stm32cube.ide.mcu.externaltools.gnu-tools-for-stm32.10.3-2021.10.win32_1.0.0.202111181127/tools/bin/../lib/gcc/arm-none-eabi/10.3.1/../../../../arm-none-eabi/lib/thumb/v7e-m+fp/hard\libnosys.a
END GROUP
LOAD c:/st/stm32cubeide_1.7.0/stm32cubeide/plugins/com.st.stm32cube.ide.mcu.externaltools.gnu-tools-for-stm32.10.3-2021.10.win32_1.0.0.202111181127/tools/bin/../lib/gcc/arm-none-eabi/10.3.1/thumb/v7e-m+fp/hard/crtend.o
LOAD c:/st/stm32cubeide_1.7.0/stm32cubeide/plugins/com.st.stm32cube.ide.mcu.externaltools.gnu-tools-for-stm32.10.3-2021.10.win32_1.0.0.202111181127/tools/bin/../lib/gcc/arm-none-eabi/10.3.1/thumb/v7e-m+fp/hard/crtn.o
                0x0000000020028000                _estack = (ORIGIN (RAM) + LENGTH (RAM))
                0x0000000000000200                _Min_Heap_Size = 0x200
                0x0000000000000400                _Min_Stack_Size = 0x400

.isr_vector     0x0000000008000000      0x194
                0x0000000008000000                . = ALIGN (0x4)
 *(.isr_vector)
 .isr_vector    0x0000000008000000      0x194 ./Core/Startup/startup_stm32l452retx.o
                0x0000000008000000                g_pfnVectors
                0x0000000008000194                . = ALIGN (0x4)

.text           0x0000000008000198     0xae18
                0x0000000008000198                . = ALIGN (0x4)
 *(.text)
 .text          0x0000000008000198       0x40 c:/st/stm32cubeide_1.7.0/stm32cubeide/plugins/com.st.stm32cube.ide.mcu.externaltools.gnu-tools-for-stm32.10.3-2021.10.win32_1.0.0.202111181127/tools/bin/../lib/gcc/arm-none-eabi/10.3.1/thumb/v7e-m+fp/hard/crtbegin.o
 .text          0x00000000080001d8      0x378 c:/st/stm32cubeide_1.7.0/stm32cubeide/plugins/com.st.stm32cube.ide.mcu.externaltools.gnu-tools-for-stm32.10.3-2021.10.win32_1.0.0.202111181127/tools/bin/../lib/gcc/arm-none-eabi/10.3.1/thumb/v7e-m+fp/hard\libgcc.a(_arm_addsubdf3.o)
                0x00000000080001d8                __aeabi_drsub
                0x00000000080001e0                __aeabi_dsub
                0x00000000080001e0                __subdf3
                0x00000000080001e4                __aeabi_dadd
                0x00000000080001e4                __adddf3
                0x000000000800045c                __floatunsidf
                0x000000000800045c                __aeabi_ui2d
                0x000000000800047c                __floatsidf
                0x000000000800047c                __aeabi_i2d
                0x00000000080004a0                __aeabi_f2d
                0x00000000080004a0                __extendsfdf2
                0x00000000080004e4                __floatundidf
                0x00000000080004e4                __aeabi_ul2d
                0x00000000080004f4                __floatdidf
                0x00000000080004f4                __aeabi_l2d
 .text          0x0000000008000550      0x424 c:/st/stm32cubeide_1.7.0/stm32cubeide/plugins/com.st.stm32cube.ide.mcu.externaltools.gnu-tools-for-stm32.10.3-2021.10.win32_1.0.0.202111181127/tools/bin/../lib/gcc/arm-none-eabi/10.3.1/thumb/v7e-m+fp/hard\libgcc.a(_arm_muldivdf3.o)
                0x0000000008000550                __aeabi_dmul
                0x0000000008000550                __muldf3
                0x00000000080007a4                __divdf3
                0x00000000080007a4                __aeabi_ddiv
 .text          0x0000000008000974       0x40 c:/st/stm32cubeide_1.7.0/stm32cubeide/plugins/com.st.stm32cube.ide.mcu.externaltools.gnu-tools-for-stm32.10.3-2021.10.win32_1.0.0.202111181127/tools/bin/../lib/gcc/arm-none-eabi/10.3.1/thumb/v7e-m+fp/hard\libgcc.a(_arm_fixunsdfsi.o)
                0x0000000008000974                __aeabi_d2uiz
                0x0000000008000974                __fixunsdfsi
 *(.text*)
 .text.MX_ADC1_Init
                0x00000000080009b4      0x108 ./Core/Src/adc.o
                0x00000000080009b4                MX_ADC1_Init
 .text.HAL_ADC_MspInit
                0x0000000008000abc      0x12c ./Core/Src/adc.o
                0x0000000008000abc                HAL_ADC_MspInit
 .text.MX_CAN1_Init
                0x0000000008000be8       0x6c ./Core/Src/can.o
                0x0000000008000be8                MX_CAN1_Init
 .text.HAL_CAN_MspInit
                0x0000000008000c54       0x88 ./Core/Src/can.o
                0x0000000008000c54                HAL_CAN_MspInit
 .text.MX_DMA_Init
                0x0000000008000cdc       0x3c ./Core/Src/dma.o
                0x0000000008000cdc                MX_DMA_Init
 .text.MX_GPIO_Init
                0x0000000008000d18      0x118 ./Core/Src/gpio.o
                0x0000000008000d18                MX_GPIO_Init
 .text.main     0x0000000008000e30      0x108 ./Core/Src/main.o
                0x0000000008000e30                main
 .text.SystemClock_Config
                0x0000000008000f38       0xa2 ./Core/Src/main.o
                0x0000000008000f38                SystemClock_Config
 .text.Delay_   0x0000000008000fda       0x26 ./Core/Src/main.o
                0x0000000008000fda                Delay_
 .text.SLAVEBMS_InitCRCTable
                0x0000000008001000       0x74 ./Core/Src/main.o
                0x0000000008001000                SLAVEBMS_InitCRCTable
 .text.SLAVEBMS_CRC_calc
                0x0000000008001074       0x6c ./Core/Src/main.o
                0x0000000008001074                SLAVEBMS_CRC_calc
 .text.SLAVEBMS_Access
                0x00000000080010e0       0x28 ./Core/Src/main.o
                0x00000000080010e0                SLAVEBMS_Access
 .text.SLAVEBMS_Wakeup
                0x0000000008001108       0x68 ./Core/Src/main.o
                0x0000000008001108                SLAVEBMS_Wakeup
 .text.SLAVEBMS_ReadDataGroup
                0x0000000008001170      0x19e ./Core/Src/main.o
                0x0000000008001170                SLAVEBMS_ReadDataGroup
 .text.SLAVEBMS_WriteSingleCmd
                0x000000000800130e       0xca ./Core/Src/main.o
                0x000000000800130e                SLAVEBMS_WriteSingleCmd
 .text.SLAVEBMS_PollADCDone
                0x00000000080013d8      0x136 ./Core/Src/main.o
                0x00000000080013d8                SLAVEBMS_PollADCDone
 *fill*         0x000000000800150e        0x2 
 .text.Reading_Voltage_Config
                0x0000000008001510      0x358 ./Core/Src/main.o
                0x0000000008001510                Reading_Voltage_Config
 .text.Reading_Voltage
                0x0000000008001868     0x16a8 ./Core/Src/main.o
                0x0000000008001868                Reading_Voltage
 .text.Transmit_Data
                0x0000000008002f10      0x2c4 ./Core/Src/main.o
                0x0000000008002f10                Transmit_Data
 .text.Select_Address
                0x00000000080031d4      0x1d8 ./Core/Src/main.o
                0x00000000080031d4                Select_Address
 .text.Reading_Temp
                0x00000000080033ac      0x610 ./Core/Src/main.o
                0x00000000080033ac                Reading_Temp
 .text.CAN_TX_Config
                0x00000000080039bc       0x74 ./Core/Src/main.o
                0x00000000080039bc                CAN_TX_Config
 .text.Voltage_MinMax
                0x0000000008003a30      0x4e4 ./Core/Src/main.o
                0x0000000008003a30                Voltage_MinMax
 *fill*         0x0000000008003f14        0x4 
 .text.Set_PWM_duty
                0x0000000008003f18      0x16c ./Core/Src/main.o
                0x0000000008003f18                Set_PWM_duty
 .text.HAL_TIM_PeriodElapsedCallback
                0x0000000008004084       0x2c ./Core/Src/main.o
                0x0000000008004084                HAL_TIM_PeriodElapsedCallback
 .text.calc_RPM
                0x00000000080040b0      0x350 ./Core/Src/main.o
                0x00000000080040b0                calc_RPM
 .text.HAL_TIM_IC_CaptureCallback
                0x0000000008004400       0x98 ./Core/Src/main.o
                0x0000000008004400                HAL_TIM_IC_CaptureCallback
 .text.Error_Handler
                0x0000000008004498        0xa ./Core/Src/main.o
                0x0000000008004498                Error_Handler
 *fill*         0x00000000080044a2        0x2 
 .text.MX_SPI1_Init
                0x00000000080044a4       0x7c ./Core/Src/spi.o
                0x00000000080044a4                MX_SPI1_Init
 .text.HAL_SPI_MspInit
                0x0000000008004520       0x94 ./Core/Src/spi.o
                0x0000000008004520                HAL_SPI_MspInit
 .text.HAL_MspInit
                0x00000000080045b4       0x48 ./Core/Src/stm32l4xx_hal_msp.o
                0x00000000080045b4                HAL_MspInit
 .text.NMI_Handler
                0x00000000080045fc        0x6 ./Core/Src/stm32l4xx_it.o
                0x00000000080045fc                NMI_Handler
 .text.HardFault_Handler
                0x0000000008004602        0x6 ./Core/Src/stm32l4xx_it.o
                0x0000000008004602                HardFault_Handler
 .text.MemManage_Handler
                0x0000000008004608        0x6 ./Core/Src/stm32l4xx_it.o
                0x0000000008004608                MemManage_Handler
 .text.BusFault_Handler
                0x000000000800460e        0x6 ./Core/Src/stm32l4xx_it.o
                0x000000000800460e                BusFault_Handler
 .text.UsageFault_Handler
                0x0000000008004614        0x6 ./Core/Src/stm32l4xx_it.o
                0x0000000008004614                UsageFault_Handler
 .text.SVC_Handler
                0x000000000800461a        0xe ./Core/Src/stm32l4xx_it.o
                0x000000000800461a                SVC_Handler
 .text.DebugMon_Handler
                0x0000000008004628        0xe ./Core/Src/stm32l4xx_it.o
                0x0000000008004628                DebugMon_Handler
 .text.PendSV_Handler
                0x0000000008004636        0xe ./Core/Src/stm32l4xx_it.o
                0x0000000008004636                PendSV_Handler
 .text.SysTick_Handler
                0x0000000008004644        0xc ./Core/Src/stm32l4xx_it.o
                0x0000000008004644                SysTick_Handler
 .text.DMA1_Channel1_IRQHandler
                0x0000000008004650       0x14 ./Core/Src/stm32l4xx_it.o
                0x0000000008004650                DMA1_Channel1_IRQHandler
 .text.TIM1_BRK_TIM15_IRQHandler
                0x0000000008004664       0x1c ./Core/Src/stm32l4xx_it.o
                0x0000000008004664                TIM1_BRK_TIM15_IRQHandler
 .text.TIM3_IRQHandler
                0x0000000008004680       0x14 ./Core/Src/stm32l4xx_it.o
                0x0000000008004680                TIM3_IRQHandler
 .text.SPI1_IRQHandler
                0x0000000008004694       0x14 ./Core/Src/stm32l4xx_it.o
                0x0000000008004694                SPI1_IRQHandler
 .text.TIM6_DAC_IRQHandler
                0x00000000080046a8       0x14 ./Core/Src/stm32l4xx_it.o
                0x00000000080046a8                TIM6_DAC_IRQHandler
 .text.SystemInit
                0x00000000080046bc       0x24 ./Core/Src/system_stm32l4xx.o
                0x00000000080046bc                SystemInit
 .text.MX_TIM1_Init
                0x00000000080046e0      0x188 ./Core/Src/tim.o
                0x00000000080046e0                MX_TIM1_Init
 .text.MX_TIM2_Init
                0x0000000008004868       0xc8 ./Core/Src/tim.o
                0x0000000008004868                MX_TIM2_Init
 .text.MX_TIM3_Init
                0x0000000008004930      0x110 ./Core/Src/tim.o
                0x0000000008004930                MX_TIM3_Init
 .text.MX_TIM6_Init
                0x0000000008004a40       0x70 ./Core/Src/tim.o
                0x0000000008004a40                MX_TIM6_Init
 .text.MX_TIM15_Init
                0x0000000008004ab0       0xc8 ./Core/Src/tim.o
                0x0000000008004ab0                MX_TIM15_Init
 .text.MX_TIM16_Init
                0x0000000008004b78       0x4c ./Core/Src/tim.o
                0x0000000008004b78                MX_TIM16_Init
 .text.HAL_TIM_Base_MspInit
                0x0000000008004bc4      0x16c ./Core/Src/tim.o
                0x0000000008004bc4                HAL_TIM_Base_MspInit
 .text.HAL_TIM_PWM_MspInit
                0x0000000008004d30       0x3c ./Core/Src/tim.o
                0x0000000008004d30                HAL_TIM_PWM_MspInit
 .text.HAL_TIM_IC_MspInit
                0x0000000008004d6c       0x98 ./Core/Src/tim.o
                0x0000000008004d6c                HAL_TIM_IC_MspInit
 .text.HAL_TIM_MspPostInit
                0x0000000008004e04       0xb8 ./Core/Src/tim.o
                0x0000000008004e04                HAL_TIM_MspPostInit
 .text.Reset_Handler
                0x0000000008004ebc       0x50 ./Core/Startup/startup_stm32l452retx.o
                0x0000000008004ebc                Reset_Handler
 .text.Default_Handler
                0x0000000008004f0c        0x2 ./Core/Startup/startup_stm32l452retx.o
                0x0000000008004f0c                RTC_Alarm_IRQHandler
                0x0000000008004f0c                EXTI2_IRQHandler
                0x0000000008004f0c                TIM1_CC_IRQHandler
                0x0000000008004f0c                TSC_IRQHandler
                0x0000000008004f0c                TAMP_STAMP_IRQHandler
                0x0000000008004f0c                EXTI3_IRQHandler
                0x0000000008004f0c                LPTIM2_IRQHandler
                0x0000000008004f0c                DFSDM1_FLT1_IRQHandler
                0x0000000008004f0c                I2C3_ER_IRQHandler
                0x0000000008004f0c                EXTI0_IRQHandler
                0x0000000008004f0c                I2C2_EV_IRQHandler
                0x0000000008004f0c                CAN1_RX0_IRQHandler
                0x0000000008004f0c                FPU_IRQHandler
                0x0000000008004f0c                TIM1_UP_TIM16_IRQHandler
                0x0000000008004f0c                DMA2_Channel2_IRQHandler
                0x0000000008004f0c                DMA1_Channel4_IRQHandler
                0x0000000008004f0c                ADC1_IRQHandler
                0x0000000008004f0c                USART3_IRQHandler
                0x0000000008004f0c                DMA1_Channel7_IRQHandler
                0x0000000008004f0c                CAN1_RX1_IRQHandler
                0x0000000008004f0c                DMA2_Channel1_IRQHandler
                0x0000000008004f0c                QUADSPI_IRQHandler
                0x0000000008004f0c                I2C1_EV_IRQHandler
                0x0000000008004f0c                DMA1_Channel6_IRQHandler
                0x0000000008004f0c                UART4_IRQHandler
                0x0000000008004f0c                DMA2_Channel4_IRQHandler
                0x0000000008004f0c                RCC_IRQHandler
                0x0000000008004f0c                TIM1_TRG_COM_IRQHandler
                0x0000000008004f0c                Default_Handler
                0x0000000008004f0c                DMA2_Channel7_IRQHandler
                0x0000000008004f0c                EXTI15_10_IRQHandler
                0x0000000008004f0c                SDMMC1_IRQHandler
                0x0000000008004f0c                I2C3_EV_IRQHandler
                0x0000000008004f0c                USB_IRQHandler
                0x0000000008004f0c                EXTI9_5_IRQHandler
                0x0000000008004f0c                RTC_WKUP_IRQHandler
                0x0000000008004f0c                PVD_PVM_IRQHandler
                0x0000000008004f0c                SPI2_IRQHandler
                0x0000000008004f0c                CAN1_TX_IRQHandler
                0x0000000008004f0c                DMA2_Channel5_IRQHandler
                0x0000000008004f0c                CRS_IRQHandler
                0x0000000008004f0c                DMA1_Channel5_IRQHandler
                0x0000000008004f0c                EXTI4_IRQHandler
                0x0000000008004f0c                RNG_IRQHandler
                0x0000000008004f0c                DMA1_Channel3_IRQHandler
                0x0000000008004f0c                COMP_IRQHandler
                0x0000000008004f0c                WWDG_IRQHandler
                0x0000000008004f0c                I2C4_EV_IRQHandler
                0x0000000008004f0c                LPUART1_IRQHandler
                0x0000000008004f0c                DMA2_Channel6_IRQHandler
                0x0000000008004f0c                TIM2_IRQHandler
                0x0000000008004f0c                EXTI1_IRQHandler
                0x0000000008004f0c                USART2_IRQHandler
                0x0000000008004f0c                DFSDM1_FLT0_IRQHandler
                0x0000000008004f0c                I2C2_ER_IRQHandler
                0x0000000008004f0c                DMA1_Channel2_IRQHandler
                0x0000000008004f0c                CAN1_SCE_IRQHandler
                0x0000000008004f0c                FLASH_IRQHandler
                0x0000000008004f0c                USART1_IRQHandler
                0x0000000008004f0c                SPI3_IRQHandler
                0x0000000008004f0c                I2C1_ER_IRQHandler
                0x0000000008004f0c                LPTIM1_IRQHandler
                0x0000000008004f0c                I2C4_ER_IRQHandler
                0x0000000008004f0c                SAI1_IRQHandler
                0x0000000008004f0c                DMA2_Channel3_IRQHandler
 *fill*         0x0000000008004f0e        0x2 
 .text.HAL_Init
                0x0000000008004f10       0x40 ./Drivers/STM32L4xx_HAL_Driver/Src/stm32l4xx_hal.o
                0x0000000008004f10                HAL_Init
 .text.HAL_InitTick
                0x0000000008004f50       0x78 ./Drivers/STM32L4xx_HAL_Driver/Src/stm32l4xx_hal.o
                0x0000000008004f50                HAL_InitTick
 .text.HAL_IncTick
                0x0000000008004fc8       0x28 ./Drivers/STM32L4xx_HAL_Driver/Src/stm32l4xx_hal.o
                0x0000000008004fc8                HAL_IncTick
 .text.HAL_GetTick
                0x0000000008004ff0       0x18 ./Drivers/STM32L4xx_HAL_Driver/Src/stm32l4xx_hal.o
                0x0000000008004ff0                HAL_GetTick
 .text.HAL_Delay
                0x0000000008005008       0x48 ./Drivers/STM32L4xx_HAL_Driver/Src/stm32l4xx_hal.o
                0x0000000008005008                HAL_Delay
 .text.LL_ADC_SetCommonClock
                0x0000000008005050       0x26 ./Drivers/STM32L4xx_HAL_Driver/Src/stm32l4xx_hal_adc.o
 .text.LL_ADC_SetCommonPathInternalCh
                0x0000000008005076       0x26 ./Drivers/STM32L4xx_HAL_Driver/Src/stm32l4xx_hal_adc.o
 .text.LL_ADC_GetCommonPathInternalCh
                0x000000000800509c       0x1c ./Drivers/STM32L4xx_HAL_Driver/Src/stm32l4xx_hal_adc.o
 .text.LL_ADC_SetOffset
                0x00000000080050b8       0x48 ./Drivers/STM32L4xx_HAL_Driver/Src/stm32l4xx_hal_adc.o
 .text.LL_ADC_GetOffsetChannel
                0x0000000008005100       0x2c ./Drivers/STM32L4xx_HAL_Driver/Src/stm32l4xx_hal_adc.o
 .text.LL_ADC_SetOffsetState
                0x000000000800512c       0x36 ./Drivers/STM32L4xx_HAL_Driver/Src/stm32l4xx_hal_adc.o
 .text.LL_ADC_SetSamplingTimeCommonConfig
                0x0000000008005162       0x26 ./Drivers/STM32L4xx_HAL_Driver/Src/stm32l4xx_hal_adc.o
 .text.LL_ADC_REG_IsTriggerSourceSWStart
                0x0000000008005188       0x26 ./Drivers/STM32L4xx_HAL_Driver/Src/stm32l4xx_hal_adc.o
 .text.LL_ADC_REG_SetSequencerRanks
                0x00000000080051ae       0x58 ./Drivers/STM32L4xx_HAL_Driver/Src/stm32l4xx_hal_adc.o
 .text.LL_ADC_SetChannelSamplingTime
                0x0000000008005206       0x56 ./Drivers/STM32L4xx_HAL_Driver/Src/stm32l4xx_hal_adc.o
 .text.LL_ADC_SetChannelSingleDiff
                0x000000000800525c       0x48 ./Drivers/STM32L4xx_HAL_Driver/Src/stm32l4xx_hal_adc.o
 .text.LL_ADC_DisableDeepPowerDown
                0x00000000080052a4       0x24 ./Drivers/STM32L4xx_HAL_Driver/Src/stm32l4xx_hal_adc.o
 .text.LL_ADC_IsDeepPowerDownEnabled
                0x00000000080052c8       0x28 ./Drivers/STM32L4xx_HAL_Driver/Src/stm32l4xx_hal_adc.o
 .text.LL_ADC_EnableInternalRegulator
                0x00000000080052f0       0x28 ./Drivers/STM32L4xx_HAL_Driver/Src/stm32l4xx_hal_adc.o
 .text.LL_ADC_IsInternalRegulatorEnabled
                0x0000000008005318       0x28 ./Drivers/STM32L4xx_HAL_Driver/Src/stm32l4xx_hal_adc.o
 .text.LL_ADC_Enable
                0x0000000008005340       0x28 ./Drivers/STM32L4xx_HAL_Driver/Src/stm32l4xx_hal_adc.o
 .text.LL_ADC_Disable
                0x0000000008005368       0x28 ./Drivers/STM32L4xx_HAL_Driver/Src/stm32l4xx_hal_adc.o
 .text.LL_ADC_IsEnabled
                0x0000000008005390       0x26 ./Drivers/STM32L4xx_HAL_Driver/Src/stm32l4xx_hal_adc.o
 .text.LL_ADC_IsDisableOngoing
                0x00000000080053b6       0x26 ./Drivers/STM32L4xx_HAL_Driver/Src/stm32l4xx_hal_adc.o
 .text.LL_ADC_REG_StartConversion
                0x00000000080053dc       0x28 ./Drivers/STM32L4xx_HAL_Driver/Src/stm32l4xx_hal_adc.o
 .text.LL_ADC_REG_StopConversion
                0x0000000008005404       0x28 ./Drivers/STM32L4xx_HAL_Driver/Src/stm32l4xx_hal_adc.o
 .text.LL_ADC_REG_IsConversionOngoing
                0x000000000800542c       0x26 ./Drivers/STM32L4xx_HAL_Driver/Src/stm32l4xx_hal_adc.o
 .text.LL_ADC_INJ_StopConversion
                0x0000000008005452       0x28 ./Drivers/STM32L4xx_HAL_Driver/Src/stm32l4xx_hal_adc.o
 .text.LL_ADC_INJ_IsConversionOngoing
                0x000000000800547a       0x26 ./Drivers/STM32L4xx_HAL_Driver/Src/stm32l4xx_hal_adc.o
 .text.HAL_ADC_Init
                0x00000000080054a0      0x298 ./Drivers/STM32L4xx_HAL_Driver/Src/stm32l4xx_hal_adc.o
                0x00000000080054a0                HAL_ADC_Init
 .text.HAL_ADC_Start_DMA
                0x0000000008005738      0x108 ./Drivers/STM32L4xx_HAL_Driver/Src/stm32l4xx_hal_adc.o
                0x0000000008005738                HAL_ADC_Start_DMA
 .text.HAL_ADC_Stop_DMA
                0x0000000008005840       0xc2 ./Drivers/STM32L4xx_HAL_Driver/Src/stm32l4xx_hal_adc.o
                0x0000000008005840                HAL_ADC_Stop_DMA
 .text.HAL_ADC_ConvCpltCallback
                0x0000000008005902       0x14 ./Drivers/STM32L4xx_HAL_Driver/Src/stm32l4xx_hal_adc.o
                0x0000000008005902                HAL_ADC_ConvCpltCallback
 .text.HAL_ADC_ConvHalfCpltCallback
                0x0000000008005916       0x14 ./Drivers/STM32L4xx_HAL_Driver/Src/stm32l4xx_hal_adc.o
                0x0000000008005916                HAL_ADC_ConvHalfCpltCallback
 .text.HAL_ADC_ErrorCallback
                0x000000000800592a       0x14 ./Drivers/STM32L4xx_HAL_Driver/Src/stm32l4xx_hal_adc.o
                0x000000000800592a                HAL_ADC_ErrorCallback
 *fill*         0x000000000800593e        0x2 
 .text.HAL_ADC_ConfigChannel
                0x0000000008005940      0x7f8 ./Drivers/STM32L4xx_HAL_Driver/Src/stm32l4xx_hal_adc.o
                0x0000000008005940                HAL_ADC_ConfigChannel
 .text.ADC_ConversionStop
                0x0000000008006138      0x178 ./Drivers/STM32L4xx_HAL_Driver/Src/stm32l4xx_hal_adc.o
                0x0000000008006138                ADC_ConversionStop
 .text.ADC_Enable
                0x00000000080062b0      0x10c ./Drivers/STM32L4xx_HAL_Driver/Src/stm32l4xx_hal_adc.o
                0x00000000080062b0                ADC_Enable
 .text.ADC_Disable
                0x00000000080063bc       0xbe ./Drivers/STM32L4xx_HAL_Driver/Src/stm32l4xx_hal_adc.o
                0x00000000080063bc                ADC_Disable
 .text.ADC_DMAConvCplt
                0x000000000800647a       0xd8 ./Drivers/STM32L4xx_HAL_Driver/Src/stm32l4xx_hal_adc.o
                0x000000000800647a                ADC_DMAConvCplt
 .text.ADC_DMAHalfConvCplt
                0x0000000008006552       0x1c ./Drivers/STM32L4xx_HAL_Driver/Src/stm32l4xx_hal_adc.o
                0x0000000008006552                ADC_DMAHalfConvCplt
 .text.ADC_DMAError
                0x000000000800656e       0x34 ./Drivers/STM32L4xx_HAL_Driver/Src/stm32l4xx_hal_adc.o
                0x000000000800656e                ADC_DMAError
 .text.HAL_CAN_Init
                0x00000000080065a2      0x1f6 ./Drivers/STM32L4xx_HAL_Driver/Src/stm32l4xx_hal_can.o
                0x00000000080065a2                HAL_CAN_Init
 .text.HAL_CAN_ConfigFilter
                0x0000000008006798      0x194 ./Drivers/STM32L4xx_HAL_Driver/Src/stm32l4xx_hal_can.o
                0x0000000008006798                HAL_CAN_ConfigFilter
 .text.HAL_CAN_Start
                0x000000000800692c       0x88 ./Drivers/STM32L4xx_HAL_Driver/Src/stm32l4xx_hal_can.o
                0x000000000800692c                HAL_CAN_Start
 .text.HAL_CAN_AddTxMessage
                0x00000000080069b4      0x1a0 ./Drivers/STM32L4xx_HAL_Driver/Src/stm32l4xx_hal_can.o
                0x00000000080069b4                HAL_CAN_AddTxMessage
 .text.HAL_CAN_GetTxMailboxesFreeLevel
                0x0000000008006b54       0x6a ./Drivers/STM32L4xx_HAL_Driver/Src/stm32l4xx_hal_can.o
                0x0000000008006b54                HAL_CAN_GetTxMailboxesFreeLevel
 *fill*         0x0000000008006bbe        0x2 
 .text.__NVIC_SetPriorityGrouping
                0x0000000008006bc0       0x48 ./Drivers/STM32L4xx_HAL_Driver/Src/stm32l4xx_hal_cortex.o
 .text.__NVIC_GetPriorityGrouping
                0x0000000008006c08       0x1c ./Drivers/STM32L4xx_HAL_Driver/Src/stm32l4xx_hal_cortex.o
 .text.__NVIC_EnableIRQ
                0x0000000008006c24       0x3c ./Drivers/STM32L4xx_HAL_Driver/Src/stm32l4xx_hal_cortex.o
 .text.__NVIC_SetPriority
                0x0000000008006c60       0x54 ./Drivers/STM32L4xx_HAL_Driver/Src/stm32l4xx_hal_cortex.o
 .text.NVIC_EncodePriority
                0x0000000008006cb4       0x66 ./Drivers/STM32L4xx_HAL_Driver/Src/stm32l4xx_hal_cortex.o
 *fill*         0x0000000008006d1a        0x2 
 .text.SysTick_Config
                0x0000000008006d1c       0x44 ./Drivers/STM32L4xx_HAL_Driver/Src/stm32l4xx_hal_cortex.o
 .text.HAL_NVIC_SetPriorityGrouping
                0x0000000008006d60       0x16 ./Drivers/STM32L4xx_HAL_Driver/Src/stm32l4xx_hal_cortex.o
                0x0000000008006d60                HAL_NVIC_SetPriorityGrouping
 .text.HAL_NVIC_SetPriority
                0x0000000008006d76       0x38 ./Drivers/STM32L4xx_HAL_Driver/Src/stm32l4xx_hal_cortex.o
                0x0000000008006d76                HAL_NVIC_SetPriority
 .text.HAL_NVIC_EnableIRQ
                0x0000000008006dae       0x1c ./Drivers/STM32L4xx_HAL_Driver/Src/stm32l4xx_hal_cortex.o
                0x0000000008006dae                HAL_NVIC_EnableIRQ
 .text.HAL_SYSTICK_Config
                0x0000000008006dca       0x18 ./Drivers/STM32L4xx_HAL_Driver/Src/stm32l4xx_hal_cortex.o
                0x0000000008006dca                HAL_SYSTICK_Config
 *fill*         0x0000000008006de2        0x2 
 .text.HAL_DMA_Init
                0x0000000008006de4      0x170 ./Drivers/STM32L4xx_HAL_Driver/Src/stm32l4xx_hal_dma.o
                0x0000000008006de4                HAL_DMA_Init
 .text.HAL_DMA_Start_IT
                0x0000000008006f54       0xc0 ./Drivers/STM32L4xx_HAL_Driver/Src/stm32l4xx_hal_dma.o
                0x0000000008006f54                HAL_DMA_Start_IT
 .text.HAL_DMA_Abort
                0x0000000008007014       0x7c ./Drivers/STM32L4xx_HAL_Driver/Src/stm32l4xx_hal_dma.o
                0x0000000008007014                HAL_DMA_Abort
 .text.HAL_DMA_Abort_IT
                0x0000000008007090       0x82 ./Drivers/STM32L4xx_HAL_Driver/Src/stm32l4xx_hal_dma.o
                0x0000000008007090                HAL_DMA_Abort_IT
 .text.HAL_DMA_IRQHandler
                0x0000000008007112      0x15e ./Drivers/STM32L4xx_HAL_Driver/Src/stm32l4xx_hal_dma.o
                0x0000000008007112                HAL_DMA_IRQHandler
 .text.DMA_SetConfig
                0x0000000008007270       0x60 ./Drivers/STM32L4xx_HAL_Driver/Src/stm32l4xx_hal_dma.o
 .text.HAL_GPIO_Init
                0x00000000080072d0      0x2f4 ./Drivers/STM32L4xx_HAL_Driver/Src/stm32l4xx_hal_gpio.o
                0x00000000080072d0                HAL_GPIO_Init
 .text.HAL_GPIO_WritePin
                0x00000000080075c4       0x30 ./Drivers/STM32L4xx_HAL_Driver/Src/stm32l4xx_hal_gpio.o
                0x00000000080075c4                HAL_GPIO_WritePin
 .text.HAL_GPIO_TogglePin
                0x00000000080075f4       0x34 ./Drivers/STM32L4xx_HAL_Driver/Src/stm32l4xx_hal_gpio.o
                0x00000000080075f4                HAL_GPIO_TogglePin
 .text.HAL_PWREx_GetVoltageRange
                0x0000000008007628       0x1c ./Drivers/STM32L4xx_HAL_Driver/Src/stm32l4xx_hal_pwr_ex.o
                0x0000000008007628                HAL_PWREx_GetVoltageRange
 .text.HAL_PWREx_ControlVoltageScaling
                0x0000000008007644       0xac ./Drivers/STM32L4xx_HAL_Driver/Src/stm32l4xx_hal_pwr_ex.o
                0x0000000008007644                HAL_PWREx_ControlVoltageScaling
 .text.HAL_RCC_OscConfig
                0x00000000080076f0      0x828 ./Drivers/STM32L4xx_HAL_Driver/Src/stm32l4xx_hal_rcc.o
                0x00000000080076f0                HAL_RCC_OscConfig
 .text.HAL_RCC_ClockConfig
                0x0000000008007f18      0x200 ./Drivers/STM32L4xx_HAL_Driver/Src/stm32l4xx_hal_rcc.o
                0x0000000008007f18                HAL_RCC_ClockConfig
 .text.HAL_RCC_GetSysClockFreq
                0x0000000008008118      0x118 ./Drivers/STM32L4xx_HAL_Driver/Src/stm32l4xx_hal_rcc.o
                0x0000000008008118                HAL_RCC_GetSysClockFreq
 .text.RCC_SetFlashLatencyFromMSIRange
                0x0000000008008230       0xc0 ./Drivers/STM32L4xx_HAL_Driver/Src/stm32l4xx_hal_rcc.o
 .text.HAL_RCCEx_PeriphCLKConfig
                0x00000000080082f0      0x4d8 ./Drivers/STM32L4xx_HAL_Driver/Src/stm32l4xx_hal_rcc_ex.o
                0x00000000080082f0                HAL_RCCEx_PeriphCLKConfig
 .text.RCCEx_PLLSAI1_Config
                0x00000000080087c8      0x1e4 ./Drivers/STM32L4xx_HAL_Driver/Src/stm32l4xx_hal_rcc_ex.o
 .text.HAL_SPI_Init
                0x00000000080089ac      0x146 ./Drivers/STM32L4xx_HAL_Driver/Src/stm32l4xx_hal_spi.o
                0x00000000080089ac                HAL_SPI_Init
 .text.HAL_SPI_TransmitReceive
                0x0000000008008af2      0x426 ./Drivers/STM32L4xx_HAL_Driver/Src/stm32l4xx_hal_spi.o
                0x0000000008008af2                HAL_SPI_TransmitReceive
 .text.HAL_SPI_IRQHandler
                0x0000000008008f18      0x200 ./Drivers/STM32L4xx_HAL_Driver/Src/stm32l4xx_hal_spi.o
                0x0000000008008f18                HAL_SPI_IRQHandler
 .text.HAL_SPI_ErrorCallback
                0x0000000008009118       0x14 ./Drivers/STM32L4xx_HAL_Driver/Src/stm32l4xx_hal_spi.o
                0x0000000008009118                HAL_SPI_ErrorCallback
 .text.SPI_DMAAbortOnError
                0x000000000800912c       0x2a ./Drivers/STM32L4xx_HAL_Driver/Src/stm32l4xx_hal_spi.o
 *fill*         0x0000000008009156        0x2 
 .text.SPI_WaitFlagStateUntilTimeout
                0x0000000008009158      0x110 ./Drivers/STM32L4xx_HAL_Driver/Src/stm32l4xx_hal_spi.o
 .text.SPI_WaitFifoStateUntilTimeout
                0x0000000008009268      0x12c ./Drivers/STM32L4xx_HAL_Driver/Src/stm32l4xx_hal_spi.o
 .text.SPI_EndRxTxTransaction
                0x0000000008009394       0x8c ./Drivers/STM32L4xx_HAL_Driver/Src/stm32l4xx_hal_spi.o
 .text.HAL_TIM_Base_Init
                0x0000000008009420       0xae ./Drivers/STM32L4xx_HAL_Driver/Src/stm32l4xx_hal_tim.o
                0x0000000008009420                HAL_TIM_Base_Init
 *fill*         0x00000000080094ce        0x2 
 .text.HAL_TIM_Base_Start
                0x00000000080094d0       0xa8 ./Drivers/STM32L4xx_HAL_Driver/Src/stm32l4xx_hal_tim.o
                0x00000000080094d0                HAL_TIM_Base_Start
 .text.HAL_TIM_Base_Start_IT
                0x0000000008009578       0xb8 ./Drivers/STM32L4xx_HAL_Driver/Src/stm32l4xx_hal_tim.o
                0x0000000008009578                HAL_TIM_Base_Start_IT
 .text.HAL_TIM_PWM_Init
                0x0000000008009630       0xae ./Drivers/STM32L4xx_HAL_Driver/Src/stm32l4xx_hal_tim.o
                0x0000000008009630                HAL_TIM_PWM_Init
 *fill*         0x00000000080096de        0x2 
 .text.HAL_TIM_PWM_Start
                0x00000000080096e0      0x1cc ./Drivers/STM32L4xx_HAL_Driver/Src/stm32l4xx_hal_tim.o
                0x00000000080096e0                HAL_TIM_PWM_Start
 .text.HAL_TIM_IC_Init
                0x00000000080098ac       0xae ./Drivers/STM32L4xx_HAL_Driver/Src/stm32l4xx_hal_tim.o
                0x00000000080098ac                HAL_TIM_IC_Init
 *fill*         0x000000000800995a        0x2 
 .text.HAL_TIM_IC_Start_IT
                0x000000000800995c      0x268 ./Drivers/STM32L4xx_HAL_Driver/Src/stm32l4xx_hal_tim.o
                0x000000000800995c                HAL_TIM_IC_Start_IT
 .text.HAL_TIM_IRQHandler
                0x0000000008009bc4      0x23e ./Drivers/STM32L4xx_HAL_Driver/Src/stm32l4xx_hal_tim.o
                0x0000000008009bc4                HAL_TIM_IRQHandler
 .text.HAL_TIM_IC_ConfigChannel
                0x0000000008009e02      0x138 ./Drivers/STM32L4xx_HAL_Driver/Src/stm32l4xx_hal_tim.o
                0x0000000008009e02                HAL_TIM_IC_ConfigChannel
 *fill*         0x0000000008009f3a        0x2 
 .text.HAL_TIM_PWM_ConfigChannel
                0x0000000008009f3c      0x228 ./Drivers/STM32L4xx_HAL_Driver/Src/stm32l4xx_hal_tim.o
                0x0000000008009f3c                HAL_TIM_PWM_ConfigChannel
 .text.HAL_TIM_ConfigClockSource
                0x000000000800a164      0x192 ./Drivers/STM32L4xx_HAL_Driver/Src/stm32l4xx_hal_tim.o
                0x000000000800a164                HAL_TIM_ConfigClockSource
 *fill*         0x000000000800a2f6        0x2 
 .text.HAL_TIM_ReadCapturedValue
                0x000000000800a2f8       0x88 ./Drivers/STM32L4xx_HAL_Driver/Src/stm32l4xx_hal_tim.o
                0x000000000800a2f8                HAL_TIM_ReadCapturedValue
 .text.HAL_TIM_OC_DelayElapsedCallback
                0x000000000800a380       0x14 ./Drivers/STM32L4xx_HAL_Driver/Src/stm32l4xx_hal_tim.o
                0x000000000800a380                HAL_TIM_OC_DelayElapsedCallback
 .text.HAL_TIM_PWM_PulseFinishedCallback
                0x000000000800a394       0x14 ./Drivers/STM32L4xx_HAL_Driver/Src/stm32l4xx_hal_tim.o
                0x000000000800a394                HAL_TIM_PWM_PulseFinishedCallback
 .text.HAL_TIM_TriggerCallback
                0x000000000800a3a8       0x14 ./Drivers/STM32L4xx_HAL_Driver/Src/stm32l4xx_hal_tim.o
                0x000000000800a3a8                HAL_TIM_TriggerCallback
 .text.TIM_Base_SetConfig
                0x000000000800a3bc       0xdc ./Drivers/STM32L4xx_HAL_Driver/Src/stm32l4xx_hal_tim.o
                0x000000000800a3bc                TIM_Base_SetConfig
 .text.TIM_OC1_SetConfig
                0x000000000800a498       0xf8 ./Drivers/STM32L4xx_HAL_Driver/Src/stm32l4xx_hal_tim.o
 .text.TIM_OC2_SetConfig
                0x000000000800a590       0xf4 ./Drivers/STM32L4xx_HAL_Driver/Src/stm32l4xx_hal_tim.o
                0x000000000800a590                TIM_OC2_SetConfig
 .text.TIM_OC3_SetConfig
                0x000000000800a684       0xf0 ./Drivers/STM32L4xx_HAL_Driver/Src/stm32l4xx_hal_tim.o
 .text.TIM_OC4_SetConfig
                0x000000000800a774       0xbc ./Drivers/STM32L4xx_HAL_Driver/Src/stm32l4xx_hal_tim.o
 .text.TIM_OC5_SetConfig
                0x000000000800a830       0xb0 ./Drivers/STM32L4xx_HAL_Driver/Src/stm32l4xx_hal_tim.o
 .text.TIM_OC6_SetConfig
                0x000000000800a8e0       0xb4 ./Drivers/STM32L4xx_HAL_Driver/Src/stm32l4xx_hal_tim.o
 .text.TIM_TI1_SetConfig
                0x000000000800a994       0xb8 ./Drivers/STM32L4xx_HAL_Driver/Src/stm32l4xx_hal_tim.o
                0x000000000800a994                TIM_TI1_SetConfig
 .text.TIM_TI1_ConfigInputStage
                0x000000000800aa4c       0x5e ./Drivers/STM32L4xx_HAL_Driver/Src/stm32l4xx_hal_tim.o
 .text.TIM_TI2_SetConfig
                0x000000000800aaaa       0x7a ./Drivers/STM32L4xx_HAL_Driver/Src/stm32l4xx_hal_tim.o
 .text.TIM_TI2_ConfigInputStage
                0x000000000800ab24       0x60 ./Drivers/STM32L4xx_HAL_Driver/Src/stm32l4xx_hal_tim.o
 .text.TIM_TI3_SetConfig
                0x000000000800ab84       0x78 ./Drivers/STM32L4xx_HAL_Driver/Src/stm32l4xx_hal_tim.o
 .text.TIM_TI4_SetConfig
                0x000000000800abfc       0x7a ./Drivers/STM32L4xx_HAL_Driver/Src/stm32l4xx_hal_tim.o
 .text.TIM_ITRx_SetConfig
                0x000000000800ac76       0x36 ./Drivers/STM32L4xx_HAL_Driver/Src/stm32l4xx_hal_tim.o
 .text.TIM_ETR_SetConfig
                0x000000000800acac       0x40 ./Drivers/STM32L4xx_HAL_Driver/Src/stm32l4xx_hal_tim.o
                0x000000000800acac                TIM_ETR_SetConfig
 .text.TIM_CCxChannelCmd
                0x000000000800acec       0x4a ./Drivers/STM32L4xx_HAL_Driver/Src/stm32l4xx_hal_tim.o
                0x000000000800acec                TIM_CCxChannelCmd
 *fill*         0x000000000800ad36        0x2 
 .text.HAL_TIMEx_MasterConfigSynchronization
                0x000000000800ad38       0xdc ./Drivers/STM32L4xx_HAL_Driver/Src/stm32l4xx_hal_tim_ex.o
                0x000000000800ad38                HAL_TIMEx_MasterConfigSynchronization
 .text.HAL_TIMEx_ConfigBreakDeadTime
                0x000000000800ae14       0xf0 ./Drivers/STM32L4xx_HAL_Driver/Src/stm32l4xx_hal_tim_ex.o
                0x000000000800ae14                HAL_TIMEx_ConfigBreakDeadTime
 .text.HAL_TIMEx_CommutCallback
                0x000000000800af04       0x14 ./Drivers/STM32L4xx_HAL_Driver/Src/stm32l4xx_hal_tim_ex.o
                0x000000000800af04                HAL_TIMEx_CommutCallback
 .text.HAL_TIMEx_BreakCallback
                0x000000000800af18       0x14 ./Drivers/STM32L4xx_HAL_Driver/Src/stm32l4xx_hal_tim_ex.o
                0x000000000800af18                HAL_TIMEx_BreakCallback
 .text.HAL_TIMEx_Break2Callback
                0x000000000800af2c       0x14 ./Drivers/STM32L4xx_HAL_Driver/Src/stm32l4xx_hal_tim_ex.o
                0x000000000800af2c                HAL_TIMEx_Break2Callback
 .text.__libc_init_array
                0x000000000800af40       0x48 c:/st/stm32cubeide_1.7.0/stm32cubeide/plugins/com.st.stm32cube.ide.mcu.externaltools.gnu-tools-for-stm32.10.3-2021.10.win32_1.0.0.202111181127/tools/bin/../lib/gcc/arm-none-eabi/10.3.1/../../../../arm-none-eabi/lib/thumb/v7e-m+fp/hard\libc_nano.a(lib_a-init.o)
                0x000000000800af40                __libc_init_array
 .text.memset   0x000000000800af88       0x10 c:/st/stm32cubeide_1.7.0/stm32cubeide/plugins/com.st.stm32cube.ide.mcu.externaltools.gnu-tools-for-stm32.10.3-2021.10.win32_1.0.0.202111181127/tools/bin/../lib/gcc/arm-none-eabi/10.3.1/../../../../arm-none-eabi/lib/thumb/v7e-m+fp/hard\libc_nano.a(lib_a-memset.o)
                0x000000000800af88                memset
 *(.glue_7)
 .glue_7        0x000000000800af98        0x0 linker stubs
 *(.glue_7t)
 .glue_7t       0x000000000800af98        0x0 linker stubs
 *(.eh_frame)
 .eh_frame      0x000000000800af98        0x0 c:/st/stm32cubeide_1.7.0/stm32cubeide/plugins/com.st.stm32cube.ide.mcu.externaltools.gnu-tools-for-stm32.10.3-2021.10.win32_1.0.0.202111181127/tools/bin/../lib/gcc/arm-none-eabi/10.3.1/thumb/v7e-m+fp/hard/crtbegin.o
 *(.init)
 .init          0x000000000800af98        0x4 c:/st/stm32cubeide_1.7.0/stm32cubeide/plugins/com.st.stm32cube.ide.mcu.externaltools.gnu-tools-for-stm32.10.3-2021.10.win32_1.0.0.202111181127/tools/bin/../lib/gcc/arm-none-eabi/10.3.1/thumb/v7e-m+fp/hard/crti.o
                0x000000000800af98                _init
 .init          0x000000000800af9c        0x8 c:/st/stm32cubeide_1.7.0/stm32cubeide/plugins/com.st.stm32cube.ide.mcu.externaltools.gnu-tools-for-stm32.10.3-2021.10.win32_1.0.0.202111181127/tools/bin/../lib/gcc/arm-none-eabi/10.3.1/thumb/v7e-m+fp/hard/crtn.o
 *(.fini)
 .fini          0x000000000800afa4        0x4 c:/st/stm32cubeide_1.7.0/stm32cubeide/plugins/com.st.stm32cube.ide.mcu.externaltools.gnu-tools-for-stm32.10.3-2021.10.win32_1.0.0.202111181127/tools/bin/../lib/gcc/arm-none-eabi/10.3.1/thumb/v7e-m+fp/hard/crti.o
                0x000000000800afa4                _fini
 .fini          0x000000000800afa8        0x8 c:/st/stm32cubeide_1.7.0/stm32cubeide/plugins/com.st.stm32cube.ide.mcu.externaltools.gnu-tools-for-stm32.10.3-2021.10.win32_1.0.0.202111181127/tools/bin/../lib/gcc/arm-none-eabi/10.3.1/thumb/v7e-m+fp/hard/crtn.o
                0x000000000800afb0                . = ALIGN (0x4)
                0x000000000800afb0                _etext = .

.vfp11_veneer   0x000000000800afb0        0x0
 .vfp11_veneer  0x000000000800afb0        0x0 linker stubs

.v4_bx          0x000000000800afb0        0x0
 .v4_bx         0x000000000800afb0        0x0 linker stubs

.iplt           0x000000000800afb0        0x0
 .iplt          0x000000000800afb0        0x0 c:/st/stm32cubeide_1.7.0/stm32cubeide/plugins/com.st.stm32cube.ide.mcu.externaltools.gnu-tools-for-stm32.10.3-2021.10.win32_1.0.0.202111181127/tools/bin/../lib/gcc/arm-none-eabi/10.3.1/thumb/v7e-m+fp/hard/crtbegin.o

.rodata         0x000000000800afb0       0x40
                0x000000000800afb0                . = ALIGN (0x4)
 *(.rodata)
 *(.rodata*)
 .rodata.AHBPrescTable
                0x000000000800afb0       0x10 ./Core/Src/system_stm32l4xx.o
                0x000000000800afb0                AHBPrescTable
 .rodata.MSIRangeTable
                0x000000000800afc0       0x30 ./Core/Src/system_stm32l4xx.o
                0x000000000800afc0                MSIRangeTable
                0x000000000800aff0                . = ALIGN (0x4)

.rel.dyn        0x000000000800aff0        0x0
 .rel.iplt      0x000000000800aff0        0x0 c:/st/stm32cubeide_1.7.0/stm32cubeide/plugins/com.st.stm32cube.ide.mcu.externaltools.gnu-tools-for-stm32.10.3-2021.10.win32_1.0.0.202111181127/tools/bin/../lib/gcc/arm-none-eabi/10.3.1/thumb/v7e-m+fp/hard/crtbegin.o

.ARM.extab      0x000000000800aff0        0x0
                0x000000000800aff0                . = ALIGN (0x4)
 *(.ARM.extab* .gnu.linkonce.armextab.*)
                0x000000000800aff0                . = ALIGN (0x4)

.ARM            0x000000000800aff0        0x0
                0x000000000800aff0                . = ALIGN (0x4)
                0x000000000800aff0                __exidx_start = .
 *(.ARM.exidx*)
                0x000000000800aff0                __exidx_end = .
                0x000000000800aff0                . = ALIGN (0x4)

.preinit_array  0x000000000800aff0        0x0
                0x000000000800aff0                . = ALIGN (0x4)
                0x000000000800aff0                PROVIDE (__preinit_array_start = .)
 *(.preinit_array*)
                0x000000000800aff0                PROVIDE (__preinit_array_end = .)
                0x000000000800aff0                . = ALIGN (0x4)

.init_array     0x000000000800aff0        0x4
                0x000000000800aff0                . = ALIGN (0x4)
                0x000000000800aff0                PROVIDE (__init_array_start = .)
 *(SORT_BY_NAME(.init_array.*))
 *(.init_array*)
 .init_array    0x000000000800aff0        0x4 c:/st/stm32cubeide_1.7.0/stm32cubeide/plugins/com.st.stm32cube.ide.mcu.externaltools.gnu-tools-for-stm32.10.3-2021.10.win32_1.0.0.202111181127/tools/bin/../lib/gcc/arm-none-eabi/10.3.1/thumb/v7e-m+fp/hard/crtbegin.o
                0x000000000800aff4                PROVIDE (__init_array_end = .)
                0x000000000800aff4                . = ALIGN (0x4)

.fini_array     0x000000000800aff4        0x4
                0x000000000800aff4                . = ALIGN (0x4)
                [!provide]                        PROVIDE (__fini_array_start = .)
 *(SORT_BY_NAME(.fini_array.*))
 *(.fini_array*)
 .fini_array    0x000000000800aff4        0x4 c:/st/stm32cubeide_1.7.0/stm32cubeide/plugins/com.st.stm32cube.ide.mcu.externaltools.gnu-tools-for-stm32.10.3-2021.10.win32_1.0.0.202111181127/tools/bin/../lib/gcc/arm-none-eabi/10.3.1/thumb/v7e-m+fp/hard/crtbegin.o
                [!provide]                        PROVIDE (__fini_array_end = .)
                0x000000000800aff8                . = ALIGN (0x4)
                0x000000000800aff8                _sidata = LOADADDR (.data)

.data           0x0000000020000000       0x2c load address 0x000000000800aff8
                0x0000000020000000                . = ALIGN (0x4)
                0x0000000020000000                _sdata = .
 *(.data)
 *(.data*)
 .data.A        0x0000000020000000        0x8 ./Core/Src/main.o
                0x0000000020000000                A
 .data.B        0x0000000020000008        0x8 ./Core/Src/main.o
                0x0000000020000008                B
 .data.C        0x0000000020000010        0x8 ./Core/Src/main.o
                0x0000000020000010                C
 .data.D        0x0000000020000018        0x8 ./Core/Src/main.o
                0x0000000020000018                D
 .data.SystemCoreClock
                0x0000000020000020        0x4 ./Core/Src/system_stm32l4xx.o
                0x0000000020000020                SystemCoreClock
 .data.uwTickPrio
                0x0000000020000024        0x4 ./Drivers/STM32L4xx_HAL_Driver/Src/stm32l4xx_hal.o
                0x0000000020000024                uwTickPrio
 .data.uwTickFreq
                0x0000000020000028        0x1 ./Drivers/STM32L4xx_HAL_Driver/Src/stm32l4xx_hal.o
                0x0000000020000028                uwTickFreq
 *(.RamFunc)
 *(.RamFunc*)
                0x000000002000002c                . = ALIGN (0x4)
 *fill*         0x0000000020000029        0x3 
                0x000000002000002c                _edata = .

.igot.plt       0x000000002000002c        0x0 load address 0x000000000800b024
 .igot.plt      0x000000002000002c        0x0 c:/st/stm32cubeide_1.7.0/stm32cubeide/plugins/com.st.stm32cube.ide.mcu.externaltools.gnu-tools-for-stm32.10.3-2021.10.win32_1.0.0.202111181127/tools/bin/../lib/gcc/arm-none-eabi/10.3.1/thumb/v7e-m+fp/hard/crtbegin.o
                0x000000002000002c                . = ALIGN (0x4)

.bss            0x000000002000002c      0xae0 load address 0x000000000800b024
                0x000000002000002c                _sbss = .
                0x000000002000002c                __bss_start__ = _sbss
 *(.bss)
 .bss           0x000000002000002c       0x1c c:/st/stm32cubeide_1.7.0/stm32cubeide/plugins/com.st.stm32cube.ide.mcu.externaltools.gnu-tools-for-stm32.10.3-2021.10.win32_1.0.0.202111181127/tools/bin/../lib/gcc/arm-none-eabi/10.3.1/thumb/v7e-m+fp/hard/crtbegin.o
 *(.bss*)
 .bss.hadc1     0x0000000020000048       0x68 ./Core/Src/adc.o
                0x0000000020000048                hadc1
 .bss.hdma_adc1
                0x00000000200000b0       0x48 ./Core/Src/adc.o
                0x00000000200000b0                hdma_adc1
 .bss.hcan1     0x00000000200000f8       0x28 ./Core/Src/can.o
                0x00000000200000f8                hcan1
 .bss.TxHeader1
                0x0000000020000120       0x18 ./Core/Src/main.o
                0x0000000020000120                TxHeader1
 .bss.TxHeader2
                0x0000000020000138       0x18 ./Core/Src/main.o
                0x0000000020000138                TxHeader2
 .bss.TxHeader3
                0x0000000020000150       0x18 ./Core/Src/main.o
                0x0000000020000150                TxHeader3
 .bss.sFilterConfig
                0x0000000020000168       0x28 ./Core/Src/main.o
                0x0000000020000168                sFilterConfig
 .bss.SLAVEBMSA
                0x0000000020000190       0xe4 ./Core/Src/main.o
                0x0000000020000190                SLAVEBMSA
 .bss.SLAVEBMSB
                0x0000000020000274       0xe4 ./Core/Src/main.o
                0x0000000020000274                SLAVEBMSB
 .bss.SLAVEBMSC
                0x0000000020000358       0xe4 ./Core/Src/main.o
                0x0000000020000358                SLAVEBMSC
 .bss.SLAVEBMSD
                0x000000002000043c       0xe4 ./Core/Src/main.o
                0x000000002000043c                SLAVEBMSD
 .bss.SLAVEBMSE
                0x0000000020000520       0xe4 ./Core/Src/main.o
                0x0000000020000520                SLAVEBMSE
 .bss.Max_Voltage
                0x0000000020000604        0x4 ./Core/Src/main.o
                0x0000000020000604                Max_Voltage
 .bss.Min_Voltage
                0x0000000020000608        0x4 ./Core/Src/main.o
                0x0000000020000608                Min_Voltage
 .bss.Voltage_diff
                0x000000002000060c        0x4 ./Core/Src/main.o
                0x000000002000060c                Voltage_diff
 .bss.Max_temp  0x0000000020000610        0x1 ./Core/Src/main.o
                0x0000000020000610                Max_temp
 .bss.Min_temp  0x0000000020000611        0x1 ./Core/Src/main.o
                0x0000000020000611                Min_temp
 .bss.temp00    0x0000000020000612        0x2 ./Core/Src/main.o
                0x0000000020000612                temp00
 .bss.temp01    0x0000000020000614        0x2 ./Core/Src/main.o
                0x0000000020000614                temp01
 .bss.temp02    0x0000000020000616        0x2 ./Core/Src/main.o
                0x0000000020000616                temp02
 .bss.temp03    0x0000000020000618        0x2 ./Core/Src/main.o
                0x0000000020000618                temp03
 .bss.temp04    0x000000002000061a        0x2 ./Core/Src/main.o
                0x000000002000061a                temp04
 .bss.temp05    0x000000002000061c        0x2 ./Core/Src/main.o
                0x000000002000061c                temp05
 .bss.temp06    0x000000002000061e        0x2 ./Core/Src/main.o
                0x000000002000061e                temp06
 .bss.temp07    0x0000000020000620        0x2 ./Core/Src/main.o
                0x0000000020000620                temp07
 .bss.temp08    0x0000000020000622        0x2 ./Core/Src/main.o
                0x0000000020000622                temp08
 .bss.temp09    0x0000000020000624        0x2 ./Core/Src/main.o
                0x0000000020000624                temp09
 .bss.temp10    0x0000000020000626        0x2 ./Core/Src/main.o
                0x0000000020000626                temp10
 .bss.temp11    0x0000000020000628        0x2 ./Core/Src/main.o
                0x0000000020000628                temp11
 .bss.temp12    0x000000002000062a        0x2 ./Core/Src/main.o
                0x000000002000062a                temp12
 .bss.temp13    0x000000002000062c        0x2 ./Core/Src/main.o
                0x000000002000062c                temp13
 .bss.temp14    0x000000002000062e        0x2 ./Core/Src/main.o
                0x000000002000062e                temp14
 .bss.temp15    0x0000000020000630        0x2 ./Core/Src/main.o
                0x0000000020000630                temp15
 .bss.temp16    0x0000000020000632        0x2 ./Core/Src/main.o
                0x0000000020000632                temp16
 .bss.temp17    0x0000000020000634        0x2 ./Core/Src/main.o
                0x0000000020000634                temp17
 .bss.temp18    0x0000000020000636        0x2 ./Core/Src/main.o
                0x0000000020000636                temp18
 .bss.temp19    0x0000000020000638        0x2 ./Core/Src/main.o
                0x0000000020000638                temp19
 .bss.temp20    0x000000002000063a        0x2 ./Core/Src/main.o
                0x000000002000063a                temp20
 .bss.temp21    0x000000002000063c        0x2 ./Core/Src/main.o
                0x000000002000063c                temp21
 .bss.temp22    0x000000002000063e        0x2 ./Core/Src/main.o
                0x000000002000063e                temp22
 .bss.temp23    0x0000000020000640        0x2 ./Core/Src/main.o
                0x0000000020000640                temp23
 .bss.temp24    0x0000000020000642        0x2 ./Core/Src/main.o
                0x0000000020000642                temp24
 .bss.temp25    0x0000000020000644        0x2 ./Core/Src/main.o
                0x0000000020000644                temp25
 .bss.temp26    0x0000000020000646        0x2 ./Core/Src/main.o
                0x0000000020000646                temp26
 .bss.temp27    0x0000000020000648        0x2 ./Core/Src/main.o
                0x0000000020000648                temp27
 .bss.temp28    0x000000002000064a        0x2 ./Core/Src/main.o
                0x000000002000064a                temp28
 .bss.temp29    0x000000002000064c        0x2 ./Core/Src/main.o
                0x000000002000064c                temp29
 .bss.temp30    0x000000002000064e        0x2 ./Core/Src/main.o
                0x000000002000064e                temp30
 .bss.temp31    0x0000000020000650        0x2 ./Core/Src/main.o
                0x0000000020000650                temp31
 .bss.temp32    0x0000000020000652        0x2 ./Core/Src/main.o
                0x0000000020000652                temp32
 .bss.temp33    0x0000000020000654        0x2 ./Core/Src/main.o
                0x0000000020000654                temp33
 .bss.temp34    0x0000000020000656        0x2 ./Core/Src/main.o
                0x0000000020000656                temp34
 .bss.temp35    0x0000000020000658        0x2 ./Core/Src/main.o
                0x0000000020000658                temp35
 .bss.temp36    0x000000002000065a        0x2 ./Core/Src/main.o
                0x000000002000065a                temp36
 .bss.temp37    0x000000002000065c        0x2 ./Core/Src/main.o
                0x000000002000065c                temp37
 .bss.temp38    0x000000002000065e        0x2 ./Core/Src/main.o
                0x000000002000065e                temp38
 .bss.temp39    0x0000000020000660        0x2 ./Core/Src/main.o
                0x0000000020000660                temp39
 .bss.temp40    0x0000000020000662        0x2 ./Core/Src/main.o
                0x0000000020000662                temp40
 .bss.temp41    0x0000000020000664        0x2 ./Core/Src/main.o
                0x0000000020000664                temp41
 .bss.temp42    0x0000000020000666        0x2 ./Core/Src/main.o
                0x0000000020000666                temp42
 .bss.temp43    0x0000000020000668        0x2 ./Core/Src/main.o
                0x0000000020000668                temp43
 .bss.temp44    0x000000002000066a        0x2 ./Core/Src/main.o
                0x000000002000066a                temp44
 .bss.Sum_of_Voltage
                0x000000002000066c        0x2 ./Core/Src/main.o
                0x000000002000066c                Sum_of_Voltage
 *fill*         0x000000002000066e        0x2 
 .bss.tx_data1  0x0000000020000670        0x8 ./Core/Src/main.o
                0x0000000020000670                tx_data1
 .bss.tx_data2  0x0000000020000678        0x8 ./Core/Src/main.o
                0x0000000020000678                tx_data2
 .bss.tx_data3  0x0000000020000680        0x8 ./Core/Src/main.o
                0x0000000020000680                tx_data3
 .bss.Mailbox   0x0000000020000688        0x4 ./Core/Src/main.o
                0x0000000020000688                Mailbox
 .bss.oldccr1   0x000000002000068c        0x4 ./Core/Src/main.o
                0x000000002000068c                oldccr1
 .bss.oldccr2   0x0000000020000690        0x4 ./Core/Src/main.o
                0x0000000020000690                oldccr2
 .bss.oldccr3   0x0000000020000694        0x4 ./Core/Src/main.o
                0x0000000020000694                oldccr3
 .bss.oldccr4   0x0000000020000698        0x4 ./Core/Src/main.o
                0x0000000020000698                oldccr4
 .bss.oldccr5   0x000000002000069c        0x4 ./Core/Src/main.o
                0x000000002000069c                oldccr5
 .bss.newccr1   0x00000000200006a0        0x4 ./Core/Src/main.o
                0x00000000200006a0                newccr1
 .bss.newccr2   0x00000000200006a4        0x4 ./Core/Src/main.o
                0x00000000200006a4                newccr2
 .bss.newccr3   0x00000000200006a8        0x4 ./Core/Src/main.o
                0x00000000200006a8                newccr3
 .bss.newccr4   0x00000000200006ac        0x4 ./Core/Src/main.o
                0x00000000200006ac                newccr4
 .bss.newccr5   0x00000000200006b0        0x4 ./Core/Src/main.o
                0x00000000200006b0                newccr5
 .bss.rpm1      0x00000000200006b4        0x4 ./Core/Src/main.o
                0x00000000200006b4                rpm1
 .bss.rpm2      0x00000000200006b8        0x4 ./Core/Src/main.o
                0x00000000200006b8                rpm2
 .bss.rpm3      0x00000000200006bc        0x4 ./Core/Src/main.o
                0x00000000200006bc                rpm3
 .bss.rpm4      0x00000000200006c0        0x4 ./Core/Src/main.o
                0x00000000200006c0                rpm4
 .bss.rpm5      0x00000000200006c4        0x4 ./Core/Src/main.o
                0x00000000200006c4                rpm5
 .bss.ch1done   0x00000000200006c8        0x1 ./Core/Src/main.o
                0x00000000200006c8                ch1done
 .bss.ch2done   0x00000000200006c9        0x1 ./Core/Src/main.o
                0x00000000200006c9                ch2done
 .bss.ch3done   0x00000000200006ca        0x1 ./Core/Src/main.o
                0x00000000200006ca                ch3done
 .bss.ch4done   0x00000000200006cb        0x1 ./Core/Src/main.o
                0x00000000200006cb                ch4done
 .bss.ch5done   0x00000000200006cc        0x1 ./Core/Src/main.o
                0x00000000200006cc                ch5done
 .bss.state     0x00000000200006cd        0x1 ./Core/Src/main.o
                0x00000000200006cd                state
 *fill*         0x00000000200006ce        0x2 
 .bss.can_count1
                0x00000000200006d0        0x4 ./Core/Src/main.o
                0x00000000200006d0                can_count1
 .bss.can_count2
                0x00000000200006d4        0x4 ./Core/Src/main.o
                0x00000000200006d4                can_count2
 .bss.can_count3
                0x00000000200006d8        0x4 ./Core/Src/main.o
                0x00000000200006d8                can_count3
 .bss.SLAVEBMS_CRC_Table
                0x00000000200006dc      0x200 ./Core/Src/main.o
                0x00000000200006dc                SLAVEBMS_CRC_Table
 .bss.hspi1     0x00000000200008dc       0x64 ./Core/Src/spi.o
                0x00000000200008dc                hspi1
 .bss.htim1     0x0000000020000940       0x4c ./Core/Src/tim.o
                0x0000000020000940                htim1
 .bss.htim2     0x000000002000098c       0x4c ./Core/Src/tim.o
                0x000000002000098c                htim2
 .bss.htim3     0x00000000200009d8       0x4c ./Core/Src/tim.o
                0x00000000200009d8                htim3
 .bss.htim6     0x0000000020000a24       0x4c ./Core/Src/tim.o
                0x0000000020000a24                htim6
 .bss.htim15    0x0000000020000a70       0x4c ./Core/Src/tim.o
                0x0000000020000a70                htim15
 .bss.htim16    0x0000000020000abc       0x4c ./Core/Src/tim.o
                0x0000000020000abc                htim16
 .bss.uwTick    0x0000000020000b08        0x4 ./Drivers/STM32L4xx_HAL_Driver/Src/stm32l4xx_hal.o
                0x0000000020000b08                uwTick
 *(COMMON)
                0x0000000020000b0c                . = ALIGN (0x4)
                0x0000000020000b0c                _ebss = .
                0x0000000020000b0c                __bss_end__ = _ebss

._user_heap_stack
                0x0000000020000b0c      0x604 load address 0x000000000800b024
                0x0000000020000b10                . = ALIGN (0x8)
 *fill*         0x0000000020000b0c        0x4 
                [!provide]                        PROVIDE (end = .)
                0x0000000020000b10                PROVIDE (_end = .)
                0x0000000020000d10                . = (. + _Min_Heap_Size)
 *fill*         0x0000000020000b10      0x200 
                0x0000000020001110                . = (. + _Min_Stack_Size)
 *fill*         0x0000000020000d10      0x400 
                0x0000000020001110                . = ALIGN (0x8)

/DISCARD/
 libc.a(*)
 libm.a(*)
 libgcc.a(*)

.ARM.attributes
                0x0000000000000000       0x30
 *(.ARM.attributes)
 .ARM.attributes
                0x0000000000000000       0x1e c:/st/stm32cubeide_1.7.0/stm32cubeide/plugins/com.st.stm32cube.ide.mcu.externaltools.gnu-tools-for-stm32.10.3-2021.10.win32_1.0.0.202111181127/tools/bin/../lib/gcc/arm-none-eabi/10.3.1/thumb/v7e-m+fp/hard/crti.o
 .ARM.attributes
                0x000000000000001e       0x34 c:/st/stm32cubeide_1.7.0/stm32cubeide/plugins/com.st.stm32cube.ide.mcu.externaltools.gnu-tools-for-stm32.10.3-2021.10.win32_1.0.0.202111181127/tools/bin/../lib/gcc/arm-none-eabi/10.3.1/thumb/v7e-m+fp/hard/crtbegin.o
 .ARM.attributes
                0x0000000000000052       0x34 ./Core/Src/adc.o
 .ARM.attributes
                0x0000000000000086       0x34 ./Core/Src/can.o
 .ARM.attributes
                0x00000000000000ba       0x34 ./Core/Src/dma.o
 .ARM.attributes
                0x00000000000000ee       0x34 ./Core/Src/gpio.o
 .ARM.attributes
                0x0000000000000122       0x34 ./Core/Src/main.o
 .ARM.attributes
                0x0000000000000156       0x34 ./Core/Src/spi.o
 .ARM.attributes
                0x000000000000018a       0x34 ./Core/Src/stm32l4xx_hal_msp.o
 .ARM.attributes
                0x00000000000001be       0x34 ./Core/Src/stm32l4xx_it.o
 .ARM.attributes
                0x00000000000001f2       0x34 ./Core/Src/system_stm32l4xx.o
 .ARM.attributes
                0x0000000000000226       0x34 ./Core/Src/tim.o
 .ARM.attributes
                0x000000000000025a       0x21 ./Core/Startup/startup_stm32l452retx.o
 .ARM.attributes
                0x000000000000027b       0x34 ./Drivers/STM32L4xx_HAL_Driver/Src/stm32l4xx_hal.o
 .ARM.attributes
                0x00000000000002af       0x34 ./Drivers/STM32L4xx_HAL_Driver/Src/stm32l4xx_hal_adc.o
 .ARM.attributes
                0x00000000000002e3       0x34 ./Drivers/STM32L4xx_HAL_Driver/Src/stm32l4xx_hal_can.o
 .ARM.attributes
                0x0000000000000317       0x34 ./Drivers/STM32L4xx_HAL_Driver/Src/stm32l4xx_hal_cortex.o
 .ARM.attributes
                0x000000000000034b       0x34 ./Drivers/STM32L4xx_HAL_Driver/Src/stm32l4xx_hal_dma.o
 .ARM.attributes
                0x000000000000037f       0x34 ./Drivers/STM32L4xx_HAL_Driver/Src/stm32l4xx_hal_gpio.o
 .ARM.attributes
                0x00000000000003b3       0x34 ./Drivers/STM32L4xx_HAL_Driver/Src/stm32l4xx_hal_pwr_ex.o
 .ARM.attributes
                0x00000000000003e7       0x34 ./Drivers/STM32L4xx_HAL_Driver/Src/stm32l4xx_hal_rcc.o
 .ARM.attributes
                0x000000000000041b       0x34 ./Drivers/STM32L4xx_HAL_Driver/Src/stm32l4xx_hal_rcc_ex.o
 .ARM.attributes
                0x000000000000044f       0x34 ./Drivers/STM32L4xx_HAL_Driver/Src/stm32l4xx_hal_spi.o
 .ARM.attributes
                0x0000000000000483       0x34 ./Drivers/STM32L4xx_HAL_Driver/Src/stm32l4xx_hal_tim.o
 .ARM.attributes
                0x00000000000004b7       0x34 ./Drivers/STM32L4xx_HAL_Driver/Src/stm32l4xx_hal_tim_ex.o
 .ARM.attributes
                0x00000000000004eb       0x34 c:/st/stm32cubeide_1.7.0/stm32cubeide/plugins/com.st.stm32cube.ide.mcu.externaltools.gnu-tools-for-stm32.10.3-2021.10.win32_1.0.0.202111181127/tools/bin/../lib/gcc/arm-none-eabi/10.3.1/../../../../arm-none-eabi/lib/thumb/v7e-m+fp/hard\libc_nano.a(lib_a-init.o)
 .ARM.attributes
                0x000000000000051f       0x34 c:/st/stm32cubeide_1.7.0/stm32cubeide/plugins/com.st.stm32cube.ide.mcu.externaltools.gnu-tools-for-stm32.10.3-2021.10.win32_1.0.0.202111181127/tools/bin/../lib/gcc/arm-none-eabi/10.3.1/../../../../arm-none-eabi/lib/thumb/v7e-m+fp/hard\libc_nano.a(lib_a-memset.o)
 .ARM.attributes
                0x0000000000000553       0x1e c:/st/stm32cubeide_1.7.0/stm32cubeide/plugins/com.st.stm32cube.ide.mcu.externaltools.gnu-tools-for-stm32.10.3-2021.10.win32_1.0.0.202111181127/tools/bin/../lib/gcc/arm-none-eabi/10.3.1/thumb/v7e-m+fp/hard\libgcc.a(_arm_addsubdf3.o)
 .ARM.attributes
                0x0000000000000571       0x1e c:/st/stm32cubeide_1.7.0/stm32cubeide/plugins/com.st.stm32cube.ide.mcu.externaltools.gnu-tools-for-stm32.10.3-2021.10.win32_1.0.0.202111181127/tools/bin/../lib/gcc/arm-none-eabi/10.3.1/thumb/v7e-m+fp/hard\libgcc.a(_arm_muldivdf3.o)
 .ARM.attributes
                0x000000000000058f       0x1e c:/st/stm32cubeide_1.7.0/stm32cubeide/plugins/com.st.stm32cube.ide.mcu.externaltools.gnu-tools-for-stm32.10.3-2021.10.win32_1.0.0.202111181127/tools/bin/../lib/gcc/arm-none-eabi/10.3.1/thumb/v7e-m+fp/hard\libgcc.a(_arm_fixunsdfsi.o)
 .ARM.attributes
                0x00000000000005ad       0x1e c:/st/stm32cubeide_1.7.0/stm32cubeide/plugins/com.st.stm32cube.ide.mcu.externaltools.gnu-tools-for-stm32.10.3-2021.10.win32_1.0.0.202111181127/tools/bin/../lib/gcc/arm-none-eabi/10.3.1/thumb/v7e-m+fp/hard/crtn.o
OUTPUT(BMS_Code_230512.elf elf32-littlearm)
LOAD linker stubs
LOAD c:/st/stm32cubeide_1.7.0/stm32cubeide/plugins/com.st.stm32cube.ide.mcu.externaltools.gnu-tools-for-stm32.10.3-2021.10.win32_1.0.0.202111181127/tools/bin/../lib/gcc/arm-none-eabi/10.3.1/../../../../arm-none-eabi/lib/thumb/v7e-m+fp/hard\libc.a
LOAD c:/st/stm32cubeide_1.7.0/stm32cubeide/plugins/com.st.stm32cube.ide.mcu.externaltools.gnu-tools-for-stm32.10.3-2021.10.win32_1.0.0.202111181127/tools/bin/../lib/gcc/arm-none-eabi/10.3.1/../../../../arm-none-eabi/lib/thumb/v7e-m+fp/hard\libm.a
LOAD c:/st/stm32cubeide_1.7.0/stm32cubeide/plugins/com.st.stm32cube.ide.mcu.externaltools.gnu-tools-for-stm32.10.3-2021.10.win32_1.0.0.202111181127/tools/bin/../lib/gcc/arm-none-eabi/10.3.1/thumb/v7e-m+fp/hard\libgcc.a

.debug_info     0x0000000000000000    0x15a1d
 .debug_info    0x0000000000000000      0xe46 ./Core/Src/adc.o
 .debug_info    0x0000000000000e46      0x94d ./Core/Src/can.o
 .debug_info    0x0000000000001793      0x526 ./Core/Src/dma.o
 .debug_info    0x0000000000001cb9      0x4e0 ./Core/Src/gpio.o
 .debug_info    0x0000000000002199     0x2a9b ./Core/Src/main.o
 .debug_info    0x0000000000004c34      0xc79 ./Core/Src/spi.o
 .debug_info    0x00000000000058ad      0x324 ./Core/Src/stm32l4xx_hal_msp.o
 .debug_info    0x0000000000005bd1      0xade ./Core/Src/stm32l4xx_it.o
 .debug_info    0x00000000000066af      0x5e2 ./Core/Src/system_stm32l4xx.o
 .debug_info    0x0000000000006c91     0x1416 ./Core/Src/tim.o
 .debug_info    0x00000000000080a7       0x22 ./Core/Startup/startup_stm32l452retx.o
 .debug_info    0x00000000000080c9      0xbd5 ./Drivers/STM32L4xx_HAL_Driver/Src/stm32l4xx_hal.o
 .debug_info    0x0000000000008c9e     0x1dbb ./Drivers/STM32L4xx_HAL_Driver/Src/stm32l4xx_hal_adc.o
 .debug_info    0x000000000000aa59     0x1027 ./Drivers/STM32L4xx_HAL_Driver/Src/stm32l4xx_hal_can.o
 .debug_info    0x000000000000ba80      0xdd9 ./Drivers/STM32L4xx_HAL_Driver/Src/stm32l4xx_hal_cortex.o
 .debug_info    0x000000000000c859      0x76a ./Drivers/STM32L4xx_HAL_Driver/Src/stm32l4xx_hal_dma.o
 .debug_info    0x000000000000cfc3      0x82f ./Drivers/STM32L4xx_HAL_Driver/Src/stm32l4xx_hal_gpio.o
 .debug_info    0x000000000000d7f2      0x96b ./Drivers/STM32L4xx_HAL_Driver/Src/stm32l4xx_hal_pwr_ex.o
 .debug_info    0x000000000000e15d      0xca5 ./Drivers/STM32L4xx_HAL_Driver/Src/stm32l4xx_hal_rcc.o
 .debug_info    0x000000000000ee02      0xfaa ./Drivers/STM32L4xx_HAL_Driver/Src/stm32l4xx_hal_rcc_ex.o
 .debug_info    0x000000000000fdac     0x1782 ./Drivers/STM32L4xx_HAL_Driver/Src/stm32l4xx_hal_spi.o
 .debug_info    0x000000000001152e     0x2d04 ./Drivers/STM32L4xx_HAL_Driver/Src/stm32l4xx_hal_tim.o
 .debug_info    0x0000000000014232     0x17eb ./Drivers/STM32L4xx_HAL_Driver/Src/stm32l4xx_hal_tim_ex.o

.debug_abbrev   0x0000000000000000     0x2dd7
 .debug_abbrev  0x0000000000000000      0x1f3 ./Core/Src/adc.o
 .debug_abbrev  0x00000000000001f3      0x201 ./Core/Src/can.o
 .debug_abbrev  0x00000000000003f4       0xf8 ./Core/Src/dma.o
 .debug_abbrev  0x00000000000004ec      0x146 ./Core/Src/gpio.o
 .debug_abbrev  0x0000000000000632      0x35b ./Core/Src/main.o
 .debug_abbrev  0x000000000000098d      0x1e9 ./Core/Src/spi.o
 .debug_abbrev  0x0000000000000b76       0xc2 ./Core/Src/stm32l4xx_hal_msp.o
 .debug_abbrev  0x0000000000000c38      0x1af ./Core/Src/stm32l4xx_it.o
 .debug_abbrev  0x0000000000000de7      0x116 ./Core/Src/system_stm32l4xx.o
 .debug_abbrev  0x0000000000000efd      0x266 ./Core/Src/tim.o
 .debug_abbrev  0x0000000000001163       0x12 ./Core/Startup/startup_stm32l452retx.o
 .debug_abbrev  0x0000000000001175      0x23a ./Drivers/STM32L4xx_HAL_Driver/Src/stm32l4xx_hal.o
 .debug_abbrev  0x00000000000013af      0x2b6 ./Drivers/STM32L4xx_HAL_Driver/Src/stm32l4xx_hal_adc.o
 .debug_abbrev  0x0000000000001665      0x25d ./Drivers/STM32L4xx_HAL_Driver/Src/stm32l4xx_hal_can.o
 .debug_abbrev  0x00000000000018c2      0x316 ./Drivers/STM32L4xx_HAL_Driver/Src/stm32l4xx_hal_cortex.o
 .debug_abbrev  0x0000000000001bd8      0x1d7 ./Drivers/STM32L4xx_HAL_Driver/Src/stm32l4xx_hal_dma.o
 .debug_abbrev  0x0000000000001daf      0x1bb ./Drivers/STM32L4xx_HAL_Driver/Src/stm32l4xx_hal_gpio.o
 .debug_abbrev  0x0000000000001f6a      0x1f3 ./Drivers/STM32L4xx_HAL_Driver/Src/stm32l4xx_hal_pwr_ex.o
 .debug_abbrev  0x000000000000215d      0x2bd ./Drivers/STM32L4xx_HAL_Driver/Src/stm32l4xx_hal_rcc.o
 .debug_abbrev  0x000000000000241a      0x299 ./Drivers/STM32L4xx_HAL_Driver/Src/stm32l4xx_hal_rcc_ex.o
 .debug_abbrev  0x00000000000026b3      0x254 ./Drivers/STM32L4xx_HAL_Driver/Src/stm32l4xx_hal_spi.o
 .debug_abbrev  0x0000000000002907      0x264 ./Drivers/STM32L4xx_HAL_Driver/Src/stm32l4xx_hal_tim.o
 .debug_abbrev  0x0000000000002b6b      0x26c ./Drivers/STM32L4xx_HAL_Driver/Src/stm32l4xx_hal_tim_ex.o

.debug_aranges  0x0000000000000000     0x13b0
 .debug_aranges
                0x0000000000000000       0x30 ./Core/Src/adc.o
 .debug_aranges
                0x0000000000000030       0x30 ./Core/Src/can.o
 .debug_aranges
                0x0000000000000060       0x20 ./Core/Src/dma.o
 .debug_aranges
                0x0000000000000080       0x20 ./Core/Src/gpio.o
 .debug_aranges
                0x00000000000000a0      0x118 ./Core/Src/main.o
 .debug_aranges
                0x00000000000001b8       0x30 ./Core/Src/spi.o
 .debug_aranges
                0x00000000000001e8       0x20 ./Core/Src/stm32l4xx_hal_msp.o
 .debug_aranges
                0x0000000000000208       0x88 ./Core/Src/stm32l4xx_it.o
 .debug_aranges
                0x0000000000000290       0x28 ./Core/Src/system_stm32l4xx.o
 .debug_aranges
                0x00000000000002b8       0x80 ./Core/Src/tim.o
 .debug_aranges
                0x0000000000000338       0x28 ./Core/Startup/startup_stm32l452retx.o
 .debug_aranges
                0x0000000000000360      0x130 ./Drivers/STM32L4xx_HAL_Driver/Src/stm32l4xx_hal.o
 .debug_aranges
                0x0000000000000490      0x218 ./Drivers/STM32L4xx_HAL_Driver/Src/stm32l4xx_hal_adc.o
 .debug_aranges
                0x00000000000006a8      0x138 ./Drivers/STM32L4xx_HAL_Driver/Src/stm32l4xx_hal_can.o
 .debug_aranges
                0x00000000000007e0      0x118 ./Drivers/STM32L4xx_HAL_Driver/Src/stm32l4xx_hal_cortex.o
 .debug_aranges
                0x00000000000008f8       0x80 ./Drivers/STM32L4xx_HAL_Driver/Src/stm32l4xx_hal_dma.o
 .debug_aranges
                0x0000000000000978       0x58 ./Drivers/STM32L4xx_HAL_Driver/Src/stm32l4xx_hal_gpio.o
 .debug_aranges
                0x00000000000009d0      0x128 ./Drivers/STM32L4xx_HAL_Driver/Src/stm32l4xx_hal_pwr_ex.o
 .debug_aranges
                0x0000000000000af8       0x90 ./Drivers/STM32L4xx_HAL_Driver/Src/stm32l4xx_hal_rcc.o
 .debug_aranges
                0x0000000000000b88       0xf0 ./Drivers/STM32L4xx_HAL_Driver/Src/stm32l4xx_hal_rcc_ex.o
 .debug_aranges
                0x0000000000000c78      0x1d8 ./Drivers/STM32L4xx_HAL_Driver/Src/stm32l4xx_hal_spi.o
 .debug_aranges
                0x0000000000000e50      0x3e0 ./Drivers/STM32L4xx_HAL_Driver/Src/stm32l4xx_hal_tim.o
 .debug_aranges
                0x0000000000001230      0x180 ./Drivers/STM32L4xx_HAL_Driver/Src/stm32l4xx_hal_tim_ex.o

.debug_ranges   0x0000000000000000     0x1248
 .debug_ranges  0x0000000000000000       0x20 ./Core/Src/adc.o
 .debug_ranges  0x0000000000000020       0x20 ./Core/Src/can.o
 .debug_ranges  0x0000000000000040       0x10 ./Core/Src/dma.o
 .debug_ranges  0x0000000000000050       0x10 ./Core/Src/gpio.o
 .debug_ranges  0x0000000000000060      0x108 ./Core/Src/main.o
 .debug_ranges  0x0000000000000168       0x20 ./Core/Src/spi.o
 .debug_ranges  0x0000000000000188       0x10 ./Core/Src/stm32l4xx_hal_msp.o
 .debug_ranges  0x0000000000000198       0x78 ./Core/Src/stm32l4xx_it.o
 .debug_ranges  0x0000000000000210       0x18 ./Core/Src/system_stm32l4xx.o
 .debug_ranges  0x0000000000000228       0x70 ./Core/Src/tim.o
 .debug_ranges  0x0000000000000298       0x20 ./Core/Startup/startup_stm32l452retx.o
 .debug_ranges  0x00000000000002b8      0x120 ./Drivers/STM32L4xx_HAL_Driver/Src/stm32l4xx_hal.o
 .debug_ranges  0x00000000000003d8      0x208 ./Drivers/STM32L4xx_HAL_Driver/Src/stm32l4xx_hal_adc.o
 .debug_ranges  0x00000000000005e0      0x128 ./Drivers/STM32L4xx_HAL_Driver/Src/stm32l4xx_hal_can.o
 .debug_ranges  0x0000000000000708      0x108 ./Drivers/STM32L4xx_HAL_Driver/Src/stm32l4xx_hal_cortex.o
 .debug_ranges  0x0000000000000810       0x70 ./Drivers/STM32L4xx_HAL_Driver/Src/stm32l4xx_hal_dma.o
 .debug_ranges  0x0000000000000880       0x48 ./Drivers/STM32L4xx_HAL_Driver/Src/stm32l4xx_hal_gpio.o
 .debug_ranges  0x00000000000008c8      0x118 ./Drivers/STM32L4xx_HAL_Driver/Src/stm32l4xx_hal_pwr_ex.o
 .debug_ranges  0x00000000000009e0       0x80 ./Drivers/STM32L4xx_HAL_Driver/Src/stm32l4xx_hal_rcc.o
 .debug_ranges  0x0000000000000a60       0xe0 ./Drivers/STM32L4xx_HAL_Driver/Src/stm32l4xx_hal_rcc_ex.o
 .debug_ranges  0x0000000000000b40      0x1c8 ./Drivers/STM32L4xx_HAL_Driver/Src/stm32l4xx_hal_spi.o
 .debug_ranges  0x0000000000000d08      0x3d0 ./Drivers/STM32L4xx_HAL_Driver/Src/stm32l4xx_hal_tim.o
 .debug_ranges  0x00000000000010d8      0x170 ./Drivers/STM32L4xx_HAL_Driver/Src/stm32l4xx_hal_tim_ex.o

.debug_macro    0x0000000000000000    0x24ed9
 .debug_macro   0x0000000000000000      0x220 ./Core/Src/adc.o
 .debug_macro   0x0000000000000220      0xa78 ./Core/Src/adc.o
 .debug_macro   0x0000000000000c98      0x1b9 ./Core/Src/adc.o
 .debug_macro   0x0000000000000e51       0x2e ./Core/Src/adc.o
 .debug_macro   0x0000000000000e7f       0x28 ./Core/Src/adc.o
 .debug_macro   0x0000000000000ea7       0x22 ./Core/Src/adc.o
 .debug_macro   0x0000000000000ec9       0x8e ./Core/Src/adc.o
 .debug_macro   0x0000000000000f57       0x51 ./Core/Src/adc.o
 .debug_macro   0x0000000000000fa8      0x103 ./Core/Src/adc.o
 .debug_macro   0x00000000000010ab       0x6a ./Core/Src/adc.o
 .debug_macro   0x0000000000001115      0x1df ./Core/Src/adc.o
 .debug_macro   0x00000000000012f4       0x1c ./Core/Src/adc.o
 .debug_macro   0x0000000000001310       0x22 ./Core/Src/adc.o
 .debug_macro   0x0000000000001332       0xfb ./Core/Src/adc.o
 .debug_macro   0x000000000000142d     0x1011 ./Core/Src/adc.o
 .debug_macro   0x000000000000243e      0x11f ./Core/Src/adc.o
 .debug_macro   0x000000000000255d    0x16336 ./Core/Src/adc.o
 .debug_macro   0x0000000000018893       0x6d ./Core/Src/adc.o
 .debug_macro   0x0000000000018900     0x38e6 ./Core/Src/adc.o
 .debug_macro   0x000000000001c1e6      0x174 ./Core/Src/adc.o
 .debug_macro   0x000000000001c35a       0x5c ./Core/Src/adc.o
 .debug_macro   0x000000000001c3b6     0x13fa ./Core/Src/adc.o
 .debug_macro   0x000000000001d7b0      0x646 ./Core/Src/adc.o
 .debug_macro   0x000000000001ddf6      0x1b9 ./Core/Src/adc.o
 .debug_macro   0x000000000001dfaf      0x168 ./Core/Src/adc.o
 .debug_macro   0x000000000001e117      0x26b ./Core/Src/adc.o
 .debug_macro   0x000000000001e382      0x23d ./Core/Src/adc.o
 .debug_macro   0x000000000001e5bf      0xdfb ./Core/Src/adc.o
 .debug_macro   0x000000000001f3ba      0x624 ./Core/Src/adc.o
 .debug_macro   0x000000000001f9de      0x24f ./Core/Src/adc.o
 .debug_macro   0x000000000001fc2d      0x408 ./Core/Src/adc.o
 .debug_macro   0x0000000000020035      0x241 ./Core/Src/adc.o
 .debug_macro   0x0000000000020276      0x375 ./Core/Src/adc.o
 .debug_macro   0x00000000000205eb       0xd6 ./Core/Src/adc.o
 .debug_macro   0x00000000000206c1      0x22c ./Core/Src/adc.o
 .debug_macro   0x00000000000208ed       0x61 ./Core/Src/adc.o
 .debug_macro   0x000000000002094e       0xa5 ./Core/Src/adc.o
 .debug_macro   0x00000000000209f3      0x122 ./Core/Src/adc.o
 .debug_macro   0x0000000000020b15      0x364 ./Core/Src/adc.o
 .debug_macro   0x0000000000020e79      0x2fe ./Core/Src/adc.o
 .debug_macro   0x0000000000021177      0xa91 ./Core/Src/adc.o
 .debug_macro   0x0000000000021c08      0x150 ./Core/Src/adc.o
 .debug_macro   0x0000000000021d58      0x2eb ./Core/Src/adc.o
 .debug_macro   0x0000000000022043       0xf4 ./Core/Src/adc.o
 .debug_macro   0x0000000000022137      0x220 ./Core/Src/can.o
 .debug_macro   0x0000000000022357      0x220 ./Core/Src/dma.o
 .debug_macro   0x0000000000022577      0x220 ./Core/Src/gpio.o
 .debug_macro   0x0000000000022797      0x352 ./Core/Src/main.o
 .debug_macro   0x0000000000022ae9      0x220 ./Core/Src/spi.o
 .debug_macro   0x0000000000022d09      0x216 ./Core/Src/stm32l4xx_hal_msp.o
 .debug_macro   0x0000000000022f1f      0x220 ./Core/Src/stm32l4xx_it.o
 .debug_macro   0x000000000002313f      0x207 ./Core/Src/system_stm32l4xx.o
 .debug_macro   0x0000000000023346      0x220 ./Core/Src/tim.o
 .debug_macro   0x0000000000023566      0x255 ./Drivers/STM32L4xx_HAL_Driver/Src/stm32l4xx_hal.o
 .debug_macro   0x00000000000237bb      0x224 ./Drivers/STM32L4xx_HAL_Driver/Src/stm32l4xx_hal_adc.o
 .debug_macro   0x00000000000239df      0x20f ./Drivers/STM32L4xx_HAL_Driver/Src/stm32l4xx_hal_can.o
 .debug_macro   0x0000000000023bee      0x207 ./Drivers/STM32L4xx_HAL_Driver/Src/stm32l4xx_hal_cortex.o
 .debug_macro   0x0000000000023df5      0x207 ./Drivers/STM32L4xx_HAL_Driver/Src/stm32l4xx_hal_dma.o
 .debug_macro   0x0000000000023ffc      0x20e ./Drivers/STM32L4xx_HAL_Driver/Src/stm32l4xx_hal_gpio.o
 .debug_macro   0x000000000002420a      0x22b ./Drivers/STM32L4xx_HAL_Driver/Src/stm32l4xx_hal_pwr_ex.o
 .debug_macro   0x0000000000024435      0x249 ./Drivers/STM32L4xx_HAL_Driver/Src/stm32l4xx_hal_rcc.o
 .debug_macro   0x000000000002467e      0x23d ./Drivers/STM32L4xx_HAL_Driver/Src/stm32l4xx_hal_rcc_ex.o
 .debug_macro   0x00000000000248bb      0x20f ./Drivers/STM32L4xx_HAL_Driver/Src/stm32l4xx_hal_spi.o
 .debug_macro   0x0000000000024aca      0x208 ./Drivers/STM32L4xx_HAL_Driver/Src/stm32l4xx_hal_tim.o
 .debug_macro   0x0000000000024cd2      0x207 ./Drivers/STM32L4xx_HAL_Driver/Src/stm32l4xx_hal_tim_ex.o

.debug_line     0x0000000000000000    0x1818d
 .debug_line    0x0000000000000000      0x83a ./Core/Src/adc.o
 .debug_line    0x000000000000083a      0x7b3 ./Core/Src/can.o
 .debug_line    0x0000000000000fed      0x741 ./Core/Src/dma.o
 .debug_line    0x000000000000172e      0x77e ./Core/Src/gpio.o
 .debug_line    0x0000000000001eac     0x3233 ./Core/Src/main.o
 .debug_line    0x00000000000050df      0x7c1 ./Core/Src/spi.o
 .debug_line    0x00000000000058a0      0x745 ./Core/Src/stm32l4xx_hal_msp.o
 .debug_line    0x0000000000005fe5      0x881 ./Core/Src/stm32l4xx_it.o
 .debug_line    0x0000000000006866      0x7dd ./Core/Src/system_stm32l4xx.o
 .debug_line    0x0000000000007043      0xb3e ./Core/Src/tim.o
 .debug_line    0x0000000000007b81       0x88 ./Core/Startup/startup_stm32l452retx.o
 .debug_line    0x0000000000007c09      0xb36 ./Drivers/STM32L4xx_HAL_Driver/Src/stm32l4xx_hal.o
 .debug_line    0x000000000000873f     0x1c5b ./Drivers/STM32L4xx_HAL_Driver/Src/stm32l4xx_hal_adc.o
 .debug_line    0x000000000000a39a     0x1191 ./Drivers/STM32L4xx_HAL_Driver/Src/stm32l4xx_hal_can.o
 .debug_line    0x000000000000b52b      0xcdc ./Drivers/STM32L4xx_HAL_Driver/Src/stm32l4xx_hal_cortex.o
 .debug_line    0x000000000000c207      0xd14 ./Drivers/STM32L4xx_HAL_Driver/Src/stm32l4xx_hal_dma.o
 .debug_line    0x000000000000cf1b      0xb55 ./Drivers/STM32L4xx_HAL_Driver/Src/stm32l4xx_hal_gpio.o
 .debug_line    0x000000000000da70      0xc48 ./Drivers/STM32L4xx_HAL_Driver/Src/stm32l4xx_hal_pwr_ex.o
 .debug_line    0x000000000000e6b8      0xfed ./Drivers/STM32L4xx_HAL_Driver/Src/stm32l4xx_hal_rcc.o
 .debug_line    0x000000000000f6a5     0x1426 ./Drivers/STM32L4xx_HAL_Driver/Src/stm32l4xx_hal_rcc_ex.o
 .debug_line    0x0000000000010acb     0x1f6f ./Drivers/STM32L4xx_HAL_Driver/Src/stm32l4xx_hal_spi.o
 .debug_line    0x0000000000012a3a     0x3bc1 ./Drivers/STM32L4xx_HAL_Driver/Src/stm32l4xx_hal_tim.o
 .debug_line    0x00000000000165fb     0x1b92 ./Drivers/STM32L4xx_HAL_Driver/Src/stm32l4xx_hal_tim_ex.o

.debug_str      0x0000000000000000    0xe75d1
 .debug_str     0x0000000000000000    0xe12c6 ./Core/Src/adc.o
                                      0xe185a (size before relaxing)
 .debug_str     0x00000000000e12c6      0x26e ./Core/Src/can.o
                                      0xe13b8 (size before relaxing)
 .debug_str     0x00000000000e1534      0x420 ./Core/Src/dma.o
                                      0xe149c (size before relaxing)
 .debug_str     0x00000000000e1954       0x68 ./Core/Src/gpio.o
                                      0xe10f6 (size before relaxing)
 .debug_str     0x00000000000e19bc     0x177c ./Core/Src/main.o
                                      0xe2f3f (size before relaxing)
 .debug_str     0x00000000000e3138       0x5f ./Core/Src/spi.o
                                      0xe19aa (size before relaxing)
 .debug_str     0x00000000000e3197       0x2c ./Core/Src/stm32l4xx_hal_msp.o
                                      0xe102b (size before relaxing)
 .debug_str     0x00000000000e31c3      0x155 ./Core/Src/stm32l4xx_it.o
                                      0xe1744 (size before relaxing)
 .debug_str     0x00000000000e3318       0xf2 ./Core/Src/system_stm32l4xx.o
                                      0xe0d8e (size before relaxing)
 .debug_str     0x00000000000e340a      0x389 ./Core/Src/tim.o
                                      0xe1ec5 (size before relaxing)
 .debug_str     0x00000000000e3793       0x36 ./Core/Startup/startup_stm32l452retx.o
                                         0x5f (size before relaxing)
 .debug_str     0x00000000000e37c9      0x677 ./Drivers/STM32L4xx_HAL_Driver/Src/stm32l4xx_hal.o
                                      0xe18ce (size before relaxing)
 .debug_str     0x00000000000e3e40      0xa47 ./Drivers/STM32L4xx_HAL_Driver/Src/stm32l4xx_hal_adc.o
                                      0xe1bca (size before relaxing)
 .debug_str     0x00000000000e4887      0x420 ./Drivers/STM32L4xx_HAL_Driver/Src/stm32l4xx_hal_can.o
                                      0xe1412 (size before relaxing)
 .debug_str     0x00000000000e4ca7      0x31d ./Drivers/STM32L4xx_HAL_Driver/Src/stm32l4xx_hal_cortex.o
                                      0xe152c (size before relaxing)
 .debug_str     0x00000000000e4fc4      0x205 ./Drivers/STM32L4xx_HAL_Driver/Src/stm32l4xx_hal_dma.o
                                      0xe0fee (size before relaxing)
 .debug_str     0x00000000000e51c9      0x110 ./Drivers/STM32L4xx_HAL_Driver/Src/stm32l4xx_hal_gpio.o
                                      0xe0f02 (size before relaxing)
 .debug_str     0x00000000000e52d9      0x43e ./Drivers/STM32L4xx_HAL_Driver/Src/stm32l4xx_hal_pwr_ex.o
                                      0xe122f (size before relaxing)
 .debug_str     0x00000000000e5717      0x345 ./Drivers/STM32L4xx_HAL_Driver/Src/stm32l4xx_hal_rcc.o
                                      0xe138e (size before relaxing)
 .debug_str     0x00000000000e5a5c      0x540 ./Drivers/STM32L4xx_HAL_Driver/Src/stm32l4xx_hal_rcc_ex.o
                                      0xe1652 (size before relaxing)
 .debug_str     0x00000000000e5f9c      0x54c ./Drivers/STM32L4xx_HAL_Driver/Src/stm32l4xx_hal_spi.o
                                      0xe15a5 (size before relaxing)
 .debug_str     0x00000000000e64e8      0xc44 ./Drivers/STM32L4xx_HAL_Driver/Src/stm32l4xx_hal_tim.o
                                      0xe20b4 (size before relaxing)
 .debug_str     0x00000000000e712c      0x4a5 ./Drivers/STM32L4xx_HAL_Driver/Src/stm32l4xx_hal_tim_ex.o
                                      0xe19d8 (size before relaxing)

.comment        0x0000000000000000       0x50
 .comment       0x0000000000000000       0x50 ./Core/Src/adc.o
                                         0x51 (size before relaxing)
 .comment       0x0000000000000050       0x51 ./Core/Src/can.o
 .comment       0x0000000000000050       0x51 ./Core/Src/dma.o
 .comment       0x0000000000000050       0x51 ./Core/Src/gpio.o
 .comment       0x0000000000000050       0x51 ./Core/Src/main.o
 .comment       0x0000000000000050       0x51 ./Core/Src/spi.o
 .comment       0x0000000000000050       0x51 ./Core/Src/stm32l4xx_hal_msp.o
 .comment       0x0000000000000050       0x51 ./Core/Src/stm32l4xx_it.o
 .comment       0x0000000000000050       0x51 ./Core/Src/system_stm32l4xx.o
 .comment       0x0000000000000050       0x51 ./Core/Src/tim.o
 .comment       0x0000000000000050       0x51 ./Drivers/STM32L4xx_HAL_Driver/Src/stm32l4xx_hal.o
 .comment       0x0000000000000050       0x51 ./Drivers/STM32L4xx_HAL_Driver/Src/stm32l4xx_hal_adc.o
 .comment       0x0000000000000050       0x51 ./Drivers/STM32L4xx_HAL_Driver/Src/stm32l4xx_hal_can.o
 .comment       0x0000000000000050       0x51 ./Drivers/STM32L4xx_HAL_Driver/Src/stm32l4xx_hal_cortex.o
 .comment       0x0000000000000050       0x51 ./Drivers/STM32L4xx_HAL_Driver/Src/stm32l4xx_hal_dma.o
 .comment       0x0000000000000050       0x51 ./Drivers/STM32L4xx_HAL_Driver/Src/stm32l4xx_hal_gpio.o
 .comment       0x0000000000000050       0x51 ./Drivers/STM32L4xx_HAL_Driver/Src/stm32l4xx_hal_pwr_ex.o
 .comment       0x0000000000000050       0x51 ./Drivers/STM32L4xx_HAL_Driver/Src/stm32l4xx_hal_rcc.o
 .comment       0x0000000000000050       0x51 ./Drivers/STM32L4xx_HAL_Driver/Src/stm32l4xx_hal_rcc_ex.o
 .comment       0x0000000000000050       0x51 ./Drivers/STM32L4xx_HAL_Driver/Src/stm32l4xx_hal_spi.o
 .comment       0x0000000000000050       0x51 ./Drivers/STM32L4xx_HAL_Driver/Src/stm32l4xx_hal_tim.o
 .comment       0x0000000000000050       0x51 ./Drivers/STM32L4xx_HAL_Driver/Src/stm32l4xx_hal_tim_ex.o

.debug_frame    0x0000000000000000     0x53a8
 .debug_frame   0x0000000000000000       0x80 ./Core/Src/adc.o
 .debug_frame   0x0000000000000080       0x74 ./Core/Src/can.o
 .debug_frame   0x00000000000000f4       0x34 ./Core/Src/dma.o
 .debug_frame   0x0000000000000128       0x34 ./Core/Src/gpio.o
 .debug_frame   0x000000000000015c      0x4b4 ./Core/Src/main.o
 .debug_frame   0x0000000000000610       0x74 ./Core/Src/spi.o
 .debug_frame   0x0000000000000684       0x38 ./Core/Src/stm32l4xx_hal_msp.o
 .debug_frame   0x00000000000006bc      0x190 ./Core/Src/stm32l4xx_it.o
 .debug_frame   0x000000000000084c       0x58 ./Core/Src/system_stm32l4xx.o
 .debug_frame   0x00000000000008a4      0x1e4 ./Core/Src/tim.o
 .debug_frame   0x0000000000000a88      0x498 ./Drivers/STM32L4xx_HAL_Driver/Src/stm32l4xx_hal.o
 .debug_frame   0x0000000000000f20      0x9d8 ./Drivers/STM32L4xx_HAL_Driver/Src/stm32l4xx_hal_adc.o
 .debug_frame   0x00000000000018f8      0x5a0 ./Drivers/STM32L4xx_HAL_Driver/Src/stm32l4xx_hal_can.o
 .debug_frame   0x0000000000001e98      0x498 ./Drivers/STM32L4xx_HAL_Driver/Src/stm32l4xx_hal_cortex.o
 .debug_frame   0x0000000000002330      0x204 ./Drivers/STM32L4xx_HAL_Driver/Src/stm32l4xx_hal_dma.o
 .debug_frame   0x0000000000002534      0x14c ./Drivers/STM32L4xx_HAL_Driver/Src/stm32l4xx_hal_gpio.o
 .debug_frame   0x0000000000002680      0x4a4 ./Drivers/STM32L4xx_HAL_Driver/Src/stm32l4xx_hal_pwr_ex.o
 .debug_frame   0x0000000000002b24      0x21c ./Drivers/STM32L4xx_HAL_Driver/Src/stm32l4xx_hal_rcc.o
 .debug_frame   0x0000000000002d40      0x3d0 ./Drivers/STM32L4xx_HAL_Driver/Src/stm32l4xx_hal_rcc_ex.o
 .debug_frame   0x0000000000003110      0x860 ./Drivers/STM32L4xx_HAL_Driver/Src/stm32l4xx_hal_spi.o
 .debug_frame   0x0000000000003970     0x121c ./Drivers/STM32L4xx_HAL_Driver/Src/stm32l4xx_hal_tim.o
 .debug_frame   0x0000000000004b8c      0x6b0 ./Drivers/STM32L4xx_HAL_Driver/Src/stm32l4xx_hal_tim_ex.o
 .debug_frame   0x000000000000523c       0x2c c:/st/stm32cubeide_1.7.0/stm32cubeide/plugins/com.st.stm32cube.ide.mcu.externaltools.gnu-tools-for-stm32.10.3-2021.10.win32_1.0.0.202111181127/tools/bin/../lib/gcc/arm-none-eabi/10.3.1/../../../../arm-none-eabi/lib/thumb/v7e-m+fp/hard\libc_nano.a(lib_a-init.o)
 .debug_frame   0x0000000000005268       0x20 c:/st/stm32cubeide_1.7.0/stm32cubeide/plugins/com.st.stm32cube.ide.mcu.externaltools.gnu-tools-for-stm32.10.3-2021.10.win32_1.0.0.202111181127/tools/bin/../lib/gcc/arm-none-eabi/10.3.1/../../../../arm-none-eabi/lib/thumb/v7e-m+fp/hard\libc_nano.a(lib_a-memset.o)
 .debug_frame   0x0000000000005288       0xac c:/st/stm32cubeide_1.7.0/stm32cubeide/plugins/com.st.stm32cube.ide.mcu.externaltools.gnu-tools-for-stm32.10.3-2021.10.win32_1.0.0.202111181127/tools/bin/../lib/gcc/arm-none-eabi/10.3.1/thumb/v7e-m+fp/hard\libgcc.a(_arm_addsubdf3.o)
 .debug_frame   0x0000000000005334       0x50 c:/st/stm32cubeide_1.7.0/stm32cubeide/plugins/com.st.stm32cube.ide.mcu.externaltools.gnu-tools-for-stm32.10.3-2021.10.win32_1.0.0.202111181127/tools/bin/../lib/gcc/arm-none-eabi/10.3.1/thumb/v7e-m+fp/hard\libgcc.a(_arm_muldivdf3.o)
 .debug_frame   0x0000000000005384       0x24 c:/st/stm32cubeide_1.7.0/stm32cubeide/plugins/com.st.stm32cube.ide.mcu.externaltools.gnu-tools-for-stm32.10.3-2021.10.win32_1.0.0.202111181127/tools/bin/../lib/gcc/arm-none-eabi/10.3.1/thumb/v7e-m+fp/hard\libgcc.a(_arm_fixunsdfsi.o)